main.c:116:5:main	8	static
main.c:205:6:SystemClock_Config	88	static
main.c:251:13:MX_RTC_Init	8	static
main.c:281:13:MX_SPI1_Init	8	static
main.c:319:13:MX_TIM1_Init	32	static
main.c:363:13:MX_DMA_Init	16	static
main.c:384:13:MX_GPIO_Init	40	static
main.c:462:6:Reset	8	static
main.c:468:6:Oversampling	8	static
main.c:475:6:Range	4	static
main.c:480:6:Converst	8	static
main.c:486:7:Read	32	static
main.c:563:6:HAL_GPIO_EXTI_Callback	16	static
main.c:572:6:vAFunction	16	static
main.c:604:6:StartEnviaTask	40	static
main.c:658:6:StartAquisitaTask	16	static
main.c:682:6:HAL_TIM_PeriodElapsedCallback	16	static
main.c:705:6:Error_Handler	4	static
