Archive member included to satisfy reference by file (symbol)

c:/st/stm32cubeide_1.3.0/stm32cubeide/plugins/com.st.stm32cube.ide.mcu.externaltools.gnu-tools-for-stm32.7-2018-q2-update.win32_1.0.0.201904181610/tools/bin/../lib/gcc/arm-none-eabi/7.3.1/../../../../arm-none-eabi/lib/thumb/v7-m\libc_nano.a(lib_a-errno.o)
                              Core/Src/syscalls.o (__errno)
c:/st/stm32cubeide_1.3.0/stm32cubeide/plugins/com.st.stm32cube.ide.mcu.externaltools.gnu-tools-for-stm32.7-2018-q2-update.win32_1.0.0.201904181610/tools/bin/../lib/gcc/arm-none-eabi/7.3.1/../../../../arm-none-eabi/lib/thumb/v7-m\libc_nano.a(lib_a-exit.o)
                              c:/st/stm32cubeide_1.3.0/stm32cubeide/plugins/com.st.stm32cube.ide.mcu.externaltools.gnu-tools-for-stm32.7-2018-q2-update.win32_1.0.0.201904181610/tools/bin/../lib/gcc/arm-none-eabi/7.3.1/../../../../arm-none-eabi/lib/thumb/v7-m/crt0.o (exit)
c:/st/stm32cubeide_1.3.0/stm32cubeide/plugins/com.st.stm32cube.ide.mcu.externaltools.gnu-tools-for-stm32.7-2018-q2-update.win32_1.0.0.201904181610/tools/bin/../lib/gcc/arm-none-eabi/7.3.1/../../../../arm-none-eabi/lib/thumb/v7-m\libc_nano.a(lib_a-impure.o)
                              c:/st/stm32cubeide_1.3.0/stm32cubeide/plugins/com.st.stm32cube.ide.mcu.externaltools.gnu-tools-for-stm32.7-2018-q2-update.win32_1.0.0.201904181610/tools/bin/../lib/gcc/arm-none-eabi/7.3.1/../../../../arm-none-eabi/lib/thumb/v7-m\libc_nano.a(lib_a-exit.o) (_global_impure_ptr)
c:/st/stm32cubeide_1.3.0/stm32cubeide/plugins/com.st.stm32cube.ide.mcu.externaltools.gnu-tools-for-stm32.7-2018-q2-update.win32_1.0.0.201904181610/tools/bin/../lib/gcc/arm-none-eabi/7.3.1/../../../../arm-none-eabi/lib/thumb/v7-m\libc_nano.a(lib_a-init.o)
                              c:/st/stm32cubeide_1.3.0/stm32cubeide/plugins/com.st.stm32cube.ide.mcu.externaltools.gnu-tools-for-stm32.7-2018-q2-update.win32_1.0.0.201904181610/tools/bin/../lib/gcc/arm-none-eabi/7.3.1/../../../../arm-none-eabi/lib/thumb/v7-m/crt0.o (__libc_init_array)
c:/st/stm32cubeide_1.3.0/stm32cubeide/plugins/com.st.stm32cube.ide.mcu.externaltools.gnu-tools-for-stm32.7-2018-q2-update.win32_1.0.0.201904181610/tools/bin/../lib/gcc/arm-none-eabi/7.3.1/../../../../arm-none-eabi/lib/thumb/v7-m\libc_nano.a(lib_a-memcpy-stub.o)
                              Middlewares/Third_Party/FreeRTOS/Source/CMSIS_RTOS_V2/cmsis_os2.o (memcpy)
c:/st/stm32cubeide_1.3.0/stm32cubeide/plugins/com.st.stm32cube.ide.mcu.externaltools.gnu-tools-for-stm32.7-2018-q2-update.win32_1.0.0.201904181610/tools/bin/../lib/gcc/arm-none-eabi/7.3.1/../../../../arm-none-eabi/lib/thumb/v7-m\libc_nano.a(lib_a-memset.o)
                              c:/st/stm32cubeide_1.3.0/stm32cubeide/plugins/com.st.stm32cube.ide.mcu.externaltools.gnu-tools-for-stm32.7-2018-q2-update.win32_1.0.0.201904181610/tools/bin/../lib/gcc/arm-none-eabi/7.3.1/../../../../arm-none-eabi/lib/thumb/v7-m/crt0.o (memset)

Allocating common symbols
Common symbol       size              file

xStreamBuffer       0x4               Core/Src/main.o
enviaTaskHandle     0x4               Core/Src/main.o
uwTick              0x4               Drivers/STM32F1xx_HAL_Driver/Src/stm32f1xx_hal.o
xQueueRegistry      0x40              Middlewares/Third_Party/FreeRTOS/Source/queue.o
pFlash              0x20              Drivers/STM32F1xx_HAL_Driver/Src/stm32f1xx_hal_flash.o
habENVHandle        0x4               Core/Src/main.o
aquisitaTaskHandle  0x4               Core/Src/main.o
hrtc                0x14              Core/Src/main.o
zStreamBuffer       0x4               Core/Src/main.o
htim1               0x40              Core/Src/main.o
hspi1               0x58              Core/Src/main.o
htim2               0x40              Core/Src/stm32f1xx_hal_timebase_tim.o
habAQHandle         0x4               Core/Src/main.o
hdma_spi1_rx        0x44              Core/Src/main.o
hdma_spi1_tx        0x44              Core/Src/main.o

Discarded input sections

 .text          0x0000000000000000        0x0 c:/st/stm32cubeide_1.3.0/stm32cubeide/plugins/com.st.stm32cube.ide.mcu.externaltools.gnu-tools-for-stm32.7-2018-q2-update.win32_1.0.0.201904181610/tools/bin/../lib/gcc/arm-none-eabi/7.3.1/thumb/v7-m/crti.o
 .data          0x0000000000000000        0x0 c:/st/stm32cubeide_1.3.0/stm32cubeide/plugins/com.st.stm32cube.ide.mcu.externaltools.gnu-tools-for-stm32.7-2018-q2-update.win32_1.0.0.201904181610/tools/bin/../lib/gcc/arm-none-eabi/7.3.1/thumb/v7-m/crti.o
 .bss           0x0000000000000000        0x0 c:/st/stm32cubeide_1.3.0/stm32cubeide/plugins/com.st.stm32cube.ide.mcu.externaltools.gnu-tools-for-stm32.7-2018-q2-update.win32_1.0.0.201904181610/tools/bin/../lib/gcc/arm-none-eabi/7.3.1/thumb/v7-m/crti.o
 .data          0x0000000000000000        0x4 c:/st/stm32cubeide_1.3.0/stm32cubeide/plugins/com.st.stm32cube.ide.mcu.externaltools.gnu-tools-for-stm32.7-2018-q2-update.win32_1.0.0.201904181610/tools/bin/../lib/gcc/arm-none-eabi/7.3.1/thumb/v7-m/crtbegin.o
[...]
Memory Configuration

Name             Origin             Length             Attributes
RAM              0x0000000020000000 0x0000000000005000 xrw
FLASH            0x0000000008000000 0x0000000000010000 xr
*default*        0x0000000000000000 0xffffffffffffffff

Linker script and memory map

LOAD c:/st/stm32cubeide_1.3.0/stm32cubeide/plugins/com.st.stm32cube.ide.mcu.externaltools.gnu-tools-for-stm32.7-2018-q2-update.win32_1.0.0.201904181610/tools/bin/../lib/gcc/arm-none-eabi/7.3.1/thumb/v7-m/crti.o
LOAD c:/st/stm32cubeide_1.3.0/stm32cubeide/plugins/com.st.stm32cube.ide.mcu.externaltools.gnu-tools-for-stm32.7-2018-q2-update.win32_1.0.0.201904181610/tools/bin/../lib/gcc/arm-none-eabi/7.3.1/thumb/v7-m/crtbegin.o
LOAD c:/st/stm32cubeide_1.3.0/stm32cubeide/plugins/com.st.stm32cube.ide.mcu.externaltools.gnu-tools-for-stm32.7-2018-q2-update.win32_1.0.0.201904181610/tools/bin/../lib/gcc/arm-none-eabi/7.3.1/../../../../arm-none-eabi/lib/thumb/v7-m/crt0.o
LOAD Core/Src/freertos.o
LOAD Core/Src/main.o
LOAD Core/Src/stm32f1xx_hal_msp.o
LOAD Core/Src/stm32f1xx_hal_timebase_tim.o
LOAD Core/Src/stm32f1xx_it.o
LOAD Core/Src/syscalls.o
LOAD Core/Src/sysmem.o
LOAD Core/Src/system_stm32f1xx.o
LOAD Core/Startup/startup_stm32f103c8tx.o
LOAD Drivers/STM32F1xx_HAL_Driver/Src/stm32f1xx_hal.o
LOAD Drivers/STM32F1xx_HAL_Driver/Src/stm32f1xx_hal_cortex.o
LOAD Drivers/STM32F1xx_HAL_Driver/Src/stm32f1xx_hal_dma.o
LOAD Drivers/STM32F1xx_HAL_Driver/Src/stm32f1xx_hal_exti.o
LOAD Drivers/STM32F1xx_HAL_Driver/Src/stm32f1xx_hal_flash.o
LOAD Drivers/STM32F1xx_HAL_Driver/Src/stm32f1xx_hal_flash_ex.o
LOAD Drivers/STM32F1xx_HAL_Driver/Src/stm32f1xx_hal_gpio.o
LOAD Drivers/STM32F1xx_HAL_Driver/Src/stm32f1xx_hal_gpio_ex.o
LOAD Drivers/STM32F1xx_HAL_Driver/Src/stm32f1xx_hal_pwr.o
LOAD Drivers/STM32F1xx_HAL_Driver/Src/stm32f1xx_hal_rcc.o
LOAD Drivers/STM32F1xx_HAL_Driver/Src/stm32f1xx_hal_rcc_ex.o
LOAD Drivers/STM32F1xx_HAL_Driver/Src/stm32f1xx_hal_rtc.o
LOAD Drivers/STM32F1xx_HAL_Driver/Src/stm32f1xx_hal_rtc_ex.o
LOAD Drivers/STM32F1xx_HAL_Driver/Src/stm32f1xx_hal_spi.o
LOAD Drivers/STM32F1xx_HAL_Driver/Src/stm32f1xx_hal_tim.o
LOAD Drivers/STM32F1xx_HAL_Driver/Src/stm32f1xx_hal_tim_ex.o
LOAD Middlewares/Third_Party/FreeRTOS/Source/CMSIS_RTOS_V2/cmsis_os2.o
LOAD Middlewares/Third_Party/FreeRTOS/Source/croutine.o
LOAD Middlewares/Third_Party/FreeRTOS/Source/event_groups.o
LOAD Middlewares/Third_Party/FreeRTOS/Source/list.o
LOAD Middlewares/Third_Party/FreeRTOS/Source/queue.o
LOAD Middlewares/Third_Party/FreeRTOS/Source/stream_buffer.o
LOAD Middlewares/Third_Party/FreeRTOS/Source/tasks.o
LOAD Middlewares/Third_Party/FreeRTOS/Source/timers.o
LOAD Middlewares/Third_Party/FreeRTOS/Source/portable/GCC/ARM_CM3/port.o
LOAD Middlewares/Third_Party/FreeRTOS/Source/portable/MemMang/heap_5.o
START GROUP
LOAD c:/st/stm32cubeide_1.3.0/stm32cubeide/plugins/com.st.stm32cube.ide.mcu.externaltools.gnu-tools-for-stm32.7-2018-q2-update.win32_1.0.0.201904181610/tools/bin/../lib/gcc/arm-none-eabi/7.3.1/../../../../arm-none-eabi/lib/thumb/v7-m\libc_nano.a
LOAD c:/st/stm32cubeide_1.3.0/stm32cubeide/plugins/com.st.stm32cube.ide.mcu.externaltools.gnu-tools-for-stm32.7-2018-q2-update.win32_1.0.0.201904181610/tools/bin/../lib/gcc/arm-none-eabi/7.3.1/../../../../arm-none-eabi/lib/thumb/v7-m\libm.a
END GROUP
START GROUP
LOAD c:/st/stm32cubeide_1.3.0/stm32cubeide/plugins/com.st.stm32cube.ide.mcu.externaltools.gnu-tools-for-stm32.7-2018-q2-update.win32_1.0.0.201904181610/tools/bin/../lib/gcc/arm-none-eabi/7.3.1/thumb/v7-m\libgcc.a
LOAD c:/st/stm32cubeide_1.3.0/stm32cubeide/plugins/com.st.stm32cube.ide.mcu.externaltools.gnu-tools-for-stm32.7-2018-q2-update.win32_1.0.0.201904181610/tools/bin/../lib/gcc/arm-none-eabi/7.3.1/../../../../arm-none-eabi/lib/thumb/v7-m\libc_nano.a
END GROUP
START GROUP
LOAD c:/st/stm32cubeide_1.3.0/stm32cubeide/plugins/com.st.stm32cube.ide.mcu.externaltools.gnu-tools-for-stm32.7-2018-q2-update.win32_1.0.0.201904181610/tools/bin/../lib/gcc/arm-none-eabi/7.3.1/thumb/v7-m\libgcc.a
LOAD c:/st/stm32cubeide_1.3.0/stm32cubeide/plugins/com.st.stm32cube.ide.mcu.externaltools.gnu-tools-for-stm32.7-2018-q2-update.win32_1.0.0.201904181610/tools/bin/../lib/gcc/arm-none-eabi/7.3.1/../../../../arm-none-eabi/lib/thumb/v7-m\libc_nano.a
LOAD c:/st/stm32cubeide_1.3.0/stm32cubeide/plugins/com.st.stm32cube.ide.mcu.externaltools.gnu-tools-for-stm32.7-2018-q2-update.win32_1.0.0.201904181610/tools/bin/../lib/gcc/arm-none-eabi/7.3.1/../../../../arm-none-eabi/lib/thumb/v7-m\libnosys.a
END GROUP
START GROUP
LOAD c:/st/stm32cubeide_1.3.0/stm32cubeide/plugins/com.st.stm32cube.ide.mcu.externaltools.gnu-tools-for-stm32.7-2018-q2-update.win32_1.0.0.201904181610/tools/bin/../lib/gcc/arm-none-eabi/7.3.1/thumb/v7-m\libgcc.a
LOAD c:/st/stm32cubeide_1.3.0/stm32cubeide/plugins/com.st.stm32cube.ide.mcu.externaltools.gnu-tools-for-stm32.7-2018-q2-update.win32_1.0.0.201904181610/tools/bin/../lib/gcc/arm-none-eabi/7.3.1/../../../../arm-none-eabi/lib/thumb/v7-m\libc_nano.a
LOAD c:/st/stm32cubeide_1.3.0/stm32cubeide/plugins/com.st.stm32cube.ide.mcu.externaltools.gnu-tools-for-stm32.7-2018-q2-update.win32_1.0.0.201904181610/tools/bin/../lib/gcc/arm-none-eabi/7.3.1/../../../../arm-none-eabi/lib/thumb/v7-m\libnosys.a
END GROUP
LOAD c:/st/stm32cubeide_1.3.0/stm32cubeide/plugins/com.st.stm32cube.ide.mcu.externaltools.gnu-tools-for-stm32.7-2018-q2-update.win32_1.0.0.201904181610/tools/bin/../lib/gcc/arm-none-eabi/7.3.1/thumb/v7-m/crtend.o
LOAD c:/st/stm32cubeide_1.3.0/stm32cubeide/plugins/com.st.stm32cube.ide.mcu.externaltools.gnu-tools-for-stm32.7-2018-q2-update.win32_1.0.0.201904181610/tools/bin/../lib/gcc/arm-none-eabi/7.3.1/thumb/v7-m/crtn.o
                0x0000000020005000                _estack = (ORIGIN (RAM) + LENGTH (RAM))
                0x0000000000000200                _Min_Heap_Size = 0x200
                0x0000000000000400                _Min_Stack_Size = 0x400

.isr_vector     0x0000000008000000      0x10c
                0x0000000008000000                . = ALIGN (0x4)
 *(.isr_vector)
 .isr_vector    0x0000000008000000      0x10c Core/Startup/startup_stm32f103c8tx.o
                0x0000000008000000                g_pfnVectors
                0x000000000800010c                . = ALIGN (0x4)

.text           0x0000000008000110     0x7180
                0x0000000008000110                . = ALIGN (0x4)
 *(.text)
 .text          0x0000000008000110       0x40 c:/st/stm32cubeide_1.3.0/stm32cubeide/plugins/com.st.stm32cube.ide.mcu.externaltools.gnu-tools-for-stm32.7-2018-q2-update.win32_1.0.0.201904181610/tools/bin/../lib/gcc/arm-none-eabi/7.3.1/thumb/v7-m/crtbegin.o
 *(.text*)
 .text.configureTimerForRunTimeStats
                0x0000000008000150        0xc Core/Src/freertos.o
                0x0000000008000150                configureTimerForRunTimeStats
 .text.getRunTimeCounterValue
                0x000000000800015c        0xe Core/Src/freertos.o
                0x000000000800015c                getRunTimeCounterValue
 *fill*         0x000000000800016a        0x2 
 .text.main     0x000000000800016c       0x9c Core/Src/main.o
                0x000000000800016c                main
 .text.SystemClock_Config
                0x0000000008000208       0xba Core/Src/main.o
                0x0000000008000208                SystemClock_Config
 *fill*         0x00000000080002c2        0x2 
 .text.MX_RTC_Init
                0x00000000080002c4       0x34 Core/Src/main.o
 .text.MX_SPI1_Init
                0x00000000080002f8       0x68 Core/Src/main.o
 .text.MX_TIM1_Init
                0x0000000008000360       0xa0 Core/Src/main.o
 .text.MX_DMA_Init
                0x0000000008000400       0x4c Core/Src/main.o
 .text.MX_GPIO_Init
                0x000000000800044c      0x184 Core/Src/main.o
 .text.Converst
                0x00000000080005d0       0x20 Core/Src/main.o
                0x00000000080005d0                Converst
 .text.Read     0x00000000080005f0      0x16c Core/Src/main.o
                0x00000000080005f0                Read
 .text.HAL_GPIO_EXTI_Callback
                0x000000000800075c       0x28 Core/Src/main.o
                0x000000000800075c                HAL_GPIO_EXTI_Callback
 .text.vAFunction
                0x0000000008000784       0x44 Core/Src/main.o
                0x0000000008000784                vAFunction
 .text.StartEnviaTask
                0x00000000080007c8      0x104 Core/Src/main.o
                0x00000000080007c8                StartEnviaTask
 .text.StartAquisitaTask
                0x00000000080008cc       0x2c Core/Src/main.o
                0x00000000080008cc                StartAquisitaTask
 .text.HAL_TIM_PeriodElapsedCallback
                0x00000000080008f8       0x30 Core/Src/main.o
                0x00000000080008f8                HAL_TIM_PeriodElapsedCallback
 .text.Error_Handler
                0x0000000008000928        0xc Core/Src/main.o
                0x0000000008000928                Error_Handler
 .text.HAL_MspInit
                0x0000000008000934       0x70 Core/Src/stm32f1xx_hal_msp.o
                0x0000000008000934                HAL_MspInit
 .text.HAL_RTC_MspInit
                0x00000000080009a4       0x48 Core/Src/stm32f1xx_hal_msp.o
                0x00000000080009a4                HAL_RTC_MspInit
 .text.HAL_SPI_MspInit
                0x00000000080009ec      0x154 Core/Src/stm32f1xx_hal_msp.o
                0x00000000080009ec                HAL_SPI_MspInit
 .text.HAL_TIM_Base_MspInit
                0x0000000008000b40       0x4c Core/Src/stm32f1xx_hal_msp.o
                0x0000000008000b40                HAL_TIM_Base_MspInit
 .text.HAL_InitTick
                0x0000000008000b8c       0xb0 Core/Src/stm32f1xx_hal_timebase_tim.o
                0x0000000008000b8c                HAL_InitTick
 .text.NMI_Handler
                0x0000000008000c3c        0xc Core/Src/stm32f1xx_it.o
                0x0000000008000c3c                NMI_Handler
 .text.HardFault_Handler
                0x0000000008000c48        0x6 Core/Src/stm32f1xx_it.o
                0x0000000008000c48                HardFault_Handler
 .text.MemManage_Handler
                0x0000000008000c4e        0x6 Core/Src/stm32f1xx_it.o
                0x0000000008000c4e                MemManage_Handler
 .text.BusFault_Handler
                0x0000000008000c54        0x6 Core/Src/stm32f1xx_it.o
                0x0000000008000c54                BusFault_Handler
 .text.UsageFault_Handler
                0x0000000008000c5a        0x6 Core/Src/stm32f1xx_it.o
                0x0000000008000c5a                UsageFault_Handler
 .text.DebugMon_Handler
                0x0000000008000c60        0xc Core/Src/stm32f1xx_it.o
                0x0000000008000c60                DebugMon_Handler
 .text.EXTI3_IRQHandler
                0x0000000008000c6c        0xe Core/Src/stm32f1xx_it.o
                0x0000000008000c6c                EXTI3_IRQHandler
 *fill*         0x0000000008000c7a        0x2 
 .text.DMA1_Channel2_IRQHandler
                0x0000000008000c7c       0x14 Core/Src/stm32f1xx_it.o
                0x0000000008000c7c                DMA1_Channel2_IRQHandler
 .text.DMA1_Channel3_IRQHandler
                0x0000000008000c90       0x14 Core/Src/stm32f1xx_it.o
                0x0000000008000c90                DMA1_Channel3_IRQHandler
 .text.TIM1_BRK_IRQHandler
                0x0000000008000ca4       0x14 Core/Src/stm32f1xx_it.o
                0x0000000008000ca4                TIM1_BRK_IRQHandler
 .text.TIM2_IRQHandler
                0x0000000008000cb8       0x14 Core/Src/stm32f1xx_it.o
                0x0000000008000cb8                TIM2_IRQHandler
 .text.SPI1_IRQHandler
                0x0000000008000ccc       0x14 Core/Src/stm32f1xx_it.o
                0x0000000008000ccc                SPI1_IRQHandler
 .text.SystemInit
                0x0000000008000ce0       0x68 Core/Src/system_stm32f1xx.o
                0x0000000008000ce0                SystemInit
 .text.Reset_Handler
                0x0000000008000d48       0x48 Core/Startup/startup_stm32f103c8tx.o
                0x0000000008000d48                Reset_Handler
 .text.Default_Handler
                0x0000000008000d90        0x2 Core/Startup/startup_stm32f103c8tx.o
                0x0000000008000d90                RTC_Alarm_IRQHandler
                0x0000000008000d90                EXTI2_IRQHandler
                0x0000000008000d90                TIM1_CC_IRQHandler
                0x0000000008000d90                PVD_IRQHandler
                0x0000000008000d90                EXTI0_IRQHandler
                0x0000000008000d90                I2C2_EV_IRQHandler
                0x0000000008000d90                ADC1_2_IRQHandler
                0x0000000008000d90                TAMPER_IRQHandler
                0x0000000008000d90                DMA1_Channel4_IRQHandler
                0x0000000008000d90                USART3_IRQHandler
                0x0000000008000d90                RTC_IRQHandler
                0x0000000008000d90                DMA1_Channel7_IRQHandler
                0x0000000008000d90                CAN1_RX1_IRQHandler
                0x0000000008000d90                TIM4_IRQHandler
                0x0000000008000d90                I2C1_EV_IRQHandler
                0x0000000008000d90                DMA1_Channel6_IRQHandler
                0x0000000008000d90                TIM3_IRQHandler
                0x0000000008000d90                RCC_IRQHandler
                0x0000000008000d90                TIM1_TRG_COM_IRQHandler
                0x0000000008000d90                DMA1_Channel1_IRQHandler
                0x0000000008000d90                Default_Handler
                0x0000000008000d90                EXTI15_10_IRQHandler
                0x0000000008000d90                EXTI9_5_IRQHandler
                0x0000000008000d90                SPI2_IRQHandler
                0x0000000008000d90                DMA1_Channel5_IRQHandler
                0x0000000008000d90                EXTI4_IRQHandler
                0x0000000008000d90                USB_LP_CAN1_RX0_IRQHandler
                0x0000000008000d90                USB_HP_CAN1_TX_IRQHandler
                0x0000000008000d90                TIM1_UP_IRQHandler
                0x0000000008000d90                WWDG_IRQHandler
                0x0000000008000d90                EXTI1_IRQHandler
                0x0000000008000d90                USART2_IRQHandler
                0x0000000008000d90                I2C2_ER_IRQHandler
                0x0000000008000d90                CAN1_SCE_IRQHandler
                0x0000000008000d90                FLASH_IRQHandler
                0x0000000008000d90                USART1_IRQHandler
                0x0000000008000d90                I2C1_ER_IRQHandler
                0x0000000008000d90                USBWakeUp_IRQHandler
 *fill*         0x0000000008000d92        0x2 
 .text.HAL_Init
                0x0000000008000d94       0x2c Drivers/STM32F1xx_HAL_Driver/Src/stm32f1xx_hal.o
                0x0000000008000d94                HAL_Init
 .text.HAL_IncTick
                0x0000000008000dc0       0x24 Drivers/STM32F1xx_HAL_Driver/Src/stm32f1xx_hal.o
                0x0000000008000dc0                HAL_IncTick
 .text.HAL_GetTick
                0x0000000008000de4       0x14 Drivers/STM32F1xx_HAL_Driver/Src/stm32f1xx_hal.o
                0x0000000008000de4                HAL_GetTick
 .text.__NVIC_SetPriorityGrouping
                0x0000000008000df8       0x48 Drivers/STM32F1xx_HAL_Driver/Src/stm32f1xx_hal_cortex.o
 .text.__NVIC_GetPriorityGrouping
                0x0000000008000e40       0x1c Drivers/STM32F1xx_HAL_Driver/Src/stm32f1xx_hal_cortex.o
 .text.__NVIC_EnableIRQ
                0x0000000008000e5c       0x38 Drivers/STM32F1xx_HAL_Driver/Src/stm32f1xx_hal_cortex.o
 .text.__NVIC_SetPriority
                0x0000000008000e94       0x54 Drivers/STM32F1xx_HAL_Driver/Src/stm32f1xx_hal_cortex.o
 .text.NVIC_EncodePriority
                0x0000000008000ee8       0x64 Drivers/STM32F1xx_HAL_Driver/Src/stm32f1xx_hal_cortex.o
 .text.HAL_NVIC_SetPriorityGrouping
                0x0000000008000f4c       0x16 Drivers/STM32F1xx_HAL_Driver/Src/stm32f1xx_hal_cortex.o
                0x0000000008000f4c                HAL_NVIC_SetPriorityGrouping
 .text.HAL_NVIC_SetPriority
                0x0000000008000f62       0x38 Drivers/STM32F1xx_HAL_Driver/Src/stm32f1xx_hal_cortex.o
                0x0000000008000f62                HAL_NVIC_SetPriority
 .text.HAL_NVIC_EnableIRQ
                0x0000000008000f9a       0x1c Drivers/STM32F1xx_HAL_Driver/Src/stm32f1xx_hal_cortex.o
                0x0000000008000f9a                HAL_NVIC_EnableIRQ
 *fill*         0x0000000008000fb6        0x2 
 .text.HAL_DMA_Init
                0x0000000008000fb8       0xb4 Drivers/STM32F1xx_HAL_Driver/Src/stm32f1xx_hal_dma.o
                0x0000000008000fb8                HAL_DMA_Init
 .text.HAL_DMA_Start_IT
                0x000000000800106c       0xbe Drivers/STM32F1xx_HAL_Driver/Src/stm32f1xx_hal_dma.o
                0x000000000800106c                HAL_DMA_Start_IT
 *fill*         0x000000000800112a        0x2 
 .text.HAL_DMA_Abort_IT
                0x000000000800112c       0xec Drivers/STM32F1xx_HAL_Driver/Src/stm32f1xx_hal_dma.o
                0x000000000800112c                HAL_DMA_Abort_IT
 .text.HAL_DMA_IRQHandler
                0x0000000008001218      0x20c Drivers/STM32F1xx_HAL_Driver/Src/stm32f1xx_hal_dma.o
                0x0000000008001218                HAL_DMA_IRQHandler
 .text.DMA_SetConfig
                0x0000000008001424       0x5a Drivers/STM32F1xx_HAL_Driver/Src/stm32f1xx_hal_dma.o
 *fill*         0x000000000800147e        0x2 
 .text.HAL_GPIO_Init
                0x0000000008001480      0x2b4 Drivers/STM32F1xx_HAL_Driver/Src/stm32f1xx_hal_gpio.o
                0x0000000008001480                HAL_GPIO_Init
 .text.HAL_GPIO_WritePin
                0x0000000008001734       0x30 Drivers/STM32F1xx_HAL_Driver/Src/stm32f1xx_hal_gpio.o
                0x0000000008001734                HAL_GPIO_WritePin
 .text.HAL_GPIO_EXTI_IRQHandler
                0x0000000008001764       0x30 Drivers/STM32F1xx_HAL_Driver/Src/stm32f1xx_hal_gpio.o
                0x0000000008001764                HAL_GPIO_EXTI_IRQHandler
 .text.HAL_PWR_EnableBkUpAccess
                0x0000000008001794       0x18 Drivers/STM32F1xx_HAL_Driver/Src/stm32f1xx_hal_pwr.o
                0x0000000008001794                HAL_PWR_EnableBkUpAccess
 .text.HAL_RCC_OscConfig
                0x00000000080017ac      0x500 Drivers/STM32F1xx_HAL_Driver/Src/stm32f1xx_hal_rcc.o
                0x00000000080017ac                HAL_RCC_OscConfig
 .text.HAL_RCC_ClockConfig
                0x0000000008001cac      0x1d4 Drivers/STM32F1xx_HAL_Driver/Src/stm32f1xx_hal_rcc.o
                0x0000000008001cac                HAL_RCC_ClockConfig
 .text.HAL_RCC_GetSysClockFreq
                0x0000000008001e80       0xc4 Drivers/STM32F1xx_HAL_Driver/Src/stm32f1xx_hal_rcc.o
                0x0000000008001e80                HAL_RCC_GetSysClockFreq
 .text.HAL_RCC_GetHCLKFreq
                0x0000000008001f44       0x14 Drivers/STM32F1xx_HAL_Driver/Src/stm32f1xx_hal_rcc.o
                0x0000000008001f44                HAL_RCC_GetHCLKFreq
 .text.HAL_RCC_GetPCLK1Freq
                0x0000000008001f58       0x28 Drivers/STM32F1xx_HAL_Driver/Src/stm32f1xx_hal_rcc.o
                0x0000000008001f58                HAL_RCC_GetPCLK1Freq
 .text.HAL_RCC_GetPCLK2Freq
                0x0000000008001f80       0x28 Drivers/STM32F1xx_HAL_Driver/Src/stm32f1xx_hal_rcc.o
                0x0000000008001f80                HAL_RCC_GetPCLK2Freq
 .text.HAL_RCC_GetClockConfig
                0x0000000008001fa8       0x60 Drivers/STM32F1xx_HAL_Driver/Src/stm32f1xx_hal_rcc.o
                0x0000000008001fa8                HAL_RCC_GetClockConfig
 .text.RCC_Delay
                0x0000000008002008       0x3c Drivers/STM32F1xx_HAL_Driver/Src/stm32f1xx_hal_rcc.o
 .text.HAL_RCCEx_PeriphCLKConfig
                0x0000000008002044      0x16c Drivers/STM32F1xx_HAL_Driver/Src/stm32f1xx_hal_rcc_ex.o
                0x0000000008002044                HAL_RCCEx_PeriphCLKConfig
 .text.HAL_RCCEx_GetPeriphCLKFreq
                0x00000000080021b0      0x178 Drivers/STM32F1xx_HAL_Driver/Src/stm32f1xx_hal_rcc_ex.o
                0x00000000080021b0                HAL_RCCEx_GetPeriphCLKFreq
 .text.HAL_RTC_Init
                0x0000000008002328      0x12c Drivers/STM32F1xx_HAL_Driver/Src/stm32f1xx_hal_rtc.o
                0x0000000008002328                HAL_RTC_Init
 .text.HAL_RTC_WaitForSynchro
                0x0000000008002454       0x5a Drivers/STM32F1xx_HAL_Driver/Src/stm32f1xx_hal_rtc.o
                0x0000000008002454                HAL_RTC_WaitForSynchro
 .text.RTC_EnterInitMode
                0x00000000080024ae       0x50 Drivers/STM32F1xx_HAL_Driver/Src/stm32f1xx_hal_rtc.o
 .text.RTC_ExitInitMode
                0x00000000080024fe       0x50 Drivers/STM32F1xx_HAL_Driver/Src/stm32f1xx_hal_rtc.o
 .text.HAL_SPI_Init
                0x000000000800254e       0xc2 Drivers/STM32F1xx_HAL_Driver/Src/stm32f1xx_hal_spi.o
                0x000000000800254e                HAL_SPI_Init
 .text.HAL_SPI_Transmit_DMA
                0x0000000008002610      0x15c Drivers/STM32F1xx_HAL_Driver/Src/stm32f1xx_hal_spi.o
                0x0000000008002610                HAL_SPI_Transmit_DMA
 .text.HAL_SPI_IRQHandler
                0x000000000800276c      0x1d0 Drivers/STM32F1xx_HAL_Driver/Src/stm32f1xx_hal_spi.o
                0x000000000800276c                HAL_SPI_IRQHandler
 .text.HAL_SPI_TxCpltCallback
                0x000000000800293c       0x12 Drivers/STM32F1xx_HAL_Driver/Src/stm32f1xx_hal_spi.o
                0x000000000800293c                HAL_SPI_TxCpltCallback
 .text.HAL_SPI_TxHalfCpltCallback
                0x000000000800294e       0x12 Drivers/STM32F1xx_HAL_Driver/Src/stm32f1xx_hal_spi.o
                0x000000000800294e                HAL_SPI_TxHalfCpltCallback
 .text.HAL_SPI_ErrorCallback
                0x0000000008002960       0x12 Drivers/STM32F1xx_HAL_Driver/Src/stm32f1xx_hal_spi.o
                0x0000000008002960                HAL_SPI_ErrorCallback
 .text.SPI_DMATransmitCplt
                0x0000000008002972       0xa6 Drivers/STM32F1xx_HAL_Driver/Src/stm32f1xx_hal_spi.o
 .text.SPI_DMAHalfTransmitCplt
                0x0000000008002a18       0x1c Drivers/STM32F1xx_HAL_Driver/Src/stm32f1xx_hal_spi.o
 .text.SPI_DMAError
                0x0000000008002a34       0x40 Drivers/STM32F1xx_HAL_Driver/Src/stm32f1xx_hal_spi.o
 .text.SPI_DMAAbortOnError
                0x0000000008002a74       0x28 Drivers/STM32F1xx_HAL_Driver/Src/stm32f1xx_hal_spi.o
 .text.SPI_WaitFlagStateUntilTimeout
                0x0000000008002a9c       0xd4 Drivers/STM32F1xx_HAL_Driver/Src/stm32f1xx_hal_spi.o
 .text.SPI_EndRxTxTransaction
                0x0000000008002b70       0x3c Drivers/STM32F1xx_HAL_Driver/Src/stm32f1xx_hal_spi.o
 .text.HAL_TIM_Base_Init
                0x0000000008002bac       0x56 Drivers/STM32F1xx_HAL_Driver/Src/stm32f1xx_hal_tim.o
                0x0000000008002bac                HAL_TIM_Base_Init
 .text.HAL_TIM_Base_Start_IT
                0x0000000008002c02       0x46 Drivers/STM32F1xx_HAL_Driver/Src/stm32f1xx_hal_tim.o
                0x0000000008002c02                HAL_TIM_Base_Start_IT
 .text.HAL_TIM_IRQHandler
                0x0000000008002c48      0x210 Drivers/STM32F1xx_HAL_Driver/Src/stm32f1xx_hal_tim.o
                0x0000000008002c48                HAL_TIM_IRQHandler
 .text.HAL_TIM_ConfigClockSource
                0x0000000008002e58      0x16e Drivers/STM32F1xx_HAL_Driver/Src/stm32f1xx_hal_tim.o
                0x0000000008002e58                HAL_TIM_ConfigClockSource
 .text.HAL_TIM_OC_DelayElapsedCallback
                0x0000000008002fc6       0x12 Drivers/STM32F1xx_HAL_Driver/Src/stm32f1xx_hal_tim.o
                0x0000000008002fc6                HAL_TIM_OC_DelayElapsedCallback
 .text.HAL_TIM_IC_CaptureCallback
                0x0000000008002fd8       0x12 Drivers/STM32F1xx_HAL_Driver/Src/stm32f1xx_hal_tim.o
                0x0000000008002fd8                HAL_TIM_IC_CaptureCallback
 .text.HAL_TIM_PWM_PulseFinishedCallback
                0x0000000008002fea       0x12 Drivers/STM32F1xx_HAL_Driver/Src/stm32f1xx_hal_tim.o
                0x0000000008002fea                HAL_TIM_PWM_PulseFinishedCallback
 .text.HAL_TIM_TriggerCallback
                0x0000000008002ffc       0x12 Drivers/STM32F1xx_HAL_Driver/Src/stm32f1xx_hal_tim.o
                0x0000000008002ffc                HAL_TIM_TriggerCallback
 *fill*         0x000000000800300e        0x2 
 .text.TIM_Base_SetConfig
                0x0000000008003010       0xc4 Drivers/STM32F1xx_HAL_Driver/Src/stm32f1xx_hal_tim.o
                0x0000000008003010                TIM_Base_SetConfig
 .text.TIM_TI1_ConfigInputStage
                0x00000000080030d4       0x5c Drivers/STM32F1xx_HAL_Driver/Src/stm32f1xx_hal_tim.o
 .text.TIM_TI2_ConfigInputStage
                0x0000000008003130       0x5e Drivers/STM32F1xx_HAL_Driver/Src/stm32f1xx_hal_tim.o
 .text.TIM_ITRx_SetConfig
                0x000000000800318e       0x34 Drivers/STM32F1xx_HAL_Driver/Src/stm32f1xx_hal_tim.o
 .text.TIM_ETR_SetConfig
                0x00000000080031c2       0x3e Drivers/STM32F1xx_HAL_Driver/Src/stm32f1xx_hal_tim.o
                0x00000000080031c2                TIM_ETR_SetConfig
 .text.HAL_TIMEx_MasterConfigSynchronization
                0x0000000008003200       0x88 Drivers/STM32F1xx_HAL_Driver/Src/stm32f1xx_hal_tim_ex.o
                0x0000000008003200                HAL_TIMEx_MasterConfigSynchronization
 .text.HAL_TIMEx_CommutCallback
                0x0000000008003288       0x12 Drivers/STM32F1xx_HAL_Driver/Src/stm32f1xx_hal_tim_ex.o
                0x0000000008003288                HAL_TIMEx_CommutCallback
 .text.HAL_TIMEx_BreakCallback
                0x000000000800329a       0x12 Drivers/STM32F1xx_HAL_Driver/Src/stm32f1xx_hal_tim_ex.o
                0x000000000800329a                HAL_TIMEx_BreakCallback
 .text.osKernelInitialize
                0x00000000080032ac       0x6c Middlewares/Third_Party/FreeRTOS/Source/CMSIS_RTOS_V2/cmsis_os2.o
                0x00000000080032ac                osKernelInitialize
 .text.osKernelStart
                0x0000000008003318       0x68 Middlewares/Third_Party/FreeRTOS/Source/CMSIS_RTOS_V2/cmsis_os2.o
                0x0000000008003318                osKernelStart
 .text.osThreadNew
                0x0000000008003380      0x154 Middlewares/Third_Party/FreeRTOS/Source/CMSIS_RTOS_V2/cmsis_os2.o
                0x0000000008003380                osThreadNew
 .text.osDelay  0x00000000080034d4       0x5c Middlewares/Third_Party/FreeRTOS/Source/CMSIS_RTOS_V2/cmsis_os2.o
                0x00000000080034d4                osDelay
 .text.osSemaphoreNew
                0x0000000008003530      0x13c Middlewares/Third_Party/FreeRTOS/Source/CMSIS_RTOS_V2/cmsis_os2.o
                0x0000000008003530                osSemaphoreNew
 .text.osSemaphoreAcquire
                0x000000000800366c       0xcc Middlewares/Third_Party/FreeRTOS/Source/CMSIS_RTOS_V2/cmsis_os2.o
                0x000000000800366c                osSemaphoreAcquire
 .text.osSemaphoreRelease
                0x0000000008003738       0xb0 Middlewares/Third_Party/FreeRTOS/Source/CMSIS_RTOS_V2/cmsis_os2.o
                0x0000000008003738                osSemaphoreRelease
 .text.vApplicationGetIdleTaskMemory
                0x00000000080037e8       0x30 Middlewares/Third_Party/FreeRTOS/Source/CMSIS_RTOS_V2/cmsis_os2.o
                0x00000000080037e8                vApplicationGetIdleTaskMemory
 .text.vApplicationGetTimerTaskMemory
                0x0000000008003818       0x34 Middlewares/Third_Party/FreeRTOS/Source/CMSIS_RTOS_V2/cmsis_os2.o
                0x0000000008003818                vApplicationGetTimerTaskMemory
 .text.vListInitialise
                0x000000000800384c       0x3e Middlewares/Third_Party/FreeRTOS/Source/list.o
                0x000000000800384c                vListInitialise
 .text.vListInitialiseItem
                0x000000000800388a       0x18 Middlewares/Third_Party/FreeRTOS/Source/list.o
                0x000000000800388a                vListInitialiseItem
 .text.vListInsertEnd
                0x00000000080038a2       0x46 Middlewares/Third_Party/FreeRTOS/Source/list.o
                0x00000000080038a2                vListInsertEnd
 .text.vListInsert
                0x00000000080038e8       0x70 Middlewares/Third_Party/FreeRTOS/Source/list.o
                0x00000000080038e8                vListInsert
 .text.uxListRemove
                0x0000000008003958       0x52 Middlewares/Third_Party/FreeRTOS/Source/list.o
                0x0000000008003958                uxListRemove
 *fill*         0x00000000080039aa        0x2 
 .text.xQueueGenericReset
                0x00000000080039ac       0xd0 Middlewares/Third_Party/FreeRTOS/Source/queue.o
                0x00000000080039ac                xQueueGenericReset
 .text.xQueueGenericCreateStatic
                0x0000000008003a7c       0xe4 Middlewares/Third_Party/FreeRTOS/Source/queue.o
                0x0000000008003a7c                xQueueGenericCreateStatic
 .text.xQueueGenericCreate
                0x0000000008003b60       0x7a Middlewares/Third_Party/FreeRTOS/Source/queue.o
                0x0000000008003b60                xQueueGenericCreate
 .text.prvInitialiseNewQueue
                0x0000000008003bda       0x46 Middlewares/Third_Party/FreeRTOS/Source/queue.o
 .text.xQueueCreateCountingSemaphoreStatic
                0x0000000008003c20       0x6a Middlewares/Third_Party/FreeRTOS/Source/queue.o
                0x0000000008003c20                xQueueCreateCountingSemaphoreStatic
 .text.xQueueCreateCountingSemaphore
                0x0000000008003c8a       0x62 Middlewares/Third_Party/FreeRTOS/Source/queue.o
                0x0000000008003c8a                xQueueCreateCountingSemaphore
 .text.xQueueGenericSend
                0x0000000008003cec      0x1f4 Middlewares/Third_Party/FreeRTOS/Source/queue.o
                0x0000000008003cec                xQueueGenericSend
 .text.xQueueGenericSendFromISR
                0x0000000008003ee0      0x128 Middlewares/Third_Party/FreeRTOS/Source/queue.o
                0x0000000008003ee0                xQueueGenericSendFromISR
 .text.xQueueGiveFromISR
                0x0000000008004008      0x112 Middlewares/Third_Party/FreeRTOS/Source/queue.o
                0x0000000008004008                xQueueGiveFromISR
 *fill*         0x000000000800411a        0x2 
 .text.xQueueReceive
                0x000000000800411c      0x1b8 Middlewares/Third_Party/FreeRTOS/Source/queue.o
                0x000000000800411c                xQueueReceive
 .text.xQueueSemaphoreTake
                0x00000000080042d4      0x210 Middlewares/Third_Party/FreeRTOS/Source/queue.o
                0x00000000080042d4                xQueueSemaphoreTake
 .text.xQueueReceiveFromISR
                0x00000000080044e4       0xfa Middlewares/Third_Party/FreeRTOS/Source/queue.o
                0x00000000080044e4                xQueueReceiveFromISR
 .text.vQueueDelete
                0x00000000080045de       0x44 Middlewares/Third_Party/FreeRTOS/Source/queue.o
                0x00000000080045de                vQueueDelete
 .text.prvGetDisinheritPriorityAfterTimeout
                0x0000000008004622       0x2e Middlewares/Third_Party/FreeRTOS/Source/queue.o
 .text.prvCopyDataToQueue
                0x0000000008004650       0xd4 Middlewares/Third_Party/FreeRTOS/Source/queue.o
 .text.prvCopyDataFromQueue
                0x0000000008004724       0x4c Middlewares/Third_Party/FreeRTOS/Source/queue.o
 .text.prvUnlockQueue
                0x0000000008004770       0xa4 Middlewares/Third_Party/FreeRTOS/Source/queue.o
 .text.prvIsQueueEmpty
                0x0000000008004814       0x2c Middlewares/Third_Party/FreeRTOS/Source/queue.o
 .text.prvIsQueueFull
                0x0000000008004840       0x30 Middlewares/Third_Party/FreeRTOS/Source/queue.o
 .text.vQueueAddToRegistry
                0x0000000008004870       0x50 Middlewares/Third_Party/FreeRTOS/Source/queue.o
                0x0000000008004870                vQueueAddToRegistry
 .text.vQueueUnregisterQueue
                0x00000000080048c0       0x50 Middlewares/Third_Party/FreeRTOS/Source/queue.o
                0x00000000080048c0                vQueueUnregisterQueue
 .text.vQueueWaitForMessageRestricted
                0x0000000008004910       0x68 Middlewares/Third_Party/FreeRTOS/Source/queue.o
                0x0000000008004910                vQueueWaitForMessageRestricted
 .text.xStreamBufferGenericCreate
                0x0000000008004978       0x82 Middlewares/Third_Party/FreeRTOS/Source/stream_buffer.o
                0x0000000008004978                xStreamBufferGenericCreate
 .text.xStreamBufferReset
                0x00000000080049fa       0x82 Middlewares/Third_Party/FreeRTOS/Source/stream_buffer.o
                0x00000000080049fa                xStreamBufferReset
 .text.xStreamBufferSpacesAvailable
                0x0000000008004a7c       0x62 Middlewares/Third_Party/FreeRTOS/Source/stream_buffer.o
                0x0000000008004a7c                xStreamBufferSpacesAvailable
 .text.xStreamBufferSend
                0x0000000008004ade      0x148 Middlewares/Third_Party/FreeRTOS/Source/stream_buffer.o
                0x0000000008004ade                xStreamBufferSend
 .text.prvWriteMessageToBuffer
                0x0000000008004c26       0x7a Middlewares/Third_Party/FreeRTOS/Source/stream_buffer.o
 .text.xStreamBufferReceive
                0x0000000008004ca0      0x126 Middlewares/Third_Party/FreeRTOS/Source/stream_buffer.o
                0x0000000008004ca0                xStreamBufferReceive
 .text.prvReadMessageFromBuffer
                0x0000000008004dc6       0x60 Middlewares/Third_Party/FreeRTOS/Source/stream_buffer.o
 .text.xStreamBufferIsEmpty
                0x0000000008004e26       0x4c Middlewares/Third_Party/FreeRTOS/Source/stream_buffer.o
                0x0000000008004e26                xStreamBufferIsEmpty
 .text.xStreamBufferIsFull
                0x0000000008004e72       0x5e Middlewares/Third_Party/FreeRTOS/Source/stream_buffer.o
                0x0000000008004e72                xStreamBufferIsFull
 .text.prvWriteBytesToBuffer
                0x0000000008004ed0       0xde Middlewares/Third_Party/FreeRTOS/Source/stream_buffer.o
 .text.prvReadBytesFromBuffer
                0x0000000008004fae       0xee Middlewares/Third_Party/FreeRTOS/Source/stream_buffer.o
 .text.prvBytesInBuffer
                0x000000000800509c       0x3e Middlewares/Third_Party/FreeRTOS/Source/stream_buffer.o
 .text.prvInitialiseNewStreamBuffer
                0x00000000080050da       0x70 Middlewares/Third_Party/FreeRTOS/Source/stream_buffer.o
 .text.xTaskCreateStatic
                0x000000000800514a       0xb2 Middlewares/Third_Party/FreeRTOS/Source/tasks.o
                0x000000000800514a                xTaskCreateStatic
 .text.xTaskCreate
                0x00000000080051fc       0x8a Middlewares/Third_Party/FreeRTOS/Source/tasks.o
                0x00000000080051fc                xTaskCreate
 .text.prvInitialiseNewTask
                0x0000000008005286      0x112 Middlewares/Third_Party/FreeRTOS/Source/tasks.o
 .text.prvAddNewTaskToReadyList
                0x0000000008005398       0xe0 Middlewares/Third_Party/FreeRTOS/Source/tasks.o
 .text.vTaskDelay
                0x0000000008005478       0x68 Middlewares/Third_Party/FreeRTOS/Source/tasks.o
                0x0000000008005478                vTaskDelay
 .text.vTaskStartScheduler
                0x00000000080054e0       0xcc Middlewares/Third_Party/FreeRTOS/Source/tasks.o
                0x00000000080054e0                vTaskStartScheduler
 .text.vTaskSuspendAll
                0x00000000080055ac       0x1c Middlewares/Third_Party/FreeRTOS/Source/tasks.o
                0x00000000080055ac                vTaskSuspendAll
 .text.xTaskResumeAll
                0x00000000080055c8      0x138 Middlewares/Third_Party/FreeRTOS/Source/tasks.o
                0x00000000080055c8                xTaskResumeAll
 .text.xTaskGetTickCount
                0x0000000008005700       0x1c Middlewares/Third_Party/FreeRTOS/Source/tasks.o
                0x0000000008005700                xTaskGetTickCount
 .text.xTaskIncrementTick
                0x000000000800571c      0x17c Middlewares/Third_Party/FreeRTOS/Source/tasks.o
                0x000000000800571c                xTaskIncrementTick
 .text.vTaskSwitchContext
                0x0000000008005898       0xf0 Middlewares/Third_Party/FreeRTOS/Source/tasks.o
                0x0000000008005898                vTaskSwitchContext
 .text.vTaskPlaceOnEventList
                0x0000000008005988       0x48 Middlewares/Third_Party/FreeRTOS/Source/tasks.o
                0x0000000008005988                vTaskPlaceOnEventList
 .text.vTaskPlaceOnEventListRestricted
                0x00000000080059d0       0x54 Middlewares/Third_Party/FreeRTOS/Source/tasks.o
                0x00000000080059d0                vTaskPlaceOnEventListRestricted
 .text.xTaskRemoveFromEventList
                0x0000000008005a24       0xc4 Middlewares/Third_Party/FreeRTOS/Source/tasks.o
                0x0000000008005a24                xTaskRemoveFromEventList
 .text.vTaskSetTimeOutState
                0x0000000008005ae8       0x4c Middlewares/Third_Party/FreeRTOS/Source/tasks.o
                0x0000000008005ae8                vTaskSetTimeOutState
 .text.vTaskInternalSetTimeOutState
                0x0000000008005b34       0x2c Middlewares/Third_Party/FreeRTOS/Source/tasks.o
                0x0000000008005b34                vTaskInternalSetTimeOutState
 .text.xTaskCheckForTimeOut
                0x0000000008005b60       0xc0 Middlewares/Third_Party/FreeRTOS/Source/tasks.o
                0x0000000008005b60                xTaskCheckForTimeOut
 .text.vTaskMissedYield
                0x0000000008005c20       0x18 Middlewares/Third_Party/FreeRTOS/Source/tasks.o
                0x0000000008005c20                vTaskMissedYield
 .text.prvIdleTask
                0x0000000008005c38       0x30 Middlewares/Third_Party/FreeRTOS/Source/tasks.o
 .text.prvInitialiseTaskLists
                0x0000000008005c68       0x80 Middlewares/Third_Party/FreeRTOS/Source/tasks.o
 .text.prvCheckTasksWaitingTermination
                0x0000000008005ce8       0x58 Middlewares/Third_Party/FreeRTOS/Source/tasks.o
 .text.prvDeleteTCB
                0x0000000008005d40       0x5c Middlewares/Third_Party/FreeRTOS/Source/tasks.o
 .text.prvResetNextTaskUnblockTime
                0x0000000008005d9c       0x48 Middlewares/Third_Party/FreeRTOS/Source/tasks.o
 .text.xTaskGetCurrentTaskHandle
                0x0000000008005de4       0x1c Middlewares/Third_Party/FreeRTOS/Source/tasks.o
                0x0000000008005de4                xTaskGetCurrentTaskHandle
 .text.xTaskGetSchedulerState
                0x0000000008005e00       0x3c Middlewares/Third_Party/FreeRTOS/Source/tasks.o
                0x0000000008005e00                xTaskGetSchedulerState
 .text.xTaskPriorityInherit
                0x0000000008005e3c       0xdc Middlewares/Third_Party/FreeRTOS/Source/tasks.o
                0x0000000008005e3c                xTaskPriorityInherit
 .text.xTaskPriorityDisinherit
                0x0000000008005f18       0xd8 Middlewares/Third_Party/FreeRTOS/Source/tasks.o
                0x0000000008005f18                xTaskPriorityDisinherit
 .text.vTaskPriorityDisinheritAfterTimeout
                0x0000000008005ff0      0x108 Middlewares/Third_Party/FreeRTOS/Source/tasks.o
                0x0000000008005ff0                vTaskPriorityDisinheritAfterTimeout
 .text.pvTaskIncrementMutexHeldCount
                0x00000000080060f8       0x28 Middlewares/Third_Party/FreeRTOS/Source/tasks.o
                0x00000000080060f8                pvTaskIncrementMutexHeldCount
 .text.xTaskNotifyWait
                0x0000000008006120       0xb4 Middlewares/Third_Party/FreeRTOS/Source/tasks.o
                0x0000000008006120                xTaskNotifyWait
 .text.xTaskGenericNotify
                0x00000000080061d4      0x144 Middlewares/Third_Party/FreeRTOS/Source/tasks.o
                0x00000000080061d4                xTaskGenericNotify
 .text.xTaskNotifyStateClear
                0x0000000008006318       0x4c Middlewares/Third_Party/FreeRTOS/Source/tasks.o
                0x0000000008006318                xTaskNotifyStateClear
 .text.prvAddCurrentTaskToDelayedList
                0x0000000008006364       0xa8 Middlewares/Third_Party/FreeRTOS/Source/tasks.o
 .text.xTimerCreateTimerTask
                0x000000000800640c       0x90 Middlewares/Third_Party/FreeRTOS/Source/timers.o
                0x000000000800640c                xTimerCreateTimerTask
 .text.xTimerGenericCommand
                0x000000000800649c       0x98 Middlewares/Third_Party/FreeRTOS/Source/timers.o
                0x000000000800649c                xTimerGenericCommand
 .text.prvProcessExpiredTimer
                0x0000000008006534       0x80 Middlewares/Third_Party/FreeRTOS/Source/timers.o
 .text.prvTimerTask
                0x00000000080065b4       0x24 Middlewares/Third_Party/FreeRTOS/Source/timers.o
 .text.prvProcessTimerOrBlockTask
                0x00000000080065d8       0x9c Middlewares/Third_Party/FreeRTOS/Source/timers.o
 .text.prvGetNextExpireTime
                0x0000000008006674       0x48 Middlewares/Third_Party/FreeRTOS/Source/timers.o
 .text.prvSampleTimeNow
                0x00000000080066bc       0x40 Middlewares/Third_Party/FreeRTOS/Source/timers.o
 .text.prvInsertTimerInActiveList
                0x00000000080066fc       0x84 Middlewares/Third_Party/FreeRTOS/Source/timers.o
 .text.prvProcessReceivedCommands
                0x0000000008006780      0x160 Middlewares/Third_Party/FreeRTOS/Source/timers.o
 .text.prvSwitchTimerLists
                0x00000000080068e0       0xc0 Middlewares/Third_Party/FreeRTOS/Source/timers.o
 .text.prvCheckForValidListAndQueue
                0x00000000080069a0       0x80 Middlewares/Third_Party/FreeRTOS/Source/timers.o
 .text.pxPortInitialiseStack
                0x0000000008006a20       0x58 Middlewares/Third_Party/FreeRTOS/Source/portable/GCC/ARM_CM3/port.o
                0x0000000008006a20                pxPortInitialiseStack
 .text.prvTaskExitError
                0x0000000008006a78       0x50 Middlewares/Third_Party/FreeRTOS/Source/portable/GCC/ARM_CM3/port.o
 *fill*         0x0000000008006ac8        0x8 
 .text.SVC_Handler
                0x0000000008006ad0       0x28 Middlewares/Third_Party/FreeRTOS/Source/portable/GCC/ARM_CM3/port.o
                0x0000000008006ad0                SVC_Handler
 .text.prvPortStartFirstTask
                0x0000000008006af8       0x20 Middlewares/Third_Party/FreeRTOS/Source/portable/GCC/ARM_CM3/port.o
 .text.xPortStartScheduler
                0x0000000008006b18       0xe0 Middlewares/Third_Party/FreeRTOS/Source/portable/GCC/ARM_CM3/port.o
                0x0000000008006b18                xPortStartScheduler
 .text.vPortEnterCritical
                0x0000000008006bf8       0x5c Middlewares/Third_Party/FreeRTOS/Source/portable/GCC/ARM_CM3/port.o
                0x0000000008006bf8                vPortEnterCritical
 .text.vPortExitCritical
                0x0000000008006c54       0x4c Middlewares/Third_Party/FreeRTOS/Source/portable/GCC/ARM_CM3/port.o
                0x0000000008006c54                vPortExitCritical
 .text.PendSV_Handler
                0x0000000008006ca0       0x48 Middlewares/Third_Party/FreeRTOS/Source/portable/GCC/ARM_CM3/port.o
                0x0000000008006ca0                PendSV_Handler
 .text.SysTick_Handler
                0x0000000008006ce8       0x40 Middlewares/Third_Party/FreeRTOS/Source/portable/GCC/ARM_CM3/port.o
                0x0000000008006ce8                SysTick_Handler
 .text.vPortSetupTimerInterrupt
                0x0000000008006d28       0x44 Middlewares/Third_Party/FreeRTOS/Source/portable/GCC/ARM_CM3/port.o
                0x0000000008006d28                vPortSetupTimerInterrupt
 .text.vPortValidateInterruptPriority
                0x0000000008006d6c       0x78 Middlewares/Third_Party/FreeRTOS/Source/portable/GCC/ARM_CM3/port.o
                0x0000000008006d6c                vPortValidateInterruptPriority
 .text.pvPortMalloc
                0x0000000008006de4      0x138 Middlewares/Third_Party/FreeRTOS/Source/portable/MemMang/heap_5.o
                0x0000000008006de4                pvPortMalloc
 .text.vPortFree
                0x0000000008006f1c       0xb0 Middlewares/Third_Party/FreeRTOS/Source/portable/MemMang/heap_5.o
                0x0000000008006f1c                vPortFree
 .text.prvInsertBlockIntoFreeList
                0x0000000008006fcc       0xb0 Middlewares/Third_Party/FreeRTOS/Source/portable/MemMang/heap_5.o
 .text.vPortDefineHeapRegions
                0x000000000800707c      0x18c Middlewares/Third_Party/FreeRTOS/Source/portable/MemMang/heap_5.o
                0x000000000800707c                vPortDefineHeapRegions
 .text.__libc_init_array
                0x0000000008007208       0x48 c:/st/stm32cubeide_1.3.0/stm32cubeide/plugins/com.st.stm32cube.ide.mcu.externaltools.gnu-tools-for-stm32.7-2018-q2-update.win32_1.0.0.201904181610/tools/bin/../lib/gcc/arm-none-eabi/7.3.1/../../../../arm-none-eabi/lib/thumb/v7-m\libc_nano.a(lib_a-init.o)
                0x0000000008007208                __libc_init_array
 .text.memcpy   0x0000000008007250       0x16 c:/st/stm32cubeide_1.3.0/stm32cubeide/plugins/com.st.stm32cube.ide.mcu.externaltools.gnu-tools-for-stm32.7-2018-q2-update.win32_1.0.0.201904181610/tools/bin/../lib/gcc/arm-none-eabi/7.3.1/../../../../arm-none-eabi/lib/thumb/v7-m\libc_nano.a(lib_a-memcpy-stub.o)
                0x0000000008007250                memcpy
 .text.memset   0x0000000008007266       0x10 c:/st/stm32cubeide_1.3.0/stm32cubeide/plugins/com.st.stm32cube.ide.mcu.externaltools.gnu-tools-for-stm32.7-2018-q2-update.win32_1.0.0.201904181610/tools/bin/../lib/gcc/arm-none-eabi/7.3.1/../../../../arm-none-eabi/lib/thumb/v7-m\libc_nano.a(lib_a-memset.o)
                0x0000000008007266                memset
 *(.glue_7)
 .glue_7        0x0000000008007276        0x0 linker stubs
 *(.glue_7t)
 .glue_7t       0x0000000008007276        0x0 linker stubs
 *(.eh_frame)
 *fill*         0x0000000008007276        0x2 
 .eh_frame      0x0000000008007278        0x0 c:/st/stm32cubeide_1.3.0/stm32cubeide/plugins/com.st.stm32cube.ide.mcu.externaltools.gnu-tools-for-stm32.7-2018-q2-update.win32_1.0.0.201904181610/tools/bin/../lib/gcc/arm-none-eabi/7.3.1/thumb/v7-m/crtbegin.o
 *(.init)
 .init          0x0000000008007278        0x4 c:/st/stm32cubeide_1.3.0/stm32cubeide/plugins/com.st.stm32cube.ide.mcu.externaltools.gnu-tools-for-stm32.7-2018-q2-update.win32_1.0.0.201904181610/tools/bin/../lib/gcc/arm-none-eabi/7.3.1/thumb/v7-m/crti.o
                0x0000000008007278                _init
 .init          0x000000000800727c        0x8 c:/st/stm32cubeide_1.3.0/stm32cubeide/plugins/com.st.stm32cube.ide.mcu.externaltools.gnu-tools-for-stm32.7-2018-q2-update.win32_1.0.0.201904181610/tools/bin/../lib/gcc/arm-none-eabi/7.3.1/thumb/v7-m/crtn.o
 *(.fini)
 .fini          0x0000000008007284        0x4 c:/st/stm32cubeide_1.3.0/stm32cubeide/plugins/com.st.stm32cube.ide.mcu.externaltools.gnu-tools-for-stm32.7-2018-q2-update.win32_1.0.0.201904181610/tools/bin/../lib/gcc/arm-none-eabi/7.3.1/thumb/v7-m/crti.o
                0x0000000008007284                _fini
 .fini          0x0000000008007288        0x8 c:/st/stm32cubeide_1.3.0/stm32cubeide/plugins/com.st.stm32cube.ide.mcu.externaltools.gnu-tools-for-stm32.7-2018-q2-update.win32_1.0.0.201904181610/tools/bin/../lib/gcc/arm-none-eabi/7.3.1/thumb/v7-m/crtn.o
                0x0000000008007290                . = ALIGN (0x4)
                0x0000000008007290                _etext = .

.vfp11_veneer   0x0000000008007290        0x0
 .vfp11_veneer  0x0000000008007290        0x0 linker stubs

.v4_bx          0x0000000008007290        0x0
 .v4_bx         0x0000000008007290        0x0 linker stubs

.iplt           0x0000000008007290        0x0
 .iplt          0x0000000008007290        0x0 c:/st/stm32cubeide_1.3.0/stm32cubeide/plugins/com.st.stm32cube.ide.mcu.externaltools.gnu-tools-for-stm32.7-2018-q2-update.win32_1.0.0.201904181610/tools/bin/../lib/gcc/arm-none-eabi/7.3.1/thumb/v7-m/crtbegin.o

.rodata         0x0000000008007290       0xec
                0x0000000008007290                . = ALIGN (0x4)
 *(.rodata)
 .rodata        0x0000000008007290       0x2b Core/Src/main.o
 *fill*         0x00000000080072bb        0x1 
 .rodata        0x00000000080072bc       0x12 Drivers/STM32F1xx_HAL_Driver/Src/stm32f1xx_hal_rcc.o
 *fill*         0x00000000080072ce        0x2 
 .rodata        0x00000000080072d0       0x12 Drivers/STM32F1xx_HAL_Driver/Src/stm32f1xx_hal_rcc_ex.o
 *fill*         0x00000000080072e2        0x2 
 .rodata        0x00000000080072e4        0x5 Middlewares/Third_Party/FreeRTOS/Source/tasks.o
 *fill*         0x00000000080072e9        0x3 
 .rodata        0x00000000080072ec        0xd Middlewares/Third_Party/FreeRTOS/Source/timers.o
 *(.rodata*)
 *fill*         0x00000000080072f9        0x3 
 .rodata.enviaTask_attributes
                0x00000000080072fc       0x24 Core/Src/main.o
                0x00000000080072fc                enviaTask_attributes
 .rodata.aquisitaTask_attributes
                0x0000000008007320       0x24 Core/Src/main.o
                0x0000000008007320                aquisitaTask_attributes
 .rodata.habAQ_attributes
                0x0000000008007344       0x10 Core/Src/main.o
                0x0000000008007344                habAQ_attributes
 .rodata.habENV_attributes
                0x0000000008007354       0x10 Core/Src/main.o
                0x0000000008007354                habENV_attributes
 .rodata.AHBPrescTable
                0x0000000008007364       0x10 Core/Src/system_stm32f1xx.o
                0x0000000008007364                AHBPrescTable
 .rodata.APBPrescTable
                0x0000000008007374        0x8 Core/Src/system_stm32f1xx.o
                0x0000000008007374                APBPrescTable
                0x000000000800737c                . = ALIGN (0x4)

.rel.dyn        0x000000000800737c        0x0
 .rel.iplt      0x000000000800737c        0x0 c:/st/stm32cubeide_1.3.0/stm32cubeide/plugins/com.st.stm32cube.ide.mcu.externaltools.gnu-tools-for-stm32.7-2018-q2-update.win32_1.0.0.201904181610/tools/bin/../lib/gcc/arm-none-eabi/7.3.1/thumb/v7-m/crtbegin.o

.ARM.extab      0x000000000800737c        0x0
                0x000000000800737c                . = ALIGN (0x4)
 *(.ARM.extab* .gnu.linkonce.armextab.*)
                0x000000000800737c                . = ALIGN (0x4)

.ARM            0x000000000800737c        0x0
                0x000000000800737c                . = ALIGN (0x4)
                0x000000000800737c                __exidx_start = .
 *(.ARM.exidx*)
                0x000000000800737c                __exidx_end = .
                0x000000000800737c                . = ALIGN (0x4)

.preinit_array  0x000000000800737c        0x0
                0x000000000800737c                . = ALIGN (0x4)
                0x000000000800737c                PROVIDE (__preinit_array_start = .)
 *(.preinit_array*)
                0x000000000800737c                PROVIDE (__preinit_array_end = .)
                0x000000000800737c                . = ALIGN (0x4)

.init_array     0x000000000800737c        0x4
                0x000000000800737c                . = ALIGN (0x4)
                0x000000000800737c                PROVIDE (__init_array_start = .)
 *(SORT_BY_NAME(.init_array.*))
 *(.init_array*)
 .init_array    0x000000000800737c        0x4 c:/st/stm32cubeide_1.3.0/stm32cubeide/plugins/com.st.stm32cube.ide.mcu.externaltools.gnu-tools-for-stm32.7-2018-q2-update.win32_1.0.0.201904181610/tools/bin/../lib/gcc/arm-none-eabi/7.3.1/thumb/v7-m/crtbegin.o
                0x0000000008007380                PROVIDE (__init_array_end = .)
                0x0000000008007380                . = ALIGN (0x4)

.fini_array     0x0000000008007380        0x4
                0x0000000008007380                . = ALIGN (0x4)
                [!provide]                        PROVIDE (__fini_array_start = .)
 *(SORT_BY_NAME(.fini_array.*))
 *(.fini_array*)
 .fini_array    0x0000000008007380        0x4 c:/st/stm32cubeide_1.3.0/stm32cubeide/plugins/com.st.stm32cube.ide.mcu.externaltools.gnu-tools-for-stm32.7-2018-q2-update.win32_1.0.0.201904181610/tools/bin/../lib/gcc/arm-none-eabi/7.3.1/thumb/v7-m/crtbegin.o
                [!provide]                        PROVIDE (__fini_array_end = .)
                0x0000000008007384                . = ALIGN (0x4)
                0x0000000008007384                _sidata = LOADADDR (.data)

.data           0x0000000020000000       0x20 load address 0x0000000008007384
                0x0000000020000000                . = ALIGN (0x4)
                0x0000000020000000                _sdata = .
 *(.data)
 *(.data*)
 .data.SystemCoreClock
                0x0000000020000000        0x4 Core/Src/system_stm32f1xx.o
                0x0000000020000000                SystemCoreClock
 .data.uwTickPrio
                0x0000000020000004        0x4 Drivers/STM32F1xx_HAL_Driver/Src/stm32f1xx_hal.o
                0x0000000020000004                uwTickPrio
 .data.uwTickFreq
                0x0000000020000008        0x1 Drivers/STM32F1xx_HAL_Driver/Src/stm32f1xx_hal.o
                0x0000000020000008                uwTickFreq
 *fill*         0x0000000020000009        0x3 
 .data.xHeapRegions
                0x000000002000000c       0x10 Middlewares/Third_Party/FreeRTOS/Source/CMSIS_RTOS_V2/cmsis_os2.o
 .data.uxCriticalNesting
                0x000000002000001c        0x4 Middlewares/Third_Party/FreeRTOS/Source/portable/GCC/ARM_CM3/port.o
                0x0000000020000020                . = ALIGN (0x4)
                0x0000000020000020                _edata = .

.igot.plt       0x0000000020000020        0x0 load address 0x00000000080073a4
 .igot.plt      0x0000000020000020        0x0 c:/st/stm32cubeide_1.3.0/stm32cubeide/plugins/com.st.stm32cube.ide.mcu.externaltools.gnu-tools-for-stm32.7-2018-q2-update.win32_1.0.0.201904181610/tools/bin/../lib/gcc/arm-none-eabi/7.3.1/thumb/v7-m/crtbegin.o
                0x0000000020000020                . = ALIGN (0x4)

.bss            0x0000000020000020     0x29ec load address 0x00000000080073a4
                0x0000000020000020                _sbss = .
                0x0000000020000020                __bss_start__ = _sbss
 *(.bss)
 .bss           0x0000000020000020       0x1c c:/st/stm32cubeide_1.3.0/stm32cubeide/plugins/com.st.stm32cube.ide.mcu.externaltools.gnu-tools-for-stm32.7-2018-q2-update.win32_1.0.0.201904181610/tools/bin/../lib/gcc/arm-none-eabi/7.3.1/thumb/v7-m/crtbegin.o
 *(.bss*)
 .bss.i         0x000000002000003c        0x4 Core/Src/main.o
                0x000000002000003c                i
 .bss.j         0x0000000020000040        0x4 Core/Src/main.o
                0x0000000020000040                j
 .bss.k         0x0000000020000044        0x4 Core/Src/main.o
                0x0000000020000044                k
 .bss.valor2.6845
                0x0000000020000048        0x1 Core/Src/main.o
 .bss.valor3.6846
                0x0000000020000049        0x1 Core/Src/main.o
 *fill*         0x000000002000004a        0x2 
 .bss.canais.6847
                0x000000002000004c      0x190 Core/Src/main.o
 .bss.ucRxData.6862
                0x00000000200001dc      0x190 Core/Src/main.o
 .bss.KernelState
                0x000000002000036c        0x4 Middlewares/Third_Party/FreeRTOS/Source/CMSIS_RTOS_V2/cmsis_os2.o
 .bss.ucHeap    0x0000000020000370     0x17b8 Middlewares/Third_Party/FreeRTOS/Source/CMSIS_RTOS_V2/cmsis_os2.o
 .bss.Idle_TCB  0x0000000020001b28       0x60 Middlewares/Third_Party/FreeRTOS/Source/CMSIS_RTOS_V2/cmsis_os2.o
 .bss.Idle_Stack
                0x0000000020001b88      0x200 Middlewares/Third_Party/FreeRTOS/Source/CMSIS_RTOS_V2/cmsis_os2.o
 .bss.Timer_TCB
                0x0000000020001d88       0x60 Middlewares/Third_Party/FreeRTOS/Source/CMSIS_RTOS_V2/cmsis_os2.o
 .bss.Timer_Stack
                0x0000000020001de8      0x400 Middlewares/Third_Party/FreeRTOS/Source/CMSIS_RTOS_V2/cmsis_os2.o
 .bss.pxCurrentTCB
                0x00000000200021e8        0x4 Middlewares/Third_Party/FreeRTOS/Source/tasks.o
                0x00000000200021e8                pxCurrentTCB
 .bss.pxReadyTasksLists
                0x00000000200021ec      0x460 Middlewares/Third_Party/FreeRTOS/Source/tasks.o
 .bss.xDelayedTaskList1
                0x000000002000264c       0x14 Middlewares/Third_Party/FreeRTOS/Source/tasks.o
 .bss.xDelayedTaskList2
                0x0000000020002660       0x14 Middlewares/Third_Party/FreeRTOS/Source/tasks.o
 .bss.pxDelayedTaskList
                0x0000000020002674        0x4 Middlewares/Third_Party/FreeRTOS/Source/tasks.o
 .bss.pxOverflowDelayedTaskList
                0x0000000020002678        0x4 Middlewares/Third_Party/FreeRTOS/Source/tasks.o
 .bss.xPendingReadyList
                0x000000002000267c       0x14 Middlewares/Third_Party/FreeRTOS/Source/tasks.o
 .bss.xTasksWaitingTermination
                0x0000000020002690       0x14 Middlewares/Third_Party/FreeRTOS/Source/tasks.o
 .bss.uxDeletedTasksWaitingCleanUp
                0x00000000200026a4        0x4 Middlewares/Third_Party/FreeRTOS/Source/tasks.o
 .bss.xSuspendedTaskList
                0x00000000200026a8       0x14 Middlewares/Third_Party/FreeRTOS/Source/tasks.o
 .bss.uxCurrentNumberOfTasks
                0x00000000200026bc        0x4 Middlewares/Third_Party/FreeRTOS/Source/tasks.o
 .bss.xTickCount
                0x00000000200026c0        0x4 Middlewares/Third_Party/FreeRTOS/Source/tasks.o
 .bss.uxTopReadyPriority
                0x00000000200026c4        0x4 Middlewares/Third_Party/FreeRTOS/Source/tasks.o
 .bss.xSchedulerRunning
                0x00000000200026c8        0x4 Middlewares/Third_Party/FreeRTOS/Source/tasks.o
 .bss.uxPendedTicks
                0x00000000200026cc        0x4 Middlewares/Third_Party/FreeRTOS/Source/tasks.o
 .bss.xYieldPending
                0x00000000200026d0        0x4 Middlewares/Third_Party/FreeRTOS/Source/tasks.o
 .bss.xNumOfOverflows
                0x00000000200026d4        0x4 Middlewares/Third_Party/FreeRTOS/Source/tasks.o
 .bss.uxTaskNumber
                0x00000000200026d8        0x4 Middlewares/Third_Party/FreeRTOS/Source/tasks.o
 .bss.xNextTaskUnblockTime
                0x00000000200026dc        0x4 Middlewares/Third_Party/FreeRTOS/Source/tasks.o
 .bss.xIdleTaskHandle
                0x00000000200026e0        0x4 Middlewares/Third_Party/FreeRTOS/Source/tasks.o
 .bss.uxSchedulerSuspended
                0x00000000200026e4        0x4 Middlewares/Third_Party/FreeRTOS/Source/tasks.o
 .bss.ulTaskSwitchedInTime
                0x00000000200026e8        0x4 Middlewares/Third_Party/FreeRTOS/Source/tasks.o
 .bss.ulTotalRunTime
                0x00000000200026ec        0x4 Middlewares/Third_Party/FreeRTOS/Source/tasks.o
 .bss.xActiveTimerList1
                0x00000000200026f0       0x14 Middlewares/Third_Party/FreeRTOS/Source/timers.o
 .bss.xActiveTimerList2
                0x0000000020002704       0x14 Middlewares/Third_Party/FreeRTOS/Source/timers.o
 .bss.pxCurrentTimerList
                0x0000000020002718        0x4 Middlewares/Third_Party/FreeRTOS/Source/timers.o
 .bss.pxOverflowTimerList
                0x000000002000271c        0x4 Middlewares/Third_Party/FreeRTOS/Source/timers.o
 .bss.xTimerQueue
                0x0000000020002720        0x4 Middlewares/Third_Party/FreeRTOS/Source/timers.o
 .bss.xTimerTaskHandle
                0x0000000020002724        0x4 Middlewares/Third_Party/FreeRTOS/Source/timers.o
 .bss.xLastTime.5457
                0x0000000020002728        0x4 Middlewares/Third_Party/FreeRTOS/Source/timers.o
 .bss.ucStaticTimerQueueStorage.5508
                0x000000002000272c       0xa0 Middlewares/Third_Party/FreeRTOS/Source/timers.o
 .bss.xStaticTimerQueue.5507
                0x00000000200027cc       0x50 Middlewares/Third_Party/FreeRTOS/Source/timers.o
 .bss.ucMaxSysCallPriority
                0x000000002000281c        0x1 Middlewares/Third_Party/FreeRTOS/Source/portable/GCC/ARM_CM3/port.o
 *fill*         0x000000002000281d        0x3 
 .bss.ulMaxPRIGROUPValue
                0x0000000020002820        0x4 Middlewares/Third_Party/FreeRTOS/Source/portable/GCC/ARM_CM3/port.o
 .bss.xStart    0x0000000020002824        0x8 Middlewares/Third_Party/FreeRTOS/Source/portable/MemMang/heap_5.o
 .bss.pxEnd     0x000000002000282c        0x4 Middlewares/Third_Party/FreeRTOS/Source/portable/MemMang/heap_5.o
 .bss.xFreeBytesRemaining
                0x0000000020002830        0x4 Middlewares/Third_Party/FreeRTOS/Source/portable/MemMang/heap_5.o
 .bss.xMinimumEverFreeBytesRemaining
                0x0000000020002834        0x4 Middlewares/Third_Party/FreeRTOS/Source/portable/MemMang/heap_5.o
 .bss.xBlockAllocatedBit
                0x0000000020002838        0x4 Middlewares/Third_Party/FreeRTOS/Source/portable/MemMang/heap_5.o
 *(COMMON)
 COMMON         0x000000002000283c      0x14c Core/Src/main.o
                0x000000002000283c                xStreamBuffer
                0x0000000020002840                enviaTaskHandle
                0x0000000020002844                habENVHandle
                0x0000000020002848                aquisitaTaskHandle
                0x000000002000284c                hrtc
                0x0000000020002860                zStreamBuffer
                0x0000000020002864                htim1
                0x00000000200028a4                hspi1
                0x00000000200028fc                habAQHandle
                0x0000000020002900                hdma_spi1_rx
                0x0000000020002944                hdma_spi1_tx
 COMMON         0x0000000020002988       0x40 Core/Src/stm32f1xx_hal_timebase_tim.o
                0x0000000020002988                htim2
 COMMON         0x00000000200029c8        0x4 Drivers/STM32F1xx_HAL_Driver/Src/stm32f1xx_hal.o
                0x00000000200029c8                uwTick
 COMMON         0x00000000200029cc       0x40 Middlewares/Third_Party/FreeRTOS/Source/queue.o
                0x00000000200029cc                xQueueRegistry
                0x0000000020002a0c                . = ALIGN (0x4)
                0x0000000020002a0c                _ebss = .
                0x0000000020002a0c                __bss_end__ = _ebss

._user_heap_stack
                0x0000000020002a0c      0x604 load address 0x00000000080073a4
                0x0000000020002a10                . = ALIGN (0x8)
 *fill*         0x0000000020002a0c        0x4 
                0x0000000020002a10                PROVIDE (end = .)
                [!provide]                        PROVIDE (_end = .)
                0x0000000020002c10                . = (. + _Min_Heap_Size)
 *fill*         0x0000000020002a10      0x200 
                0x0000000020003010                . = (. + _Min_Stack_Size)
 *fill*         0x0000000020002c10      0x400 
                0x0000000020003010                . = ALIGN (0x8)

/DISCARD/
 libc.a(*)
 libm.a(*)
 libgcc.a(*)

.ARM.attributes
                0x0000000000000000       0x29
 *(.ARM.attributes)
 .ARM.attributes
                0x0000000000000000       0x1d c:/st/stm32cubeide_1.3.0/stm32cubeide/plugins/com.st.stm32cube.ide.mcu.externaltools.gnu-tools-for-stm32.7-2018-q2-update.win32_1.0.0.201904181610/tools/bin/../lib/gcc/arm-none-eabi/7.3.1/thumb/v7-m/crti.o
 .ARM.attributes
                0x000000000000001d       0x2d c:/st/stm32cubeide_1.3.0/stm32cubeide/plugins/com.st.stm32cube.ide.mcu.externaltools.gnu-tools-for-stm32.7-2018-q2-update.win32_1.0.0.201904181610/tools/bin/../lib/gcc/arm-none-eabi/7.3.1/thumb/v7-m/crtbegin.o
 .ARM.attributes
                0x000000000000004a       0x33 Core/Src/freertos.o
 .ARM.attributes
                0x000000000000007d       0x33 Core/Src/main.o
 .ARM.attributes
                0x00000000000000b0       0x33 Core/Src/stm32f1xx_hal_msp.o
 .ARM.attributes
                0x00000000000000e3       0x33 Core/Src/stm32f1xx_hal_timebase_tim.o
 .ARM.attributes
                0x0000000000000116       0x33 Core/Src/stm32f1xx_it.o
 .ARM.attributes
                0x0000000000000149       0x33 Core/Src/system_stm32f1xx.o
 .ARM.attributes
                0x000000000000017c       0x21 Core/Startup/startup_stm32f103c8tx.o
 .ARM.attributes
                0x000000000000019d       0x33 Drivers/STM32F1xx_HAL_Driver/Src/stm32f1xx_hal.o
 .ARM.attributes
                0x00000000000001d0       0x33 Drivers/STM32F1xx_HAL_Driver/Src/stm32f1xx_hal_cortex.o
 .ARM.attributes
                0x0000000000000203       0x33 Drivers/STM32F1xx_HAL_Driver/Src/stm32f1xx_hal_dma.o
 .ARM.attributes
                0x0000000000000236       0x33 Drivers/STM32F1xx_HAL_Driver/Src/stm32f1xx_hal_gpio.o
 .ARM.attributes
                0x0000000000000269       0x33 Drivers/STM32F1xx_HAL_Driver/Src/stm32f1xx_hal_pwr.o
 .ARM.attributes
                0x000000000000029c       0x33 Drivers/STM32F1xx_HAL_Driver/Src/stm32f1xx_hal_rcc.o
 .ARM.attributes
                0x00000000000002cf       0x33 Drivers/STM32F1xx_HAL_Driver/Src/stm32f1xx_hal_rcc_ex.o
 .ARM.attributes
                0x0000000000000302       0x33 Drivers/STM32F1xx_HAL_Driver/Src/stm32f1xx_hal_rtc.o
 .ARM.attributes
                0x0000000000000335       0x33 Drivers/STM32F1xx_HAL_Driver/Src/stm32f1xx_hal_spi.o
 .ARM.attributes
                0x0000000000000368       0x33 Drivers/STM32F1xx_HAL_Driver/Src/stm32f1xx_hal_tim.o
 .ARM.attributes
                0x000000000000039b       0x33 Drivers/STM32F1xx_HAL_Driver/Src/stm32f1xx_hal_tim_ex.o
 .ARM.attributes
                0x00000000000003ce       0x33 Middlewares/Third_Party/FreeRTOS/Source/CMSIS_RTOS_V2/cmsis_os2.o
 .ARM.attributes
                0x0000000000000401       0x33 Middlewares/Third_Party/FreeRTOS/Source/list.o
 .ARM.attributes
                0x0000000000000434       0x33 Middlewares/Third_Party/FreeRTOS/Source/queue.o
 .ARM.attributes
                0x0000000000000467       0x33 Middlewares/Third_Party/FreeRTOS/Source/stream_buffer.o
 .ARM.attributes
                0x000000000000049a       0x33 Middlewares/Third_Party/FreeRTOS/Source/tasks.o
 .ARM.attributes
                0x00000000000004cd       0x33 Middlewares/Third_Party/FreeRTOS/Source/timers.o
 .ARM.attributes
                0x0000000000000500       0x33 Middlewares/Third_Party/FreeRTOS/Source/portable/GCC/ARM_CM3/port.o
 .ARM.attributes
                0x0000000000000533       0x33 Middlewares/Third_Party/FreeRTOS/Source/portable/MemMang/heap_5.o
 .ARM.attributes
                0x0000000000000566       0x2d c:/st/stm32cubeide_1.3.0/stm32cubeide/plugins/com.st.stm32cube.ide.mcu.externaltools.gnu-tools-for-stm32.7-2018-q2-update.win32_1.0.0.201904181610/tools/bin/../lib/gcc/arm-none-eabi/7.3.1/../../../../arm-none-eabi/lib/thumb/v7-m\libc_nano.a(lib_a-init.o)
 .ARM.attributes
                0x0000000000000593       0x2d c:/st/stm32cubeide_1.3.0/stm32cubeide/plugins/com.st.stm32cube.ide.mcu.externaltools.gnu-tools-for-stm32.7-2018-q2-update.win32_1.0.0.201904181610/tools/bin/../lib/gcc/arm-none-eabi/7.3.1/../../../../arm-none-eabi/lib/thumb/v7-m\libc_nano.a(lib_a-memcpy-stub.o)
 .ARM.attributes
                0x00000000000005c0       0x2d c:/st/stm32cubeide_1.3.0/stm32cubeide/plugins/com.st.stm32cube.ide.mcu.externaltools.gnu-tools-for-stm32.7-2018-q2-update.win32_1.0.0.201904181610/tools/bin/../lib/gcc/arm-none-eabi/7.3.1/../../../../arm-none-eabi/lib/thumb/v7-m\libc_nano.a(lib_a-memset.o)
 .ARM.attributes
                0x00000000000005ed       0x1d c:/st/stm32cubeide_1.3.0/stm32cubeide/plugins/com.st.stm32cube.ide.mcu.externaltools.gnu-tools-for-stm32.7-2018-q2-update.win32_1.0.0.201904181610/tools/bin/../lib/gcc/arm-none-eabi/7.3.1/thumb/v7-m/crtn.o
OUTPUT(ad7606_ADCT_2buf_allAD_spi.elf elf32-littlearm)

.debug_info     0x0000000000000000    0x1a680
 .debug_info    0x0000000000000000      0x18e Core/Src/freertos.o
 .debug_info    0x000000000000018e     0x15ec Core/Src/main.o
 .debug_info    0x000000000000177a      0xf00 Core/Src/stm32f1xx_hal_msp.o
 .debug_info    0x000000000000267a      0x8e8 Core/Src/stm32f1xx_hal_timebase_tim.o
 .debug_info    0x0000000000002f62      0x959 Core/Src/stm32f1xx_it.o
 .debug_info    0x00000000000038bb      0x433 Core/Src/system_stm32f1xx.o
 .debug_info    0x0000000000003cee       0x22 Core/Startup/startup_stm32f103c8tx.o
 .debug_info    0x0000000000003d10      0x6fe Drivers/STM32F1xx_HAL_Driver/Src/stm32f1xx_hal.o
 .debug_info    0x000000000000440e      0xb46 Drivers/STM32F1xx_HAL_Driver/Src/stm32f1xx_hal_cortex.o
 .debug_info    0x0000000000004f54      0x7a6 Drivers/STM32F1xx_HAL_Driver/Src/stm32f1xx_hal_dma.o
 .debug_info    0x00000000000056fa      0x681 Drivers/STM32F1xx_HAL_Driver/Src/stm32f1xx_hal_gpio.o
 .debug_info    0x0000000000005d7b      0x6d7 Drivers/STM32F1xx_HAL_Driver/Src/stm32f1xx_hal_pwr.o
 .debug_info    0x0000000000006452      0x804 Drivers/STM32F1xx_HAL_Driver/Src/stm32f1xx_hal_rcc.o
 .debug_info    0x0000000000006c56      0x439 Drivers/STM32F1xx_HAL_Driver/Src/stm32f1xx_hal_rcc_ex.o
 .debug_info    0x000000000000708f      0xd24 Drivers/STM32F1xx_HAL_Driver/Src/stm32f1xx_hal_rtc.o
 .debug_info    0x0000000000007db3     0x153a Drivers/STM32F1xx_HAL_Driver/Src/stm32f1xx_hal_spi.o
 .debug_info    0x00000000000092ed     0x2456 Drivers/STM32F1xx_HAL_Driver/Src/stm32f1xx_hal_tim.o
 .debug_info    0x000000000000b743     0x1104 Drivers/STM32F1xx_HAL_Driver/Src/stm32f1xx_hal_tim_ex.o
 .debug_info    0x000000000000c847     0x40c5 Middlewares/Third_Party/FreeRTOS/Source/CMSIS_RTOS_V2/cmsis_os2.o
 .debug_info    0x000000000001090c      0xac5 Middlewares/Third_Party/FreeRTOS/Source/list.o
 .debug_info    0x00000000000113d1     0x22e8 Middlewares/Third_Party/FreeRTOS/Source/queue.o
 .debug_info    0x00000000000136b9     0x1aa3 Middlewares/Third_Party/FreeRTOS/Source/stream_buffer.o
 .debug_info    0x000000000001515c     0x298d Middlewares/Third_Party/FreeRTOS/Source/tasks.o
 .debug_info    0x0000000000017ae9     0x1a2e Middlewares/Third_Party/FreeRTOS/Source/timers.o
 .debug_info    0x0000000000019517      0x4d2 Middlewares/Third_Party/FreeRTOS/Source/portable/GCC/ARM_CM3/port.o
 .debug_info    0x00000000000199e9      0xc97 Middlewares/Third_Party/FreeRTOS/Source/portable/MemMang/heap_5.o

.debug_abbrev   0x0000000000000000     0x36e8
 .debug_abbrev  0x0000000000000000       0xc8 Core/Src/freertos.o
 .debug_abbrev  0x00000000000000c8      0x279 Core/Src/main.o
 .debug_abbrev  0x0000000000000341      0x1f8 Core/Src/stm32f1xx_hal_msp.o
 .debug_abbrev  0x0000000000000539      0x19d Core/Src/stm32f1xx_hal_timebase_tim.o
 .debug_abbrev  0x00000000000006d6      0x169 Core/Src/stm32f1xx_it.o
 .debug_abbrev  0x000000000000083f      0x134 Core/Src/system_stm32f1xx.o
 .debug_abbrev  0x0000000000000973       0x12 Core/Startup/startup_stm32f103c8tx.o
 .debug_abbrev  0x0000000000000985      0x1d8 Drivers/STM32F1xx_HAL_Driver/Src/stm32f1xx_hal.o
 .debug_abbrev  0x0000000000000b5d      0x2d5 Drivers/STM32F1xx_HAL_Driver/Src/stm32f1xx_hal_cortex.o
 .debug_abbrev  0x0000000000000e32      0x1fe Drivers/STM32F1xx_HAL_Driver/Src/stm32f1xx_hal_dma.o
 .debug_abbrev  0x0000000000001030      0x1c0 Drivers/STM32F1xx_HAL_Driver/Src/stm32f1xx_hal_gpio.o
 .debug_abbrev  0x00000000000011f0      0x1f2 Drivers/STM32F1xx_HAL_Driver/Src/stm32f1xx_hal_pwr.o
 .debug_abbrev  0x00000000000013e2      0x243 Drivers/STM32F1xx_HAL_Driver/Src/stm32f1xx_hal_rcc.o
 .debug_abbrev  0x0000000000001625      0x175 Drivers/STM32F1xx_HAL_Driver/Src/stm32f1xx_hal_rcc_ex.o
 .debug_abbrev  0x000000000000179a      0x20a Drivers/STM32F1xx_HAL_Driver/Src/stm32f1xx_hal_rtc.o
 .debug_abbrev  0x00000000000019a4      0x240 Drivers/STM32F1xx_HAL_Driver/Src/stm32f1xx_hal_spi.o
 .debug_abbrev  0x0000000000001be4      0x230 Drivers/STM32F1xx_HAL_Driver/Src/stm32f1xx_hal_tim.o
 .debug_abbrev  0x0000000000001e14      0x21e Drivers/STM32F1xx_HAL_Driver/Src/stm32f1xx_hal_tim_ex.o
 .debug_abbrev  0x0000000000002032      0x38d Middlewares/Third_Party/FreeRTOS/Source/CMSIS_RTOS_V2/cmsis_os2.o
 .debug_abbrev  0x00000000000023bf      0x1cf Middlewares/Third_Party/FreeRTOS/Source/list.o
 .debug_abbrev  0x000000000000258e      0x354 Middlewares/Third_Party/FreeRTOS/Source/queue.o
 .debug_abbrev  0x00000000000028e2      0x345 Middlewares/Third_Party/FreeRTOS/Source/stream_buffer.o
 .debug_abbrev  0x0000000000002c27      0x350 Middlewares/Third_Party/FreeRTOS/Source/tasks.o
 .debug_abbrev  0x0000000000002f77      0x2d7 Middlewares/Third_Party/FreeRTOS/Source/timers.o
 .debug_abbrev  0x000000000000324e      0x205 Middlewares/Third_Party/FreeRTOS/Source/portable/GCC/ARM_CM3/port.o
 .debug_abbrev  0x0000000000003453      0x295 Middlewares/Third_Party/FreeRTOS/Source/portable/MemMang/heap_5.o

.debug_aranges  0x0000000000000000     0x1628
 .debug_aranges
                0x0000000000000000       0x28 Core/Src/freertos.o
 .debug_aranges
                0x0000000000000028       0xa8 Core/Src/main.o
 .debug_aranges
                0x00000000000000d0       0x50 Core/Src/stm32f1xx_hal_msp.o
 .debug_aranges
                0x0000000000000120       0x30 Core/Src/stm32f1xx_hal_timebase_tim.o
 .debug_aranges
                0x0000000000000150       0x78 Core/Src/stm32f1xx_it.o
 .debug_aranges
                0x00000000000001c8       0x28 Core/Src/system_stm32f1xx.o
 .debug_aranges
                0x00000000000001f0       0x28 Core/Startup/startup_stm32f103c8tx.o
 .debug_aranges
                0x0000000000000218       0xe0 Drivers/STM32F1xx_HAL_Driver/Src/stm32f1xx_hal.o
 .debug_aranges
                0x00000000000002f8      0x100 Drivers/STM32F1xx_HAL_Driver/Src/stm32f1xx_hal_cortex.o
 .debug_aranges
                0x00000000000003f8       0x80 Drivers/STM32F1xx_HAL_Driver/Src/stm32f1xx_hal_dma.o
 .debug_aranges
                0x0000000000000478       0x58 Drivers/STM32F1xx_HAL_Driver/Src/stm32f1xx_hal_gpio.o
 .debug_aranges
                0x00000000000004d0       0xa8 Drivers/STM32F1xx_HAL_Driver/Src/stm32f1xx_hal_pwr.o
 .debug_aranges
                0x0000000000000578       0x90 Drivers/STM32F1xx_HAL_Driver/Src/stm32f1xx_hal_rcc.o
 .debug_aranges
                0x0000000000000608       0x30 Drivers/STM32F1xx_HAL_Driver/Src/stm32f1xx_hal_rcc_ex.o
 .debug_aranges
                0x0000000000000638       0xf8 Drivers/STM32F1xx_HAL_Driver/Src/stm32f1xx_hal_rtc.o
 .debug_aranges
                0x0000000000000730      0x1d0 Drivers/STM32F1xx_HAL_Driver/Src/stm32f1xx_hal_spi.o
 .debug_aranges
                0x0000000000000900      0x3a8 Drivers/STM32F1xx_HAL_Driver/Src/stm32f1xx_hal_tim.o
 .debug_aranges
                0x0000000000000ca8      0x150 Drivers/STM32F1xx_HAL_Driver/Src/stm32f1xx_hal_tim_ex.o
 .debug_aranges
                0x0000000000000df8      0x228 Middlewares/Third_Party/FreeRTOS/Source/CMSIS_RTOS_V2/cmsis_os2.o
 .debug_aranges
                0x0000000000001020       0x40 Middlewares/Third_Party/FreeRTOS/Source/list.o
 .debug_aranges
                0x0000000000001060      0x158 Middlewares/Third_Party/FreeRTOS/Source/queue.o
 .debug_aranges
                0x00000000000011b8       0xd8 Middlewares/Third_Party/FreeRTOS/Source/stream_buffer.o
 .debug_aranges
                0x0000000000001290      0x1f8 Middlewares/Third_Party/FreeRTOS/Source/tasks.o
 .debug_aranges
                0x0000000000001488       0xe0 Middlewares/Third_Party/FreeRTOS/Source/timers.o
 .debug_aranges
                0x0000000000001568       0x78 Middlewares/Third_Party/FreeRTOS/Source/portable/GCC/ARM_CM3/port.o
 .debug_aranges
                0x00000000000015e0       0x48 Middlewares/Third_Party/FreeRTOS/Source/portable/MemMang/heap_5.o

.debug_ranges   0x0000000000000000     0x1490
 .debug_ranges  0x0000000000000000       0x18 Core/Src/freertos.o
 .debug_ranges  0x0000000000000018       0x98 Core/Src/main.o
 .debug_ranges  0x00000000000000b0       0x40 Core/Src/stm32f1xx_hal_msp.o
 .debug_ranges  0x00000000000000f0       0x20 Core/Src/stm32f1xx_hal_timebase_tim.o
 .debug_ranges  0x0000000000000110       0x68 Core/Src/stm32f1xx_it.o
 .debug_ranges  0x0000000000000178       0x18 Core/Src/system_stm32f1xx.o
 .debug_ranges  0x0000000000000190       0x20 Core/Startup/startup_stm32f103c8tx.o
 .debug_ranges  0x00000000000001b0       0xd0 Drivers/STM32F1xx_HAL_Driver/Src/stm32f1xx_hal.o
 .debug_ranges  0x0000000000000280       0xf0 Drivers/STM32F1xx_HAL_Driver/Src/stm32f1xx_hal_cortex.o
 .debug_ranges  0x0000000000000370       0x70 Drivers/STM32F1xx_HAL_Driver/Src/stm32f1xx_hal_dma.o
 .debug_ranges  0x00000000000003e0       0x48 Drivers/STM32F1xx_HAL_Driver/Src/stm32f1xx_hal_gpio.o
 .debug_ranges  0x0000000000000428       0x98 Drivers/STM32F1xx_HAL_Driver/Src/stm32f1xx_hal_pwr.o
 .debug_ranges  0x00000000000004c0       0x80 Drivers/STM32F1xx_HAL_Driver/Src/stm32f1xx_hal_rcc.o
 .debug_ranges  0x0000000000000540       0x20 Drivers/STM32F1xx_HAL_Driver/Src/stm32f1xx_hal_rcc_ex.o
 .debug_ranges  0x0000000000000560       0xe8 Drivers/STM32F1xx_HAL_Driver/Src/stm32f1xx_hal_rtc.o
 .debug_ranges  0x0000000000000648      0x1c0 Drivers/STM32F1xx_HAL_Driver/Src/stm32f1xx_hal_spi.o
 .debug_ranges  0x0000000000000808      0x398 Drivers/STM32F1xx_HAL_Driver/Src/stm32f1xx_hal_tim.o
 .debug_ranges  0x0000000000000ba0      0x140 Drivers/STM32F1xx_HAL_Driver/Src/stm32f1xx_hal_tim_ex.o
 .debug_ranges  0x0000000000000ce0      0x218 Middlewares/Third_Party/FreeRTOS/Source/CMSIS_RTOS_V2/cmsis_os2.o
 .debug_ranges  0x0000000000000ef8       0x30 Middlewares/Third_Party/FreeRTOS/Source/list.o
 .debug_ranges  0x0000000000000f28      0x148 Middlewares/Third_Party/FreeRTOS/Source/queue.o
 .debug_ranges  0x0000000000001070       0xc8 Middlewares/Third_Party/FreeRTOS/Source/stream_buffer.o
 .debug_ranges  0x0000000000001138      0x1e8 Middlewares/Third_Party/FreeRTOS/Source/tasks.o
 .debug_ranges  0x0000000000001320       0xd0 Middlewares/Third_Party/FreeRTOS/Source/timers.o
 .debug_ranges  0x00000000000013f0       0x68 Middlewares/Third_Party/FreeRTOS/Source/portable/GCC/ARM_CM3/port.o
 .debug_ranges  0x0000000000001458       0x38 Middlewares/Third_Party/FreeRTOS/Source/portable/MemMang/heap_5.o

.debug_macro    0x0000000000000000    0x16346
 .debug_macro   0x0000000000000000      0x225 Core/Src/freertos.o
 .debug_macro   0x0000000000000225      0xa5a Core/Src/freertos.o
 .debug_macro   0x0000000000000c7f      0x174 Core/Src/freertos.o
 .debug_macro   0x0000000000000df3       0x22 Core/Src/freertos.o
 .debug_macro   0x0000000000000e15       0x8e Core/Src/freertos.o
 .debug_macro   0x0000000000000ea3       0x51 Core/Src/freertos.o
 .debug_macro   0x0000000000000ef4       0xef Core/Src/freertos.o
 .debug_macro   0x0000000000000fe3       0x6a Core/Src/freertos.o
 .debug_macro   0x000000000000104d      0x1df Core/Src/freertos.o
 .debug_macro   0x000000000000122c      0x138 Core/Src/freertos.o
 .debug_macro   0x0000000000001364      0x15a Core/Src/freertos.o
 .debug_macro   0x00000000000014be       0xc2 Core/Src/freertos.o
 .debug_macro   0x0000000000001580       0x10 Core/Src/freertos.o
 .debug_macro   0x0000000000001590       0x1f Core/Src/freertos.o
 .debug_macro   0x00000000000015af      0x471 Core/Src/freertos.o
 .debug_macro   0x0000000000001a20       0xb5 Core/Src/freertos.o
 .debug_macro   0x0000000000001ad5       0x8c Core/Src/freertos.o
 .debug_macro   0x0000000000001b61      0x227 Core/Src/freertos.o
 .debug_macro   0x0000000000001d88       0x2e Core/Src/freertos.o
 .debug_macro   0x0000000000001db6       0x22 Core/Src/freertos.o
 .debug_macro   0x0000000000001dd8       0x1c Core/Src/freertos.o
 .debug_macro   0x0000000000001df4       0x22 Core/Src/freertos.o
 .debug_macro   0x0000000000001e16       0xc3 Core/Src/freertos.o
 .debug_macro   0x0000000000001ed9      0xd23 Core/Src/freertos.o
 .debug_macro   0x0000000000002bfc     0xe09e Core/Src/freertos.o
 .debug_macro   0x0000000000010c9a       0x43 Core/Src/freertos.o
 .debug_macro   0x0000000000010cdd       0x5a Core/Src/freertos.o
 .debug_macro   0x0000000000010d37      0x5be Core/Src/freertos.o
 .debug_macro   0x00000000000112f5      0x289 Core/Src/freertos.o
 .debug_macro   0x000000000001157e      0x1cb Core/Src/freertos.o
 .debug_macro   0x0000000000011749      0x114 Core/Src/freertos.o
 .debug_macro   0x000000000001185d      0x1b2 Core/Src/freertos.o
 .debug_macro   0x0000000000011a0f       0x27 Core/Src/freertos.o
 .debug_macro   0x0000000000011a36      0x136 Core/Src/freertos.o
 .debug_macro   0x0000000000011b6c      0x1bc Core/Src/freertos.o
 .debug_macro   0x0000000000011d28       0x34 Core/Src/freertos.o
 .debug_macro   0x0000000000011d5c       0x3c Core/Src/freertos.o
 .debug_macro   0x0000000000011d98       0x57 Core/Src/freertos.o
 .debug_macro   0x0000000000011def       0x88 Core/Src/freertos.o
 .debug_macro   0x0000000000011e77      0x241 Core/Src/freertos.o
 .debug_macro   0x00000000000120b8      0x141 Core/Src/freertos.o
 .debug_macro   0x00000000000121f9      0x1ef Core/Src/freertos.o
 .debug_macro   0x00000000000123e8       0xec Core/Src/freertos.o
 .debug_macro   0x00000000000124d4      0x217 Core/Src/freertos.o
 .debug_macro   0x00000000000126eb      0x88b Core/Src/freertos.o
 .debug_macro   0x0000000000012f76       0x83 Core/Src/freertos.o
 .debug_macro   0x0000000000012ff9      0x142 Core/Src/freertos.o
 .debug_macro   0x000000000001313b      0x23d Core/Src/main.o
 .debug_macro   0x0000000000013378       0x5b Core/Src/main.o
 .debug_macro   0x00000000000133d3       0x74 Core/Src/main.o
 .debug_macro   0x0000000000013447      0x138 Core/Src/main.o
 .debug_macro   0x000000000001357f       0xdd Core/Src/main.o
 .debug_macro   0x000000000001365c       0x18 Core/Src/main.o
 .debug_macro   0x0000000000013674      0x1bd Core/Src/stm32f1xx_hal_msp.o
 .debug_macro   0x0000000000013831      0x1ae Core/Src/stm32f1xx_hal_timebase_tim.o
 .debug_macro   0x00000000000139df      0x22f Core/Src/stm32f1xx_it.o
 .debug_macro   0x0000000000013c0e      0x1b4 Core/Src/system_stm32f1xx.o
 .debug_macro   0x0000000000013dc2      0x1d2 Drivers/STM32F1xx_HAL_Driver/Src/stm32f1xx_hal.o
 .debug_macro   0x0000000000013f94      0x1ae Drivers/STM32F1xx_HAL_Driver/Src/stm32f1xx_hal_cortex.o
 .debug_macro   0x0000000000014142      0x1ae Drivers/STM32F1xx_HAL_Driver/Src/stm32f1xx_hal_dma.o
 .debug_macro   0x00000000000142f0      0x219 Drivers/STM32F1xx_HAL_Driver/Src/stm32f1xx_hal_gpio.o
 .debug_macro   0x0000000000014509      0x20e Drivers/STM32F1xx_HAL_Driver/Src/stm32f1xx_hal_pwr.o
 .debug_macro   0x0000000000014717      0x1c0 Drivers/STM32F1xx_HAL_Driver/Src/stm32f1xx_hal_rcc.o
 .debug_macro   0x00000000000148d7      0x1ae Drivers/STM32F1xx_HAL_Driver/Src/stm32f1xx_hal_rcc_ex.o
 .debug_macro   0x0000000000014a85      0x1bd Drivers/STM32F1xx_HAL_Driver/Src/stm32f1xx_hal_rtc.o
 .debug_macro   0x0000000000014c42      0x1b6 Drivers/STM32F1xx_HAL_Driver/Src/stm32f1xx_hal_spi.o
 .debug_macro   0x0000000000014df8      0x1af Drivers/STM32F1xx_HAL_Driver/Src/stm32f1xx_hal_tim.o
 .debug_macro   0x0000000000014fa7      0x1ae Drivers/STM32F1xx_HAL_Driver/Src/stm32f1xx_hal_tim_ex.o
 .debug_macro   0x0000000000015155      0x23a Middlewares/Third_Party/FreeRTOS/Source/CMSIS_RTOS_V2/cmsis_os2.o
 .debug_macro   0x000000000001538f       0x10 Middlewares/Third_Party/FreeRTOS/Source/CMSIS_RTOS_V2/cmsis_os2.o
 .debug_macro   0x000000000001539f       0x20 Middlewares/Third_Party/FreeRTOS/Source/CMSIS_RTOS_V2/cmsis_os2.o
 .debug_macro   0x00000000000153bf       0x10 Middlewares/Third_Party/FreeRTOS/Source/CMSIS_RTOS_V2/cmsis_os2.o
 .debug_macro   0x00000000000153cf       0xb7 Middlewares/Third_Party/FreeRTOS/Source/CMSIS_RTOS_V2/cmsis_os2.o
 .debug_macro   0x0000000000015486       0x91 Middlewares/Third_Party/FreeRTOS/Source/CMSIS_RTOS_V2/cmsis_os2.o
 .debug_macro   0x0000000000015517       0x8d Middlewares/Third_Party/FreeRTOS/Source/CMSIS_RTOS_V2/cmsis_os2.o
 .debug_macro   0x00000000000155a4       0x9a Middlewares/Third_Party/FreeRTOS/Source/CMSIS_RTOS_V2/cmsis_os2.o
 .debug_macro   0x000000000001563e      0x17a Middlewares/Third_Party/FreeRTOS/Source/list.o
 .debug_macro   0x00000000000157b8      0x205 Middlewares/Third_Party/FreeRTOS/Source/queue.o
 .debug_macro   0x00000000000159bd       0x16 Middlewares/Third_Party/FreeRTOS/Source/queue.o
 .debug_macro   0x00000000000159d3      0x1d3 Middlewares/Third_Party/FreeRTOS/Source/stream_buffer.o
 .debug_macro   0x0000000000015ba6       0x46 Middlewares/Third_Party/FreeRTOS/Source/stream_buffer.o
 .debug_macro   0x0000000000015bec      0x27a Middlewares/Third_Party/FreeRTOS/Source/tasks.o
 .debug_macro   0x0000000000015e66       0x10 Middlewares/Third_Party/FreeRTOS/Source/tasks.o
 .debug_macro   0x0000000000015e76      0x1bd Middlewares/Third_Party/FreeRTOS/Source/timers.o
 .debug_macro   0x0000000000016033      0x172 Middlewares/Third_Party/FreeRTOS/Source/portable/GCC/ARM_CM3/port.o
 .debug_macro   0x00000000000161a5      0x1a1 Middlewares/Third_Party/FreeRTOS/Source/portable/MemMang/heap_5.o

.debug_line     0x0000000000000000    0x11a96
 .debug_line    0x0000000000000000      0x7ad Core/Src/freertos.o
 .debug_line    0x00000000000007ad      0x9f7 Core/Src/main.o
 .debug_line    0x00000000000011a4      0x744 Core/Src/stm32f1xx_hal_msp.o
 .debug_line    0x00000000000018e8      0x6d9 Core/Src/stm32f1xx_hal_timebase_tim.o
 .debug_line    0x0000000000001fc1      0x883 Core/Src/stm32f1xx_it.o
 .debug_line    0x0000000000002844      0x6d6 Core/Src/system_stm32f1xx.o
 .debug_line    0x0000000000002f1a       0x84 Core/Startup/startup_stm32f103c8tx.o
 .debug_line    0x0000000000002f9e      0x87e Drivers/STM32F1xx_HAL_Driver/Src/stm32f1xx_hal.o
 .debug_line    0x000000000000381c      0x957 Drivers/STM32F1xx_HAL_Driver/Src/stm32f1xx_hal_cortex.o
 .debug_line    0x0000000000004173      0xae5 Drivers/STM32F1xx_HAL_Driver/Src/stm32f1xx_hal_dma.o
 .debug_line    0x0000000000004c58      0x87e Drivers/STM32F1xx_HAL_Driver/Src/stm32f1xx_hal_gpio.o
 .debug_line    0x00000000000054d6      0x823 Drivers/STM32F1xx_HAL_Driver/Src/stm32f1xx_hal_pwr.o
 .debug_line    0x0000000000005cf9      0x940 Drivers/STM32F1xx_HAL_Driver/Src/stm32f1xx_hal_rcc.o
 .debug_line    0x0000000000006639      0x75e Drivers/STM32F1xx_HAL_Driver/Src/stm32f1xx_hal_rcc_ex.o
 .debug_line    0x0000000000006d97      0xb2b Drivers/STM32F1xx_HAL_Driver/Src/stm32f1xx_hal_rtc.o
 .debug_line    0x00000000000078c2     0x104c Drivers/STM32F1xx_HAL_Driver/Src/stm32f1xx_hal_spi.o
 .debug_line    0x000000000000890e     0x1744 Drivers/STM32F1xx_HAL_Driver/Src/stm32f1xx_hal_tim.o
 .debug_line    0x000000000000a052      0xc91 Drivers/STM32F1xx_HAL_Driver/Src/stm32f1xx_hal_tim_ex.o
 .debug_line    0x000000000000ace3     0x1e27 Middlewares/Third_Party/FreeRTOS/Source/CMSIS_RTOS_V2/cmsis_os2.o
 .debug_line    0x000000000000cb0a      0x66b Middlewares/Third_Party/FreeRTOS/Source/list.o
 .debug_line    0x000000000000d175     0x10f6 Middlewares/Third_Party/FreeRTOS/Source/queue.o
 .debug_line    0x000000000000e26b      0xbe1 Middlewares/Third_Party/FreeRTOS/Source/stream_buffer.o
 .debug_line    0x000000000000ee4c     0x144a Middlewares/Third_Party/FreeRTOS/Source/tasks.o
 .debug_line    0x0000000000010296      0xa22 Middlewares/Third_Party/FreeRTOS/Source/timers.o
 .debug_line    0x0000000000010cb8      0x65d Middlewares/Third_Party/FreeRTOS/Source/portable/GCC/ARM_CM3/port.o
 .debug_line    0x0000000000011315      0x781 Middlewares/Third_Party/FreeRTOS/Source/portable/MemMang/heap_5.o

.debug_str      0x0000000000000000    0x7d79f
 .debug_str     0x0000000000000000    0x6f664 Core/Src/freertos.o
                                      0x6f965 (size before relaxing)
 .debug_str     0x000000000006f664     0x1f15 Core/Src/main.o
                                      0x70c5d (size before relaxing)
 .debug_str     0x0000000000071579       0xd9 Core/Src/stm32f1xx_hal_msp.o
                                      0x6cb1d (size before relaxing)
 .debug_str     0x0000000000071652       0xaa Core/Src/stm32f1xx_hal_timebase_tim.o
                                      0x6c393 (size before relaxing)
 .debug_str     0x00000000000716fc       0xf5 Core/Src/stm32f1xx_it.o
                                      0x6fff9 (size before relaxing)
 .debug_str     0x00000000000717f1       0xc2 Core/Src/system_stm32f1xx.o
                                      0x6bcb1 (size before relaxing)
 .debug_str     0x00000000000718b3       0x36 Core/Startup/startup_stm32f103c8tx.o
                                         0x8a (size before relaxing)
 .debug_str     0x00000000000718e9      0x37a Drivers/STM32F1xx_HAL_Driver/Src/stm32f1xx_hal.o
                                      0x6c2c2 (size before relaxing)
 .debug_str     0x0000000000071c63      0x2bf Drivers/STM32F1xx_HAL_Driver/Src/stm32f1xx_hal_cortex.o
                                      0x6c2d0 (size before relaxing)
 .debug_str     0x0000000000071f22      0x23f Drivers/STM32F1xx_HAL_Driver/Src/stm32f1xx_hal_dma.o
                                      0x6c012 (size before relaxing)
 .debug_str     0x0000000000072161      0x2ff Drivers/STM32F1xx_HAL_Driver/Src/stm32f1xx_hal_gpio.o
                                      0x6bffb (size before relaxing)
 .debug_str     0x0000000000072460      0x519 Drivers/STM32F1xx_HAL_Driver/Src/stm32f1xx_hal_pwr.o
                                      0x6c19a (size before relaxing)
 .debug_str     0x0000000000072979      0x24d Drivers/STM32F1xx_HAL_Driver/Src/stm32f1xx_hal_rcc.o
                                      0x6c034 (size before relaxing)
 .debug_str     0x0000000000072bc6       0xb9 Drivers/STM32F1xx_HAL_Driver/Src/stm32f1xx_hal_rcc_ex.o
                                      0x6bdc1 (size before relaxing)
 .debug_str     0x0000000000072c7f      0x36b Drivers/STM32F1xx_HAL_Driver/Src/stm32f1xx_hal_rtc.o
                                      0x6c147 (size before relaxing)
 .debug_str     0x0000000000072fea      0x52f Drivers/STM32F1xx_HAL_Driver/Src/stm32f1xx_hal_spi.o
                                      0x6c522 (size before relaxing)
 .debug_str     0x0000000000073519      0xd59 Drivers/STM32F1xx_HAL_Driver/Src/stm32f1xx_hal_tim.o
                                      0x6cdff (size before relaxing)
 .debug_str     0x0000000000074272      0x52f Drivers/STM32F1xx_HAL_Driver/Src/stm32f1xx_hal_tim_ex.o
                                      0x6c5ff (size before relaxing)
 .debug_str     0x00000000000747a1     0x5775 Middlewares/Third_Party/FreeRTOS/Source/CMSIS_RTOS_V2/cmsis_os2.o
                                       0xde34 (size before relaxing)
 .debug_str     0x0000000000079f16      0x225 Middlewares/Third_Party/FreeRTOS/Source/list.o
                                       0xa437 (size before relaxing)
 .debug_str     0x000000000007a13b      0x8fd Middlewares/Third_Party/FreeRTOS/Source/queue.o
                                       0xbc5d (size before relaxing)
 .debug_str     0x000000000007aa38      0xb57 Middlewares/Third_Party/FreeRTOS/Source/stream_buffer.o
                                       0xb71c (size before relaxing)
 .debug_str     0x000000000007b58f     0x1308 Middlewares/Third_Party/FreeRTOS/Source/tasks.o
                                       0xc8a1 (size before relaxing)
 .debug_str     0x000000000007c897      0x586 Middlewares/Third_Party/FreeRTOS/Source/timers.o
                                       0xc189 (size before relaxing)
 .debug_str     0x000000000007ce1d      0x6ee Middlewares/Third_Party/FreeRTOS/Source/portable/GCC/ARM_CM3/port.o
                                       0x801b (size before relaxing)
 .debug_str     0x000000000007d50b      0x294 Middlewares/Third_Party/FreeRTOS/Source/portable/MemMang/heap_5.o
                                       0xabdd (size before relaxing)

.comment        0x0000000000000000       0x7b
 .comment       0x0000000000000000       0x7b Core/Src/freertos.o
                                         0x7c (size before relaxing)
 .comment       0x000000000000007b       0x7c Core/Src/main.o
 .comment       0x000000000000007b       0x7c Core/Src/stm32f1xx_hal_msp.o
 .comment       0x000000000000007b       0x7c Core/Src/stm32f1xx_hal_timebase_tim.o
 .comment       0x000000000000007b       0x7c Core/Src/stm32f1xx_it.o
 .comment       0x000000000000007b       0x7c Core/Src/system_stm32f1xx.o
 .comment       0x000000000000007b       0x7c Drivers/STM32F1xx_HAL_Driver/Src/stm32f1xx_hal.o
 .comment       0x000000000000007b       0x7c Drivers/STM32F1xx_HAL_Driver/Src/stm32f1xx_hal_cortex.o
 .comment       0x000000000000007b       0x7c Drivers/STM32F1xx_HAL_Driver/Src/stm32f1xx_hal_dma.o
 .comment       0x000000000000007b       0x7c Drivers/STM32F1xx_HAL_Driver/Src/stm32f1xx_hal_gpio.o
 .comment       0x000000000000007b       0x7c Drivers/STM32F1xx_HAL_Driver/Src/stm32f1xx_hal_pwr.o
 .comment       0x000000000000007b       0x7c Drivers/STM32F1xx_HAL_Driver/Src/stm32f1xx_hal_rcc.o
 .comment       0x000000000000007b       0x7c Drivers/STM32F1xx_HAL_Driver/Src/stm32f1xx_hal_rcc_ex.o
 .comment       0x000000000000007b       0x7c Drivers/STM32F1xx_HAL_Driver/Src/stm32f1xx_hal_rtc.o
 .comment       0x000000000000007b       0x7c Drivers/STM32F1xx_HAL_Driver/Src/stm32f1xx_hal_spi.o
 .comment       0x000000000000007b       0x7c Drivers/STM32F1xx_HAL_Driver/Src/stm32f1xx_hal_tim.o
 .comment       0x000000000000007b       0x7c Drivers/STM32F1xx_HAL_Driver/Src/stm32f1xx_hal_tim_ex.o
 .comment       0x000000000000007b       0x7c Middlewares/Third_Party/FreeRTOS/Source/CMSIS_RTOS_V2/cmsis_os2.o
 .comment       0x000000000000007b       0x7c Middlewares/Third_Party/FreeRTOS/Source/list.o
 .comment       0x000000000000007b       0x7c Middlewares/Third_Party/FreeRTOS/Source/queue.o
 .comment       0x000000000000007b       0x7c Middlewares/Third_Party/FreeRTOS/Source/stream_buffer.o
 .comment       0x000000000000007b       0x7c Middlewares/Third_Party/FreeRTOS/Source/tasks.o
 .comment       0x000000000000007b       0x7c Middlewares/Third_Party/FreeRTOS/Source/timers.o
 .comment       0x000000000000007b       0x7c Middlewares/Third_Party/FreeRTOS/Source/portable/GCC/ARM_CM3/port.o
 .comment       0x000000000000007b       0x7c Middlewares/Third_Party/FreeRTOS/Source/portable/MemMang/heap_5.o

.debug_frame    0x0000000000000000     0x5bc8
 .debug_frame   0x0000000000000000       0x50 Core/Src/freertos.o
 .debug_frame   0x0000000000000050      0x258 Core/Src/main.o
 .debug_frame   0x00000000000002a8      0x110 Core/Src/stm32f1xx_hal_msp.o
 .debug_frame   0x00000000000003b8       0x74 Core/Src/stm32f1xx_hal_timebase_tim.o