Archive member included to satisfy reference by file (symbol)

c:/st/stm32cubeide_1.3.0/stm32cubeide/plugins/com.st.stm32cube.ide.mcu.externaltools.gnu-tools-for-stm32.7-2018-q2-update.win32_1.0.0.201904181610/tools/bin/../lib/gcc/arm-none-eabi/7.3.1/../../../../arm-none-eabi/lib/thumb/v7-m\libc_nano.a(lib_a-errno.o)
                              Core/Src/syscalls.o (__errno)
c:/st/stm32cubeide_1.3.0/stm32cubeide/plugins/com.st.stm32cube.ide.mcu.externaltools.gnu-tools-for-stm32.7-2018-q2-update.win32_1.0.0.201904181610/tools/bin/../lib/gcc/arm-none-eabi/7.3.1/../../../../arm-none-eabi/lib/thumb/v7-m\libc_nano.a(lib_a-exit.o)
                              c:/st/stm32cubeide_1.3.0/stm32cubeide/plugins/com.st.stm32cube.ide.mcu.externaltools.gnu-tools-for-stm32.7-2018-q2-update.win32_1.0.0.201904181610/tools/bin/../lib/gcc/arm-none-eabi/7.3.1/../../../../arm-none-eabi/lib/thumb/v7-m/crt0.o (exit)
c:/st/stm32cubeide_1.3.0/stm32cubeide/plugins/com.st.stm32cube.ide.mcu.externaltools.gnu-tools-for-stm32.7-2018-q2-update.win32_1.0.0.201904181610/tools/bin/../lib/gcc/arm-none-eabi/7.3.1/../../../../arm-none-eabi/lib/thumb/v7-m\libc_nano.a(lib_a-impure.o)
                              c:/st/stm32cubeide_1.3.0/stm32cubeide/plugins/com.st.stm32cube.ide.mcu.externaltools.gnu-tools-for-stm32.7-2018-q2-update.win32_1.0.0.201904181610/tools/bin/../lib/gcc/arm-none-eabi/7.3.1/../../../../arm-none-eabi/lib/thumb/v7-m\libc_nano.a(lib_a-exit.o) (_global_impure_ptr)
c:/st/stm32cubeide_1.3.0/stm32cubeide/plugins/com.st.stm32cube.ide.mcu.externaltools.gnu-tools-for-stm32.7-2018-q2-update.win32_1.0.0.201904181610/tools/bin/../lib/gcc/arm-none-eabi/7.3.1/../../../../arm-none-eabi/lib/thumb/v7-m\libc_nano.a(lib_a-init.o)
                              c:/st/stm32cubeide_1.3.0/stm32cubeide/plugins/com.st.stm32cube.ide.mcu.externaltools.gnu-tools-for-stm32.7-2018-q2-update.win32_1.0.0.201904181610/tools/bin/../lib/gcc/arm-none-eabi/7.3.1/../../../../arm-none-eabi/lib/thumb/v7-m/crt0.o (__libc_init_array)
c:/st/stm32cubeide_1.3.0/stm32cubeide/plugins/com.st.stm32cube.ide.mcu.externaltools.gnu-tools-for-stm32.7-2018-q2-update.win32_1.0.0.201904181610/tools/bin/../lib/gcc/arm-none-eabi/7.3.1/../../../../arm-none-eabi/lib/thumb/v7-m\libc_nano.a(lib_a-memcpy-stub.o)
                              Middlewares/Third_Party/FreeRTOS/Source/CMSIS_RTOS_V2/cmsis_os2.o (memcpy)
c:/st/stm32cubeide_1.3.0/stm32cubeide/plugins/com.st.stm32cube.ide.mcu.externaltools.gnu-tools-for-stm32.7-2018-q2-update.win32_1.0.0.201904181610/tools/bin/../lib/gcc/arm-none-eabi/7.3.1/../../../../arm-none-eabi/lib/thumb/v7-m\libc_nano.a(lib_a-memset.o)
                              c:/st/stm32cubeide_1.3.0/stm32cubeide/plugins/com.st.stm32cube.ide.mcu.externaltools.gnu-tools-for-stm32.7-2018-q2-update.win32_1.0.0.201904181610/tools/bin/../lib/gcc/arm-none-eabi/7.3.1/../../../../arm-none-eabi/lib/thumb/v7-m/crt0.o (memset)

Allocating common symbols
Common symbol       size              file

xStreamBuffer       0x4               Core/Src/main.o
enviaTaskHandle     0x4               Core/Src/main.o
uwTick              0x4               Drivers/STM32F1xx_HAL_Driver/Src/stm32f1xx_hal.o
xQueueRegistry      0x40              Middlewares/Third_Party/FreeRTOS/Source/queue.o
pFlash              0x20              Drivers/STM32F1xx_HAL_Driver/Src/stm32f1xx_hal_flash.o
habENVHandle        0x4               Core/Src/main.o
hrtc                0x14              Core/Src/main.o
zStreamBuffer       0x4               Core/Src/main.o
htim1               0x40              Core/Src/main.o
hspi1               0x58              Core/Src/main.o
htim2               0x40              Core/Src/stm32f1xx_hal_timebase_tim.o
hdma_spi1_rx        0x44              Core/Src/main.o
hdma_spi1_tx        0x44              Core/Src/main.o

Discarded input sections

 .text          0x0000000000000000        0x0 c:/st/stm32cubeide_1.3.0/stm32cubeide/plugins/com.st.stm32cube.ide.mcu.externaltools.gnu-tools-for-stm32.7-2018-q2-update.win32_1.0.0.201904181610/tools/bin/../lib/gcc/arm-none-eabi/7.3.1/thumb/v7-m/crti.o
 .data          0x0000000000000000        0x0 c:/st/stm32cubeide_1.3.0/stm32cubeide/plugins/com.st.stm32cube.ide.mcu.externaltools.gnu-tools-for-stm32.7-2018-q2-update.win32_1.0.0.201904181610/tools/bin/../lib/gcc/arm-none-eabi/7.3.1/thumb/v7-m/crti.o
 .bss           0x0000000000000000        0x0 c:/st/stm32cubeide_1.3.0/stm32cubeide/plugins/com.st.stm32cube.ide.mcu.externaltools.gnu-tools-for-stm32.7-2018-q2-update.win32_1.0.0.201904181610/tools/bin/../lib/gcc/arm-none-eabi/7.3.1/thumb/v7-m/crti.o
 .data          0x0000000000000000        0x4 c:/st/stm32cubeide_1.3.0/stm32cubeide/plugins/com.st.stm32cube.ide.mcu.externaltools.gnu-tools-for-stm32.7-2018-q2-update.win32_1.0.0.201904181610/tools/bin/../lib/gcc/arm-none-eabi/7.3.1/thumb/v7-m/crtbegin.o
[...]
Memory Configuration

Name             Origin             Length             Attributes
RAM              0x0000000020000000 0x0000000000005000 xrw
FLASH            0x0000000008000000 0x0000000000010000 xr
*default*        0x0000000000000000 0xffffffffffffffff

Linker script and memory map

LOAD c:/st/stm32cubeide_1.3.0/stm32cubeide/plugins/com.st.stm32cube.ide.mcu.externaltools.gnu-tools-for-stm32.7-2018-q2-update.win32_1.0.0.201904181610/tools/bin/../lib/gcc/arm-none-eabi/7.3.1/thumb/v7-m/crti.o
LOAD c:/st/stm32cubeide_1.3.0/stm32cubeide/plugins/com.st.stm32cube.ide.mcu.externaltools.gnu-tools-for-stm32.7-2018-q2-update.win32_1.0.0.201904181610/tools/bin/../lib/gcc/arm-none-eabi/7.3.1/thumb/v7-m/crtbegin.o
LOAD c:/st/stm32cubeide_1.3.0/stm32cubeide/plugins/com.st.stm32cube.ide.mcu.externaltools.gnu-tools-for-stm32.7-2018-q2-update.win32_1.0.0.201904181610/tools/bin/../lib/gcc/arm-none-eabi/7.3.1/../../../../arm-none-eabi/lib/thumb/v7-m/crt0.o
LOAD Core/Src/freertos.o
LOAD Core/Src/main.o
LOAD Core/Src/stm32f1xx_hal_msp.o
LOAD Core/Src/stm32f1xx_hal_timebase_tim.o
LOAD Core/Src/stm32f1xx_it.o
LOAD Core/Src/syscalls.o
LOAD Core/Src/sysmem.o
LOAD Core/Src/system_stm32f1xx.o
LOAD Core/Startup/startup_stm32f103c8tx.o
LOAD Drivers/STM32F1xx_HAL_Driver/Src/stm32f1xx_hal.o
LOAD Drivers/STM32F1xx_HAL_Driver/Src/stm32f1xx_hal_cortex.o
LOAD Drivers/STM32F1xx_HAL_Driver/Src/stm32f1xx_hal_dma.o
LOAD Drivers/STM32F1xx_HAL_Driver/Src/stm32f1xx_hal_exti.o
LOAD Drivers/STM32F1xx_HAL_Driver/Src/stm32f1xx_hal_flash.o
LOAD Drivers/STM32F1xx_HAL_Driver/Src/stm32f1xx_hal_flash_ex.o
LOAD Drivers/STM32F1xx_HAL_Driver/Src/stm32f1xx_hal_gpio.o
LOAD Drivers/STM32F1xx_HAL_Driver/Src/stm32f1xx_hal_gpio_ex.o
LOAD Drivers/STM32F1xx_HAL_Driver/Src/stm32f1xx_hal_pwr.o
LOAD Drivers/STM32F1xx_HAL_Driver/Src/stm32f1xx_hal_rcc.o
LOAD Drivers/STM32F1xx_HAL_Driver/Src/stm32f1xx_hal_rcc_ex.o
LOAD Drivers/STM32F1xx_HAL_Driver/Src/stm32f1xx_hal_rtc.o
LOAD Drivers/STM32F1xx_HAL_Driver/Src/stm32f1xx_hal_rtc_ex.o
LOAD Drivers/STM32F1xx_HAL_Driver/Src/stm32f1xx_hal_spi.o
LOAD Drivers/STM32F1xx_HAL_Driver/Src/stm32f1xx_hal_tim.o
LOAD Drivers/STM32F1xx_HAL_Driver/Src/stm32f1xx_hal_tim_ex.o
LOAD Middlewares/Third_Party/FreeRTOS/Source/CMSIS_RTOS_V2/cmsis_os2.o
LOAD Middlewares/Third_Party/FreeRTOS/Source/croutine.o
LOAD Middlewares/Third_Party/FreeRTOS/Source/event_groups.o
LOAD Middlewares/Third_Party/FreeRTOS/Source/list.o
LOAD Middlewares/Third_Party/FreeRTOS/Source/queue.o
LOAD Middlewares/Third_Party/FreeRTOS/Source/stream_buffer.o
LOAD Middlewares/Third_Party/FreeRTOS/Source/tasks.o
LOAD Middlewares/Third_Party/FreeRTOS/Source/timers.o
LOAD Middlewares/Third_Party/FreeRTOS/Source/portable/GCC/ARM_CM3/port.o
LOAD Middlewares/Third_Party/FreeRTOS/Source/portable/MemMang/heap_4.o
START GROUP
LOAD c:/st/stm32cubeide_1.3.0/stm32cubeide/plugins/com.st.stm32cube.ide.mcu.externaltools.gnu-tools-for-stm32.7-2018-q2-update.win32_1.0.0.201904181610/tools/bin/../lib/gcc/arm-none-eabi/7.3.1/../../../../arm-none-eabi/lib/thumb/v7-m\libc_nano.a
LOAD c:/st/stm32cubeide_1.3.0/stm32cubeide/plugins/com.st.stm32cube.ide.mcu.externaltools.gnu-tools-for-stm32.7-2018-q2-update.win32_1.0.0.201904181610/tools/bin/../lib/gcc/arm-none-eabi/7.3.1/../../../../arm-none-eabi/lib/thumb/v7-m\libm.a
END GROUP
START GROUP
LOAD c:/st/stm32cubeide_1.3.0/stm32cubeide/plugins/com.st.stm32cube.ide.mcu.externaltools.gnu-tools-for-stm32.7-2018-q2-update.win32_1.0.0.201904181610/tools/bin/../lib/gcc/arm-none-eabi/7.3.1/thumb/v7-m\libgcc.a
LOAD c:/st/stm32cubeide_1.3.0/stm32cubeide/plugins/com.st.stm32cube.ide.mcu.externaltools.gnu-tools-for-stm32.7-2018-q2-update.win32_1.0.0.201904181610/tools/bin/../lib/gcc/arm-none-eabi/7.3.1/../../../../arm-none-eabi/lib/thumb/v7-m\libc_nano.a
END GROUP
START GROUP
LOAD c:/st/stm32cubeide_1.3.0/stm32cubeide/plugins/com.st.stm32cube.ide.mcu.externaltools.gnu-tools-for-stm32.7-2018-q2-update.win32_1.0.0.201904181610/tools/bin/../lib/gcc/arm-none-eabi/7.3.1/thumb/v7-m\libgcc.a
LOAD c:/st/stm32cubeide_1.3.0/stm32cubeide/plugins/com.st.stm32cube.ide.mcu.externaltools.gnu-tools-for-stm32.7-2018-q2-update.win32_1.0.0.201904181610/tools/bin/../lib/gcc/arm-none-eabi/7.3.1/../../../../arm-none-eabi/lib/thumb/v7-m\libc_nano.a
LOAD c:/st/stm32cubeide_1.3.0/stm32cubeide/plugins/com.st.stm32cube.ide.mcu.externaltools.gnu-tools-for-stm32.7-2018-q2-update.win32_1.0.0.201904181610/tools/bin/../lib/gcc/arm-none-eabi/7.3.1/../../../../arm-none-eabi/lib/thumb/v7-m\libnosys.a
END GROUP
START GROUP
LOAD c:/st/stm32cubeide_1.3.0/stm32cubeide/plugins/com.st.stm32cube.ide.mcu.externaltools.gnu-tools-for-stm32.7-2018-q2-update.win32_1.0.0.201904181610/tools/bin/../lib/gcc/arm-none-eabi/7.3.1/thumb/v7-m\libgcc.a
LOAD c:/st/stm32cubeide_1.3.0/stm32cubeide/plugins/com.st.stm32cube.ide.mcu.externaltools.gnu-tools-for-stm32.7-2018-q2-update.win32_1.0.0.201904181610/tools/bin/../lib/gcc/arm-none-eabi/7.3.1/../../../../arm-none-eabi/lib/thumb/v7-m\libc_nano.a
LOAD c:/st/stm32cubeide_1.3.0/stm32cubeide/plugins/com.st.stm32cube.ide.mcu.externaltools.gnu-tools-for-stm32.7-2018-q2-update.win32_1.0.0.201904181610/tools/bin/../lib/gcc/arm-none-eabi/7.3.1/../../../../arm-none-eabi/lib/thumb/v7-m\libnosys.a
END GROUP
LOAD c:/st/stm32cubeide_1.3.0/stm32cubeide/plugins/com.st.stm32cube.ide.mcu.externaltools.gnu-tools-for-stm32.7-2018-q2-update.win32_1.0.0.201904181610/tools/bin/../lib/gcc/arm-none-eabi/7.3.1/thumb/v7-m/crtend.o
LOAD c:/st/stm32cubeide_1.3.0/stm32cubeide/plugins/com.st.stm32cube.ide.mcu.externaltools.gnu-tools-for-stm32.7-2018-q2-update.win32_1.0.0.201904181610/tools/bin/../lib/gcc/arm-none-eabi/7.3.1/thumb/v7-m/crtn.o
                0x0000000020005000                _estack = (ORIGIN (RAM) + LENGTH (RAM))
                0x0000000000000200                _Min_Heap_Size = 0x200
                0x0000000000000400                _Min_Stack_Size = 0x400

.isr_vector     0x0000000008000000      0x10c
                0x0000000008000000                . = ALIGN (0x4)
 *(.isr_vector)
 .isr_vector    0x0000000008000000      0x10c Core/Startup/startup_stm32f103c8tx.o
                0x0000000008000000                g_pfnVectors
                0x000000000800010c                . = ALIGN (0x4)

.text           0x0000000008000110     0x70c4
                0x0000000008000110                . = ALIGN (0x4)
 *(.text)
 .text          0x0000000008000110       0x40 c:/st/stm32cubeide_1.3.0/stm32cubeide/plugins/com.st.stm32cube.ide.mcu.externaltools.gnu-tools-for-stm32.7-2018-q2-update.win32_1.0.0.201904181610/tools/bin/../lib/gcc/arm-none-eabi/7.3.1/thumb/v7-m/crtbegin.o
 *(.text*)
 .text.configureTimerForRunTimeStats
                0x0000000008000150        0xc Core/Src/freertos.o
                0x0000000008000150                configureTimerForRunTimeStats
 .text.getRunTimeCounterValue
                0x000000000800015c        0xe Core/Src/freertos.o
                0x000000000800015c                getRunTimeCounterValue
 *fill*         0x000000000800016a        0x2 
 .text.main     0x000000000800016c       0x68 Core/Src/main.o
                0x000000000800016c                main
 .text.SystemClock_Config
                0x00000000080001d4       0xba Core/Src/main.o
                0x00000000080001d4                SystemClock_Config
 *fill*         0x000000000800028e        0x2 
 .text.MX_RTC_Init
                0x0000000008000290       0x34 Core/Src/main.o
 .text.MX_SPI1_Init
                0x00000000080002c4       0x68 Core/Src/main.o
 .text.MX_TIM1_Init
                0x000000000800032c       0xa0 Core/Src/main.o
 .text.MX_DMA_Init
                0x00000000080003cc       0x4c Core/Src/main.o
 .text.MX_GPIO_Init
                0x0000000008000418      0x194 Core/Src/main.o
 .text.Converst
                0x00000000080005ac       0x20 Core/Src/main.o
                0x00000000080005ac                Converst
 .text.Read     0x00000000080005cc      0x16c Core/Src/main.o
                0x00000000080005cc                Read
 .text.HAL_GPIO_EXTI_Callback
                0x0000000008000738       0x1c Core/Src/main.o
                0x0000000008000738                HAL_GPIO_EXTI_Callback
 .text.vAFunction
                0x0000000008000754       0x50 Core/Src/main.o
                0x0000000008000754                vAFunction
 .text.StartEnviaTask
                0x00000000080007a4      0x104 Core/Src/main.o
                0x00000000080007a4                StartEnviaTask
 .text.HAL_TIM_PeriodElapsedCallback
                0x00000000080008a8       0x30 Core/Src/main.o
                0x00000000080008a8                HAL_TIM_PeriodElapsedCallback
 .text.Error_Handler
                0x00000000080008d8        0xc Core/Src/main.o
                0x00000000080008d8                Error_Handler
 .text.HAL_MspInit
                0x00000000080008e4       0x70 Core/Src/stm32f1xx_hal_msp.o
                0x00000000080008e4                HAL_MspInit
 .text.HAL_RTC_MspInit
                0x0000000008000954       0x48 Core/Src/stm32f1xx_hal_msp.o
                0x0000000008000954                HAL_RTC_MspInit
 .text.HAL_SPI_MspInit
                0x000000000800099c      0x154 Core/Src/stm32f1xx_hal_msp.o
                0x000000000800099c                HAL_SPI_MspInit
 .text.HAL_TIM_Base_MspInit
                0x0000000008000af0       0x4c Core/Src/stm32f1xx_hal_msp.o
                0x0000000008000af0                HAL_TIM_Base_MspInit
 .text.HAL_InitTick
                0x0000000008000b3c       0xb0 Core/Src/stm32f1xx_hal_timebase_tim.o
                0x0000000008000b3c                HAL_InitTick
 .text.NMI_Handler
                0x0000000008000bec        0xc Core/Src/stm32f1xx_it.o
                0x0000000008000bec                NMI_Handler
 .text.HardFault_Handler
                0x0000000008000bf8        0x6 Core/Src/stm32f1xx_it.o
                0x0000000008000bf8                HardFault_Handler
 .text.MemManage_Handler
                0x0000000008000bfe        0x6 Core/Src/stm32f1xx_it.o
                0x0000000008000bfe                MemManage_Handler
 .text.BusFault_Handler
                0x0000000008000c04        0x6 Core/Src/stm32f1xx_it.o
                0x0000000008000c04                BusFault_Handler
 .text.UsageFault_Handler
                0x0000000008000c0a        0x6 Core/Src/stm32f1xx_it.o
                0x0000000008000c0a                UsageFault_Handler
 .text.DebugMon_Handler
                0x0000000008000c10        0xc Core/Src/stm32f1xx_it.o
                0x0000000008000c10                DebugMon_Handler
 .text.EXTI0_IRQHandler
                0x0000000008000c1c        0xe Core/Src/stm32f1xx_it.o
                0x0000000008000c1c                EXTI0_IRQHandler
 .text.EXTI3_IRQHandler
                0x0000000008000c2a        0xe Core/Src/stm32f1xx_it.o
                0x0000000008000c2a                EXTI3_IRQHandler
 .text.DMA1_Channel2_IRQHandler
                0x0000000008000c38       0x14 Core/Src/stm32f1xx_it.o
                0x0000000008000c38                DMA1_Channel2_IRQHandler
 .text.DMA1_Channel3_IRQHandler
                0x0000000008000c4c       0x14 Core/Src/stm32f1xx_it.o
                0x0000000008000c4c                DMA1_Channel3_IRQHandler
 .text.TIM1_BRK_IRQHandler
                0x0000000008000c60       0x14 Core/Src/stm32f1xx_it.o
                0x0000000008000c60                TIM1_BRK_IRQHandler
 .text.TIM2_IRQHandler
                0x0000000008000c74       0x14 Core/Src/stm32f1xx_it.o
                0x0000000008000c74                TIM2_IRQHandler
 .text.SPI1_IRQHandler
                0x0000000008000c88       0x14 Core/Src/stm32f1xx_it.o
                0x0000000008000c88                SPI1_IRQHandler
 .text.SystemInit
                0x0000000008000c9c       0x68 Core/Src/system_stm32f1xx.o
                0x0000000008000c9c                SystemInit
 .text.Reset_Handler
                0x0000000008000d04       0x48 Core/Startup/startup_stm32f103c8tx.o
                0x0000000008000d04                Reset_Handler
 .text.Default_Handler
                0x0000000008000d4c        0x2 Core/Startup/startup_stm32f103c8tx.o
                0x0000000008000d4c                RTC_Alarm_IRQHandler
                0x0000000008000d4c                EXTI2_IRQHandler
                0x0000000008000d4c                TIM1_CC_IRQHandler
                0x0000000008000d4c                PVD_IRQHandler
                0x0000000008000d4c                I2C2_EV_IRQHandler
                0x0000000008000d4c                ADC1_2_IRQHandler
                0x0000000008000d4c                TAMPER_IRQHandler
                0x0000000008000d4c                DMA1_Channel4_IRQHandler
                0x0000000008000d4c                USART3_IRQHandler
                0x0000000008000d4c                RTC_IRQHandler
                0x0000000008000d4c                DMA1_Channel7_IRQHandler
                0x0000000008000d4c                CAN1_RX1_IRQHandler
                0x0000000008000d4c                TIM4_IRQHandler
                0x0000000008000d4c                I2C1_EV_IRQHandler
                0x0000000008000d4c                DMA1_Channel6_IRQHandler
                0x0000000008000d4c                TIM3_IRQHandler
                0x0000000008000d4c                RCC_IRQHandler
                0x0000000008000d4c                TIM1_TRG_COM_IRQHandler
                0x0000000008000d4c                DMA1_Channel1_IRQHandler
                0x0000000008000d4c                Default_Handler
                0x0000000008000d4c                EXTI15_10_IRQHandler
                0x0000000008000d4c                EXTI9_5_IRQHandler
                0x0000000008000d4c                SPI2_IRQHandler
                0x0000000008000d4c                DMA1_Channel5_IRQHandler
                0x0000000008000d4c                EXTI4_IRQHandler
                0x0000000008000d4c                USB_LP_CAN1_RX0_IRQHandler
                0x0000000008000d4c                USB_HP_CAN1_TX_IRQHandler
                0x0000000008000d4c                TIM1_UP_IRQHandler
                0x0000000008000d4c                WWDG_IRQHandler
                0x0000000008000d4c                EXTI1_IRQHandler
                0x0000000008000d4c                USART2_IRQHandler
                0x0000000008000d4c                I2C2_ER_IRQHandler
                0x0000000008000d4c                CAN1_SCE_IRQHandler
                0x0000000008000d4c                FLASH_IRQHandler
                0x0000000008000d4c                USART1_IRQHandler
                0x0000000008000d4c                I2C1_ER_IRQHandler
                0x0000000008000d4c                USBWakeUp_IRQHandler
 *fill*         0x0000000008000d4e        0x2 
 .text.HAL_Init
                0x0000000008000d50       0x2c Drivers/STM32F1xx_HAL_Driver/Src/stm32f1xx_hal.o
                0x0000000008000d50                HAL_Init
 .text.HAL_IncTick
                0x0000000008000d7c       0x24 Drivers/STM32F1xx_HAL_Driver/Src/stm32f1xx_hal.o
                0x0000000008000d7c                HAL_IncTick
 .text.HAL_GetTick
                0x0000000008000da0       0x14 Drivers/STM32F1xx_HAL_Driver/Src/stm32f1xx_hal.o
                0x0000000008000da0                HAL_GetTick
 .text.__NVIC_SetPriorityGrouping
                0x0000000008000db4       0x48 Drivers/STM32F1xx_HAL_Driver/Src/stm32f1xx_hal_cortex.o
 .text.__NVIC_GetPriorityGrouping
                0x0000000008000dfc       0x1c Drivers/STM32F1xx_HAL_Driver/Src/stm32f1xx_hal_cortex.o
 .text.__NVIC_EnableIRQ
                0x0000000008000e18       0x38 Drivers/STM32F1xx_HAL_Driver/Src/stm32f1xx_hal_cortex.o
 .text.__NVIC_SetPriority
                0x0000000008000e50       0x54 Drivers/STM32F1xx_HAL_Driver/Src/stm32f1xx_hal_cortex.o
 .text.NVIC_EncodePriority
                0x0000000008000ea4       0x64 Drivers/STM32F1xx_HAL_Driver/Src/stm32f1xx_hal_cortex.o
 .text.HAL_NVIC_SetPriorityGrouping
                0x0000000008000f08       0x16 Drivers/STM32F1xx_HAL_Driver/Src/stm32f1xx_hal_cortex.o
                0x0000000008000f08                HAL_NVIC_SetPriorityGrouping
 .text.HAL_NVIC_SetPriority
                0x0000000008000f1e       0x38 Drivers/STM32F1xx_HAL_Driver/Src/stm32f1xx_hal_cortex.o
                0x0000000008000f1e                HAL_NVIC_SetPriority
 .text.HAL_NVIC_EnableIRQ
                0x0000000008000f56       0x1c Drivers/STM32F1xx_HAL_Driver/Src/stm32f1xx_hal_cortex.o
                0x0000000008000f56                HAL_NVIC_EnableIRQ
 *fill*         0x0000000008000f72        0x2 
 .text.HAL_DMA_Init
                0x0000000008000f74       0xb4 Drivers/STM32F1xx_HAL_Driver/Src/stm32f1xx_hal_dma.o
                0x0000000008000f74                HAL_DMA_Init
 .text.HAL_DMA_Start_IT
                0x0000000008001028       0xbe Drivers/STM32F1xx_HAL_Driver/Src/stm32f1xx_hal_dma.o
                0x0000000008001028                HAL_DMA_Start_IT
 *fill*         0x00000000080010e6        0x2 
 .text.HAL_DMA_Abort_IT
                0x00000000080010e8       0xec Drivers/STM32F1xx_HAL_Driver/Src/stm32f1xx_hal_dma.o
                0x00000000080010e8                HAL_DMA_Abort_IT
 .text.HAL_DMA_IRQHandler
                0x00000000080011d4      0x20c Drivers/STM32F1xx_HAL_Driver/Src/stm32f1xx_hal_dma.o
                0x00000000080011d4                HAL_DMA_IRQHandler
 .text.DMA_SetConfig
                0x00000000080013e0       0x5a Drivers/STM32F1xx_HAL_Driver/Src/stm32f1xx_hal_dma.o
 *fill*         0x000000000800143a        0x2 
 .text.HAL_GPIO_Init
                0x000000000800143c      0x2b4 Drivers/STM32F1xx_HAL_Driver/Src/stm32f1xx_hal_gpio.o
                0x000000000800143c                HAL_GPIO_Init
 .text.HAL_GPIO_WritePin
                0x00000000080016f0       0x30 Drivers/STM32F1xx_HAL_Driver/Src/stm32f1xx_hal_gpio.o
                0x00000000080016f0                HAL_GPIO_WritePin
 .text.HAL_GPIO_EXTI_IRQHandler
                0x0000000008001720       0x30 Drivers/STM32F1xx_HAL_Driver/Src/stm32f1xx_hal_gpio.o
                0x0000000008001720                HAL_GPIO_EXTI_IRQHandler
 .text.HAL_PWR_EnableBkUpAccess
                0x0000000008001750       0x18 Drivers/STM32F1xx_HAL_Driver/Src/stm32f1xx_hal_pwr.o
                0x0000000008001750                HAL_PWR_EnableBkUpAccess
 .text.HAL_RCC_OscConfig
                0x0000000008001768      0x500 Drivers/STM32F1xx_HAL_Driver/Src/stm32f1xx_hal_rcc.o
                0x0000000008001768                HAL_RCC_OscConfig
 .text.HAL_RCC_ClockConfig
                0x0000000008001c68      0x1d4 Drivers/STM32F1xx_HAL_Driver/Src/stm32f1xx_hal_rcc.o
                0x0000000008001c68                HAL_RCC_ClockConfig
 .text.HAL_RCC_GetSysClockFreq
                0x0000000008001e3c       0xc4 Drivers/STM32F1xx_HAL_Driver/Src/stm32f1xx_hal_rcc.o
                0x0000000008001e3c                HAL_RCC_GetSysClockFreq
 .text.HAL_RCC_GetHCLKFreq
                0x0000000008001f00       0x14 Drivers/STM32F1xx_HAL_Driver/Src/stm32f1xx_hal_rcc.o
                0x0000000008001f00                HAL_RCC_GetHCLKFreq
 .text.HAL_RCC_GetPCLK1Freq
                0x0000000008001f14       0x28 Drivers/STM32F1xx_HAL_Driver/Src/stm32f1xx_hal_rcc.o
                0x0000000008001f14                HAL_RCC_GetPCLK1Freq
 .text.HAL_RCC_GetPCLK2Freq
                0x0000000008001f3c       0x28 Drivers/STM32F1xx_HAL_Driver/Src/stm32f1xx_hal_rcc.o
                0x0000000008001f3c                HAL_RCC_GetPCLK2Freq
 .text.HAL_RCC_GetClockConfig
                0x0000000008001f64       0x60 Drivers/STM32F1xx_HAL_Driver/Src/stm32f1xx_hal_rcc.o
                0x0000000008001f64                HAL_RCC_GetClockConfig
 .text.RCC_Delay
                0x0000000008001fc4       0x3c Drivers/STM32F1xx_HAL_Driver/Src/stm32f1xx_hal_rcc.o
 .text.HAL_RCCEx_PeriphCLKConfig
                0x0000000008002000      0x16c Drivers/STM32F1xx_HAL_Driver/Src/stm32f1xx_hal_rcc_ex.o
                0x0000000008002000                HAL_RCCEx_PeriphCLKConfig
 .text.HAL_RCCEx_GetPeriphCLKFreq
                0x000000000800216c      0x178 Drivers/STM32F1xx_HAL_Driver/Src/stm32f1xx_hal_rcc_ex.o
                0x000000000800216c                HAL_RCCEx_GetPeriphCLKFreq
 .text.HAL_RTC_Init
                0x00000000080022e4      0x12c Drivers/STM32F1xx_HAL_Driver/Src/stm32f1xx_hal_rtc.o
                0x00000000080022e4                HAL_RTC_Init
 .text.HAL_RTC_WaitForSynchro
                0x0000000008002410       0x5a Drivers/STM32F1xx_HAL_Driver/Src/stm32f1xx_hal_rtc.o
                0x0000000008002410                HAL_RTC_WaitForSynchro
 .text.RTC_EnterInitMode
                0x000000000800246a       0x50 Drivers/STM32F1xx_HAL_Driver/Src/stm32f1xx_hal_rtc.o
 .text.RTC_ExitInitMode
                0x00000000080024ba       0x50 Drivers/STM32F1xx_HAL_Driver/Src/stm32f1xx_hal_rtc.o
 .text.HAL_SPI_Init
                0x000000000800250a       0xc2 Drivers/STM32F1xx_HAL_Driver/Src/stm32f1xx_hal_spi.o
                0x000000000800250a                HAL_SPI_Init
 .text.HAL_SPI_Transmit_DMA
                0x00000000080025cc      0x15c Drivers/STM32F1xx_HAL_Driver/Src/stm32f1xx_hal_spi.o
                0x00000000080025cc                HAL_SPI_Transmit_DMA
 .text.HAL_SPI_IRQHandler
                0x0000000008002728      0x1d0 Drivers/STM32F1xx_HAL_Driver/Src/stm32f1xx_hal_spi.o
                0x0000000008002728                HAL_SPI_IRQHandler
 .text.HAL_SPI_TxCpltCallback
                0x00000000080028f8       0x12 Drivers/STM32F1xx_HAL_Driver/Src/stm32f1xx_hal_spi.o
                0x00000000080028f8                HAL_SPI_TxCpltCallback
 .text.HAL_SPI_TxHalfCpltCallback
                0x000000000800290a       0x12 Drivers/STM32F1xx_HAL_Driver/Src/stm32f1xx_hal_spi.o
                0x000000000800290a                HAL_SPI_TxHalfCpltCallback
 .text.HAL_SPI_ErrorCallback
                0x000000000800291c       0x12 Drivers/STM32F1xx_HAL_Driver/Src/stm32f1xx_hal_spi.o
                0x000000000800291c                HAL_SPI_ErrorCallback
 .text.SPI_DMATransmitCplt
                0x000000000800292e       0xa6 Drivers/STM32F1xx_HAL_Driver/Src/stm32f1xx_hal_spi.o
 .text.SPI_DMAHalfTransmitCplt
                0x00000000080029d4       0x1c Drivers/STM32F1xx_HAL_Driver/Src/stm32f1xx_hal_spi.o
 .text.SPI_DMAError
                0x00000000080029f0       0x40 Drivers/STM32F1xx_HAL_Driver/Src/stm32f1xx_hal_spi.o
 .text.SPI_DMAAbortOnError
                0x0000000008002a30       0x28 Drivers/STM32F1xx_HAL_Driver/Src/stm32f1xx_hal_spi.o
 .text.SPI_WaitFlagStateUntilTimeout
                0x0000000008002a58       0xd4 Drivers/STM32F1xx_HAL_Driver/Src/stm32f1xx_hal_spi.o
 .text.SPI_EndRxTxTransaction
                0x0000000008002b2c       0x3c Drivers/STM32F1xx_HAL_Driver/Src/stm32f1xx_hal_spi.o
 .text.HAL_TIM_Base_Init
                0x0000000008002b68       0x56 Drivers/STM32F1xx_HAL_Driver/Src/stm32f1xx_hal_tim.o
                0x0000000008002b68                HAL_TIM_Base_Init
 .text.HAL_TIM_Base_Start_IT
                0x0000000008002bbe       0x46 Drivers/STM32F1xx_HAL_Driver/Src/stm32f1xx_hal_tim.o
                0x0000000008002bbe                HAL_TIM_Base_Start_IT
 .text.HAL_TIM_IRQHandler
                0x0000000008002c04      0x210 Drivers/STM32F1xx_HAL_Driver/Src/stm32f1xx_hal_tim.o
                0x0000000008002c04                HAL_TIM_IRQHandler
 .text.HAL_TIM_ConfigClockSource
                0x0000000008002e14      0x16e Drivers/STM32F1xx_HAL_Driver/Src/stm32f1xx_hal_tim.o
                0x0000000008002e14                HAL_TIM_ConfigClockSource
 .text.HAL_TIM_OC_DelayElapsedCallback
                0x0000000008002f82       0x12 Drivers/STM32F1xx_HAL_Driver/Src/stm32f1xx_hal_tim.o
                0x0000000008002f82                HAL_TIM_OC_DelayElapsedCallback
 .text.HAL_TIM_IC_CaptureCallback
                0x0000000008002f94       0x12 Drivers/STM32F1xx_HAL_Driver/Src/stm32f1xx_hal_tim.o
                0x0000000008002f94                HAL_TIM_IC_CaptureCallback
 .text.HAL_TIM_PWM_PulseFinishedCallback
                0x0000000008002fa6       0x12 Drivers/STM32F1xx_HAL_Driver/Src/stm32f1xx_hal_tim.o
                0x0000000008002fa6                HAL_TIM_PWM_PulseFinishedCallback
 .text.HAL_TIM_TriggerCallback
                0x0000000008002fb8       0x12 Drivers/STM32F1xx_HAL_Driver/Src/stm32f1xx_hal_tim.o
                0x0000000008002fb8                HAL_TIM_TriggerCallback
 *fill*         0x0000000008002fca        0x2 
 .text.TIM_Base_SetConfig
                0x0000000008002fcc       0xc4 Drivers/STM32F1xx_HAL_Driver/Src/stm32f1xx_hal_tim.o
                0x0000000008002fcc                TIM_Base_SetConfig
 .text.TIM_TI1_ConfigInputStage
                0x0000000008003090       0x5c Drivers/STM32F1xx_HAL_Driver/Src/stm32f1xx_hal_tim.o
 .text.TIM_TI2_ConfigInputStage
                0x00000000080030ec       0x5e Drivers/STM32F1xx_HAL_Driver/Src/stm32f1xx_hal_tim.o
 .text.TIM_ITRx_SetConfig
                0x000000000800314a       0x34 Drivers/STM32F1xx_HAL_Driver/Src/stm32f1xx_hal_tim.o
 .text.TIM_ETR_SetConfig
                0x000000000800317e       0x3e Drivers/STM32F1xx_HAL_Driver/Src/stm32f1xx_hal_tim.o
                0x000000000800317e                TIM_ETR_SetConfig
 .text.HAL_TIMEx_MasterConfigSynchronization
                0x00000000080031bc       0x88 Drivers/STM32F1xx_HAL_Driver/Src/stm32f1xx_hal_tim_ex.o
                0x00000000080031bc                HAL_TIMEx_MasterConfigSynchronization
 .text.HAL_TIMEx_CommutCallback
                0x0000000008003244       0x12 Drivers/STM32F1xx_HAL_Driver/Src/stm32f1xx_hal_tim_ex.o
                0x0000000008003244                HAL_TIMEx_CommutCallback
 .text.HAL_TIMEx_BreakCallback
                0x0000000008003256       0x12 Drivers/STM32F1xx_HAL_Driver/Src/stm32f1xx_hal_tim_ex.o
                0x0000000008003256                HAL_TIMEx_BreakCallback
 .text.osKernelInitialize
                0x0000000008003268       0x64 Middlewares/Third_Party/FreeRTOS/Source/CMSIS_RTOS_V2/cmsis_os2.o
                0x0000000008003268                osKernelInitialize
 .text.osKernelStart
                0x00000000080032cc       0x68 Middlewares/Third_Party/FreeRTOS/Source/CMSIS_RTOS_V2/cmsis_os2.o
                0x00000000080032cc                osKernelStart
 .text.osThreadNew
                0x0000000008003334      0x154 Middlewares/Third_Party/FreeRTOS/Source/CMSIS_RTOS_V2/cmsis_os2.o
                0x0000000008003334                osThreadNew
 .text.osSemaphoreNew
                0x0000000008003488      0x13c Middlewares/Third_Party/FreeRTOS/Source/CMSIS_RTOS_V2/cmsis_os2.o
                0x0000000008003488                osSemaphoreNew
 .text.osSemaphoreAcquire
                0x00000000080035c4       0xcc Middlewares/Third_Party/FreeRTOS/Source/CMSIS_RTOS_V2/cmsis_os2.o
                0x00000000080035c4                osSemaphoreAcquire
 .text.osSemaphoreRelease
                0x0000000008003690       0xb0 Middlewares/Third_Party/FreeRTOS/Source/CMSIS_RTOS_V2/cmsis_os2.o
                0x0000000008003690                osSemaphoreRelease
 .text.vApplicationGetIdleTaskMemory
                0x0000000008003740       0x30 Middlewares/Third_Party/FreeRTOS/Source/CMSIS_RTOS_V2/cmsis_os2.o
                0x0000000008003740                vApplicationGetIdleTaskMemory
 .text.vApplicationGetTimerTaskMemory
                0x0000000008003770       0x34 Middlewares/Third_Party/FreeRTOS/Source/CMSIS_RTOS_V2/cmsis_os2.o
                0x0000000008003770                vApplicationGetTimerTaskMemory
 .text.vListInitialise
                0x00000000080037a4       0x3e Middlewares/Third_Party/FreeRTOS/Source/list.o
                0x00000000080037a4                vListInitialise
 .text.vListInitialiseItem
                0x00000000080037e2       0x18 Middlewares/Third_Party/FreeRTOS/Source/list.o
                0x00000000080037e2                vListInitialiseItem
 .text.vListInsertEnd
                0x00000000080037fa       0x46 Middlewares/Third_Party/FreeRTOS/Source/list.o
                0x00000000080037fa                vListInsertEnd
 .text.vListInsert
                0x0000000008003840       0x70 Middlewares/Third_Party/FreeRTOS/Source/list.o
                0x0000000008003840                vListInsert
 .text.uxListRemove
                0x00000000080038b0       0x52 Middlewares/Third_Party/FreeRTOS/Source/list.o
                0x00000000080038b0                uxListRemove
 *fill*         0x0000000008003902        0x2 
 .text.xQueueGenericReset
                0x0000000008003904       0xd0 Middlewares/Third_Party/FreeRTOS/Source/queue.o
                0x0000000008003904                xQueueGenericReset
 .text.xQueueGenericCreateStatic
                0x00000000080039d4       0xe4 Middlewares/Third_Party/FreeRTOS/Source/queue.o
                0x00000000080039d4                xQueueGenericCreateStatic
 .text.xQueueGenericCreate
                0x0000000008003ab8       0x7a Middlewares/Third_Party/FreeRTOS/Source/queue.o
                0x0000000008003ab8                xQueueGenericCreate
 .text.prvInitialiseNewQueue
                0x0000000008003b32       0x46 Middlewares/Third_Party/FreeRTOS/Source/queue.o
 .text.xQueueCreateCountingSemaphoreStatic
                0x0000000008003b78       0x6a Middlewares/Third_Party/FreeRTOS/Source/queue.o
                0x0000000008003b78                xQueueCreateCountingSemaphoreStatic
 .text.xQueueCreateCountingSemaphore
                0x0000000008003be2       0x62 Middlewares/Third_Party/FreeRTOS/Source/queue.o
                0x0000000008003be2                xQueueCreateCountingSemaphore
 .text.xQueueGenericSend
                0x0000000008003c44      0x1f4 Middlewares/Third_Party/FreeRTOS/Source/queue.o
                0x0000000008003c44                xQueueGenericSend
 .text.xQueueGenericSendFromISR
                0x0000000008003e38      0x128 Middlewares/Third_Party/FreeRTOS/Source/queue.o
                0x0000000008003e38                xQueueGenericSendFromISR
 .text.xQueueGiveFromISR
                0x0000000008003f60      0x112 Middlewares/Third_Party/FreeRTOS/Source/queue.o
                0x0000000008003f60                xQueueGiveFromISR
 *fill*         0x0000000008004072        0x2 
 .text.xQueueReceive
                0x0000000008004074      0x1b8 Middlewares/Third_Party/FreeRTOS/Source/queue.o
                0x0000000008004074                xQueueReceive
 .text.xQueueSemaphoreTake
                0x000000000800422c      0x210 Middlewares/Third_Party/FreeRTOS/Source/queue.o
                0x000000000800422c                xQueueSemaphoreTake
 .text.xQueueReceiveFromISR
                0x000000000800443c       0xfa Middlewares/Third_Party/FreeRTOS/Source/queue.o
                0x000000000800443c                xQueueReceiveFromISR
 .text.vQueueDelete
                0x0000000008004536       0x44 Middlewares/Third_Party/FreeRTOS/Source/queue.o
                0x0000000008004536                vQueueDelete
 .text.prvGetDisinheritPriorityAfterTimeout
                0x000000000800457a       0x2e Middlewares/Third_Party/FreeRTOS/Source/queue.o
 .text.prvCopyDataToQueue
                0x00000000080045a8       0xd4 Middlewares/Third_Party/FreeRTOS/Source/queue.o
 .text.prvCopyDataFromQueue
                0x000000000800467c       0x4c Middlewares/Third_Party/FreeRTOS/Source/queue.o
 .text.prvUnlockQueue
                0x00000000080046c8       0xa4 Middlewares/Third_Party/FreeRTOS/Source/queue.o
 .text.prvIsQueueEmpty
                0x000000000800476c       0x2c Middlewares/Third_Party/FreeRTOS/Source/queue.o
 .text.prvIsQueueFull
                0x0000000008004798       0x30 Middlewares/Third_Party/FreeRTOS/Source/queue.o
 .text.vQueueAddToRegistry
                0x00000000080047c8       0x50 Middlewares/Third_Party/FreeRTOS/Source/queue.o
                0x00000000080047c8                vQueueAddToRegistry
 .text.vQueueUnregisterQueue
                0x0000000008004818       0x50 Middlewares/Third_Party/FreeRTOS/Source/queue.o
                0x0000000008004818                vQueueUnregisterQueue
 .text.vQueueWaitForMessageRestricted
                0x0000000008004868       0x68 Middlewares/Third_Party/FreeRTOS/Source/queue.o
                0x0000000008004868                vQueueWaitForMessageRestricted
 .text.xStreamBufferGenericCreate
                0x00000000080048d0       0x82 Middlewares/Third_Party/FreeRTOS/Source/stream_buffer.o
                0x00000000080048d0                xStreamBufferGenericCreate
 .text.xStreamBufferReset
                0x0000000008004952       0x82 Middlewares/Third_Party/FreeRTOS/Source/stream_buffer.o
                0x0000000008004952                xStreamBufferReset
 .text.xStreamBufferSpacesAvailable
                0x00000000080049d4       0x62 Middlewares/Third_Party/FreeRTOS/Source/stream_buffer.o
                0x00000000080049d4                xStreamBufferSpacesAvailable
 .text.xStreamBufferSendFromISR
                0x0000000008004a36       0xdc Middlewares/Third_Party/FreeRTOS/Source/stream_buffer.o
                0x0000000008004a36                xStreamBufferSendFromISR
 .text.prvWriteMessageToBuffer
                0x0000000008004b12       0x7a Middlewares/Third_Party/FreeRTOS/Source/stream_buffer.o
 .text.xStreamBufferReceive
                0x0000000008004b8c      0x126 Middlewares/Third_Party/FreeRTOS/Source/stream_buffer.o
                0x0000000008004b8c                xStreamBufferReceive
 .text.prvReadMessageFromBuffer
                0x0000000008004cb2       0x60 Middlewares/Third_Party/FreeRTOS/Source/stream_buffer.o
 .text.xStreamBufferIsEmpty
                0x0000000008004d12       0x4c Middlewares/Third_Party/FreeRTOS/Source/stream_buffer.o
                0x0000000008004d12                xStreamBufferIsEmpty
 .text.xStreamBufferIsFull
                0x0000000008004d5e       0x5e Middlewares/Third_Party/FreeRTOS/Source/stream_buffer.o
                0x0000000008004d5e                xStreamBufferIsFull
 .text.prvWriteBytesToBuffer
                0x0000000008004dbc       0xde Middlewares/Third_Party/FreeRTOS/Source/stream_buffer.o
 .text.prvReadBytesFromBuffer
                0x0000000008004e9a       0xee Middlewares/Third_Party/FreeRTOS/Source/stream_buffer.o
 .text.prvBytesInBuffer
                0x0000000008004f88       0x3e Middlewares/Third_Party/FreeRTOS/Source/stream_buffer.o
 .text.prvInitialiseNewStreamBuffer
                0x0000000008004fc6       0x70 Middlewares/Third_Party/FreeRTOS/Source/stream_buffer.o
 .text.xTaskCreateStatic
                0x0000000008005036       0xb2 Middlewares/Third_Party/FreeRTOS/Source/tasks.o
                0x0000000008005036                xTaskCreateStatic
 .text.xTaskCreate
                0x00000000080050e8       0x8a Middlewares/Third_Party/FreeRTOS/Source/tasks.o
                0x00000000080050e8                xTaskCreate
 .text.prvInitialiseNewTask
                0x0000000008005172      0x112 Middlewares/Third_Party/FreeRTOS/Source/tasks.o
 .text.prvAddNewTaskToReadyList
                0x0000000008005284       0xe0 Middlewares/Third_Party/FreeRTOS/Source/tasks.o
 .text.vTaskStartScheduler
                0x0000000008005364       0xcc Middlewares/Third_Party/FreeRTOS/Source/tasks.o
                0x0000000008005364                vTaskStartScheduler
 .text.vTaskSuspendAll
                0x0000000008005430       0x1c Middlewares/Third_Party/FreeRTOS/Source/tasks.o
                0x0000000008005430                vTaskSuspendAll
 .text.xTaskResumeAll
                0x000000000800544c      0x138 Middlewares/Third_Party/FreeRTOS/Source/tasks.o
                0x000000000800544c                xTaskResumeAll
 .text.xTaskGetTickCount
                0x0000000008005584       0x1c Middlewares/Third_Party/FreeRTOS/Source/tasks.o
                0x0000000008005584                xTaskGetTickCount
 .text.xTaskIncrementTick
                0x00000000080055a0      0x17c Middlewares/Third_Party/FreeRTOS/Source/tasks.o
                0x00000000080055a0                xTaskIncrementTick
 .text.vTaskSwitchContext
                0x000000000800571c       0xf0 Middlewares/Third_Party/FreeRTOS/Source/tasks.o
                0x000000000800571c                vTaskSwitchContext
 .text.vTaskPlaceOnEventList
                0x000000000800580c       0x48 Middlewares/Third_Party/FreeRTOS/Source/tasks.o
                0x000000000800580c                vTaskPlaceOnEventList
 .text.vTaskPlaceOnEventListRestricted
                0x0000000008005854       0x54 Middlewares/Third_Party/FreeRTOS/Source/tasks.o
                0x0000000008005854                vTaskPlaceOnEventListRestricted
 .text.xTaskRemoveFromEventList
                0x00000000080058a8       0xc4 Middlewares/Third_Party/FreeRTOS/Source/tasks.o
                0x00000000080058a8                xTaskRemoveFromEventList
 .text.vTaskInternalSetTimeOutState
                0x000000000800596c       0x2c Middlewares/Third_Party/FreeRTOS/Source/tasks.o
                0x000000000800596c                vTaskInternalSetTimeOutState
 .text.xTaskCheckForTimeOut
                0x0000000008005998       0xc0 Middlewares/Third_Party/FreeRTOS/Source/tasks.o
                0x0000000008005998                xTaskCheckForTimeOut
 .text.vTaskMissedYield
                0x0000000008005a58       0x18 Middlewares/Third_Party/FreeRTOS/Source/tasks.o
                0x0000000008005a58                vTaskMissedYield
 .text.prvIdleTask
                0x0000000008005a70       0x30 Middlewares/Third_Party/FreeRTOS/Source/tasks.o
 .text.prvInitialiseTaskLists
                0x0000000008005aa0       0x80 Middlewares/Third_Party/FreeRTOS/Source/tasks.o
 .text.prvCheckTasksWaitingTermination
                0x0000000008005b20       0x58 Middlewares/Third_Party/FreeRTOS/Source/tasks.o
 .text.prvDeleteTCB
                0x0000000008005b78       0x5c Middlewares/Third_Party/FreeRTOS/Source/tasks.o
 .text.prvResetNextTaskUnblockTime
                0x0000000008005bd4       0x48 Middlewares/Third_Party/FreeRTOS/Source/tasks.o
 .text.xTaskGetCurrentTaskHandle
                0x0000000008005c1c       0x1c Middlewares/Third_Party/FreeRTOS/Source/tasks.o
                0x0000000008005c1c                xTaskGetCurrentTaskHandle
 .text.xTaskGetSchedulerState
                0x0000000008005c38       0x3c Middlewares/Third_Party/FreeRTOS/Source/tasks.o
                0x0000000008005c38                xTaskGetSchedulerState
 .text.xTaskPriorityInherit
                0x0000000008005c74       0xdc Middlewares/Third_Party/FreeRTOS/Source/tasks.o
                0x0000000008005c74                xTaskPriorityInherit
 .text.xTaskPriorityDisinherit
                0x0000000008005d50       0xd8 Middlewares/Third_Party/FreeRTOS/Source/tasks.o
                0x0000000008005d50                xTaskPriorityDisinherit
 .text.vTaskPriorityDisinheritAfterTimeout
                0x0000000008005e28      0x108 Middlewares/Third_Party/FreeRTOS/Source/tasks.o
                0x0000000008005e28                vTaskPriorityDisinheritAfterTimeout
 .text.pvTaskIncrementMutexHeldCount
                0x0000000008005f30       0x28 Middlewares/Third_Party/FreeRTOS/Source/tasks.o
                0x0000000008005f30                pvTaskIncrementMutexHeldCount
 .text.xTaskNotifyWait
                0x0000000008005f58       0xb4 Middlewares/Third_Party/FreeRTOS/Source/tasks.o
                0x0000000008005f58                xTaskNotifyWait
 .text.xTaskGenericNotify
                0x000000000800600c      0x144 Middlewares/Third_Party/FreeRTOS/Source/tasks.o
                0x000000000800600c                xTaskGenericNotify
 .text.xTaskGenericNotifyFromISR
                0x0000000008006150      0x190 Middlewares/Third_Party/FreeRTOS/Source/tasks.o
                0x0000000008006150                xTaskGenericNotifyFromISR
 .text.xTaskNotifyStateClear
                0x00000000080062e0       0x4c Middlewares/Third_Party/FreeRTOS/Source/tasks.o
                0x00000000080062e0                xTaskNotifyStateClear
 .text.prvAddCurrentTaskToDelayedList
                0x000000000800632c       0xa8 Middlewares/Third_Party/FreeRTOS/Source/tasks.o
 .text.xTimerCreateTimerTask
                0x00000000080063d4       0x90 Middlewares/Third_Party/FreeRTOS/Source/timers.o
                0x00000000080063d4                xTimerCreateTimerTask
 .text.xTimerGenericCommand
                0x0000000008006464       0x98 Middlewares/Third_Party/FreeRTOS/Source/timers.o
                0x0000000008006464                xTimerGenericCommand
 .text.prvProcessExpiredTimer
                0x00000000080064fc       0x80 Middlewares/Third_Party/FreeRTOS/Source/timers.o
 .text.prvTimerTask
                0x000000000800657c       0x24 Middlewares/Third_Party/FreeRTOS/Source/timers.o
 .text.prvProcessTimerOrBlockTask
                0x00000000080065a0       0x9c Middlewares/Third_Party/FreeRTOS/Source/timers.o
 .text.prvGetNextExpireTime
                0x000000000800663c       0x48 Middlewares/Third_Party/FreeRTOS/Source/timers.o
 .text.prvSampleTimeNow
                0x0000000008006684       0x40 Middlewares/Third_Party/FreeRTOS/Source/timers.o
 .text.prvInsertTimerInActiveList
                0x00000000080066c4       0x84 Middlewares/Third_Party/FreeRTOS/Source/timers.o
 .text.prvProcessReceivedCommands
                0x0000000008006748      0x160 Middlewares/Third_Party/FreeRTOS/Source/timers.o
 .text.prvSwitchTimerLists
                0x00000000080068a8       0xc0 Middlewares/Third_Party/FreeRTOS/Source/timers.o
 .text.prvCheckForValidListAndQueue
                0x0000000008006968       0x80 Middlewares/Third_Party/FreeRTOS/Source/timers.o
 .text.pxPortInitialiseStack
                0x00000000080069e8       0x58 Middlewares/Third_Party/FreeRTOS/Source/portable/GCC/ARM_CM3/port.o
                0x00000000080069e8                pxPortInitialiseStack
 .text.prvTaskExitError
                0x0000000008006a40       0x50 Middlewares/Third_Party/FreeRTOS/Source/portable/GCC/ARM_CM3/port.o
 .text.SVC_Handler
                0x0000000008006a90       0x28 Middlewares/Third_Party/FreeRTOS/Source/portable/GCC/ARM_CM3/port.o
                0x0000000008006a90                SVC_Handler
 .text.prvPortStartFirstTask
                0x0000000008006ab8       0x20 Middlewares/Third_Party/FreeRTOS/Source/portable/GCC/ARM_CM3/port.o
 .text.xPortStartScheduler
                0x0000000008006ad8       0xe0 Middlewares/Third_Party/FreeRTOS/Source/portable/GCC/ARM_CM3/port.o
                0x0000000008006ad8                xPortStartScheduler
 .text.vPortEnterCritical
                0x0000000008006bb8       0x5c Middlewares/Third_Party/FreeRTOS/Source/portable/GCC/ARM_CM3/port.o
                0x0000000008006bb8                vPortEnterCritical
 .text.vPortExitCritical
                0x0000000008006c14       0x4c Middlewares/Third_Party/FreeRTOS/Source/portable/GCC/ARM_CM3/port.o
                0x0000000008006c14                vPortExitCritical
 .text.PendSV_Handler
                0x0000000008006c60       0x48 Middlewares/Third_Party/FreeRTOS/Source/portable/GCC/ARM_CM3/port.o
                0x0000000008006c60                PendSV_Handler
 .text.SysTick_Handler
                0x0000000008006ca8       0x40 Middlewares/Third_Party/FreeRTOS/Source/portable/GCC/ARM_CM3/port.o
                0x0000000008006ca8                SysTick_Handler
 .text.vPortSetupTimerInterrupt
                0x0000000008006ce8       0x44 Middlewares/Third_Party/FreeRTOS/Source/portable/GCC/ARM_CM3/port.o
                0x0000000008006ce8                vPortSetupTimerInterrupt
 .text.vPortValidateInterruptPriority
                0x0000000008006d2c       0x78 Middlewares/Third_Party/FreeRTOS/Source/portable/GCC/ARM_CM3/port.o
                0x0000000008006d2c                vPortValidateInterruptPriority
 .text.pvPortMalloc
                0x0000000008006da4      0x184 Middlewares/Third_Party/FreeRTOS/Source/portable/MemMang/heap_4.o
                0x0000000008006da4                pvPortMalloc
 .text.vPortFree
                0x0000000008006f28       0xb0 Middlewares/Third_Party/FreeRTOS/Source/portable/MemMang/heap_4.o
                0x0000000008006f28                vPortFree
 .text.prvHeapInit
                0x0000000008006fd8       0xc4 Middlewares/Third_Party/FreeRTOS/Source/portable/MemMang/heap_4.o
 .text.prvInsertBlockIntoFreeList
                0x000000000800709c       0xb0 Middlewares/Third_Party/FreeRTOS/Source/portable/MemMang/heap_4.o
 .text.__libc_init_array
                0x000000000800714c       0x48 c:/st/stm32cubeide_1.3.0/stm32cubeide/plugins/com.st.stm32cube.ide.mcu.externaltools.gnu-tools-for-stm32.7-2018-q2-update.win32_1.0.0.201904181610/tools/bin/../lib/gcc/arm-none-eabi/7.3.1/../../../../arm-none-eabi/lib/thumb/v7-m\libc_nano.a(lib_a-init.o)
                0x000000000800714c                __libc_init_array
 .text.memcpy   0x0000000008007194       0x16 c:/st/stm32cubeide_1.3.0/stm32cubeide/plugins/com.st.stm32cube.ide.mcu.externaltools.gnu-tools-for-stm32.7-2018-q2-update.win32_1.0.0.201904181610/tools/bin/../lib/gcc/arm-none-eabi/7.3.1/../../../../arm-none-eabi/lib/thumb/v7-m\libc_nano.a(lib_a-memcpy-stub.o)
                0x0000000008007194                memcpy
 .text.memset   0x00000000080071aa       0x10 c:/st/stm32cubeide_1.3.0/stm32cubeide/plugins/com.st.stm32cube.ide.mcu.externaltools.gnu-tools-for-stm32.7-2018-q2-update.win32_1.0.0.201904181610/tools/bin/../lib/gcc/arm-none-eabi/7.3.1/../../../../arm-none-eabi/lib/thumb/v7-m\libc_nano.a(lib_a-memset.o)
                0x00000000080071aa                memset
 *(.glue_7)
 .glue_7        0x00000000080071ba        0x0 linker stubs
 *(.glue_7t)
 .glue_7t       0x00000000080071ba        0x0 linker stubs
 *(.eh_frame)
 *fill*         0x00000000080071ba        0x2 
 .eh_frame      0x00000000080071bc        0x0 c:/st/stm32cubeide_1.3.0/stm32cubeide/plugins/com.st.stm32cube.ide.mcu.externaltools.gnu-tools-for-stm32.7-2018-q2-update.win32_1.0.0.201904181610/tools/bin/../lib/gcc/arm-none-eabi/7.3.1/thumb/v7-m/crtbegin.o
 *(.init)
 .init          0x00000000080071bc        0x4 c:/st/stm32cubeide_1.3.0/stm32cubeide/plugins/com.st.stm32cube.ide.mcu.externaltools.gnu-tools-for-stm32.7-2018-q2-update.win32_1.0.0.201904181610/tools/bin/../lib/gcc/arm-none-eabi/7.3.1/thumb/v7-m/crti.o
                0x00000000080071bc                _init
 .init          0x00000000080071c0        0x8 c:/st/stm32cubeide_1.3.0/stm32cubeide/plugins/com.st.stm32cube.ide.mcu.externaltools.gnu-tools-for-stm32.7-2018-q2-update.win32_1.0.0.201904181610/tools/bin/../lib/gcc/arm-none-eabi/7.3.1/thumb/v7-m/crtn.o
 *(.fini)
 .fini          0x00000000080071c8        0x4 c:/st/stm32cubeide_1.3.0/stm32cubeide/plugins/com.st.stm32cube.ide.mcu.externaltools.gnu-tools-for-stm32.7-2018-q2-update.win32_1.0.0.201904181610/tools/bin/../lib/gcc/arm-none-eabi/7.3.1/thumb/v7-m/crti.o
                0x00000000080071c8                _fini
 .fini          0x00000000080071cc        0x8 c:/st/stm32cubeide_1.3.0/stm32cubeide/plugins/com.st.stm32cube.ide.mcu.externaltools.gnu-tools-for-stm32.7-2018-q2-update.win32_1.0.0.201904181610/tools/bin/../lib/gcc/arm-none-eabi/7.3.1/thumb/v7-m/crtn.o
                0x00000000080071d4                . = ALIGN (0x4)
                0x00000000080071d4                _etext = .

.vfp11_veneer   0x00000000080071d4        0x0
 .vfp11_veneer  0x00000000080071d4        0x0 linker stubs

.v4_bx          0x00000000080071d4        0x0
 .v4_bx         0x00000000080071d4        0x0 linker stubs

.iplt           0x00000000080071d4        0x0
 .iplt          0x00000000080071d4        0x0 c:/st/stm32cubeide_1.3.0/stm32cubeide/plugins/com.st.stm32cube.ide.mcu.externaltools.gnu-tools-for-stm32.7-2018-q2-update.win32_1.0.0.201904181610/tools/bin/../lib/gcc/arm-none-eabi/7.3.1/thumb/v7-m/crtbegin.o

.rodata         0x00000000080071d4       0xa0
                0x00000000080071d4                . = ALIGN (0x4)
 *(.rodata)
 .rodata        0x00000000080071d4       0x13 Core/Src/main.o
 *fill*         0x00000000080071e7        0x1 
 .rodata        0x00000000080071e8       0x12 Drivers/STM32F1xx_HAL_Driver/Src/stm32f1xx_hal_rcc.o
 *fill*         0x00000000080071fa        0x2 
 .rodata        0x00000000080071fc       0x12 Drivers/STM32F1xx_HAL_Driver/Src/stm32f1xx_hal_rcc_ex.o
 *fill*         0x000000000800720e        0x2 
 .rodata        0x0000000008007210        0x5 Middlewares/Third_Party/FreeRTOS/Source/tasks.o
 *fill*         0x0000000008007215        0x3 
 .rodata        0x0000000008007218        0xd Middlewares/Third_Party/FreeRTOS/Source/timers.o
 *(.rodata*)
 *fill*         0x0000000008007225        0x3 
 .rodata.enviaTask_attributes
                0x0000000008007228       0x24 Core/Src/main.o
                0x0000000008007228                enviaTask_attributes
 .rodata.habENV_attributes
                0x000000000800724c       0x10 Core/Src/main.o
                0x000000000800724c                habENV_attributes
 .rodata.AHBPrescTable
                0x000000000800725c       0x10 Core/Src/system_stm32f1xx.o
                0x000000000800725c                AHBPrescTable
 .rodata.APBPrescTable
                0x000000000800726c        0x8 Core/Src/system_stm32f1xx.o
                0x000000000800726c                APBPrescTable
                0x0000000008007274                . = ALIGN (0x4)

.rel.dyn        0x0000000008007274        0x0
 .rel.iplt      0x0000000008007274        0x0 c:/st/stm32cubeide_1.3.0/stm32cubeide/plugins/com.st.stm32cube.ide.mcu.externaltools.gnu-tools-for-stm32.7-2018-q2-update.win32_1.0.0.201904181610/tools/bin/../lib/gcc/arm-none-eabi/7.3.1/thumb/v7-m/crtbegin.o

.ARM.extab      0x0000000008007274        0x0
                0x0000000008007274                . = ALIGN (0x4)
 *(.ARM.extab* .gnu.linkonce.armextab.*)
                0x0000000008007274                . = ALIGN (0x4)

.ARM            0x0000000008007274        0x0
                0x0000000008007274                . = ALIGN (0x4)
                0x0000000008007274                __exidx_start = .
 *(.ARM.exidx*)
                0x0000000008007274                __exidx_end = .
                0x0000000008007274                . = ALIGN (0x4)

.preinit_array  0x0000000008007274        0x0
                0x0000000008007274                . = ALIGN (0x4)
                0x0000000008007274                PROVIDE (__preinit_array_start = .)
 *(.preinit_array*)
                0x0000000008007274                PROVIDE (__preinit_array_end = .)
                0x0000000008007274                . = ALIGN (0x4)

.init_array     0x0000000008007274        0x4
                0x0000000008007274                . = ALIGN (0x4)
                0x0000000008007274                PROVIDE (__init_array_start = .)
 *(SORT_BY_NAME(.init_array.*))
 *(.init_array*)
 .init_array    0x0000000008007274        0x4 c:/st/stm32cubeide_1.3.0/stm32cubeide/plugins/com.st.stm32cube.ide.mcu.externaltools.gnu-tools-for-stm32.7-2018-q2-update.win32_1.0.0.201904181610/tools/bin/../lib/gcc/arm-none-eabi/7.3.1/thumb/v7-m/crtbegin.o
                0x0000000008007278                PROVIDE (__init_array_end = .)
                0x0000000008007278                . = ALIGN (0x4)

.fini_array     0x0000000008007278        0x4
                0x0000000008007278                . = ALIGN (0x4)
                [!provide]                        PROVIDE (__fini_array_start = .)
 *(SORT_BY_NAME(.fini_array.*))
 *(.fini_array*)
 .fini_array    0x0000000008007278        0x4 c:/st/stm32cubeide_1.3.0/stm32cubeide/plugins/com.st.stm32cube.ide.mcu.externaltools.gnu-tools-for-stm32.7-2018-q2-update.win32_1.0.0.201904181610/tools/bin/../lib/gcc/arm-none-eabi/7.3.1/thumb/v7-m/crtbegin.o
                [!provide]                        PROVIDE (__fini_array_end = .)
                0x000000000800727c                . = ALIGN (0x4)
                0x000000000800727c                _sidata = LOADADDR (.data)

.data           0x0000000020000000       0x10 load address 0x000000000800727c
                0x0000000020000000                . = ALIGN (0x4)
                0x0000000020000000                _sdata = .
 *(.data)
 *(.data*)
 .data.SystemCoreClock
                0x0000000020000000        0x4 Core/Src/system_stm32f1xx.o
                0x0000000020000000                SystemCoreClock
 .data.uwTickPrio
                0x0000000020000004        0x4 Drivers/STM32F1xx_HAL_Driver/Src/stm32f1xx_hal.o
                0x0000000020000004                uwTickPrio
 .data.uwTickFreq
                0x0000000020000008        0x1 Drivers/STM32F1xx_HAL_Driver/Src/stm32f1xx_hal.o
                0x0000000020000008                uwTickFreq
 *fill*         0x0000000020000009        0x3 
 .data.uxCriticalNesting
                0x000000002000000c        0x4 Middlewares/Third_Party/FreeRTOS/Source/portable/GCC/ARM_CM3/port.o
                0x0000000020000010                . = ALIGN (0x4)
                0x0000000020000010                _edata = .

.igot.plt       0x0000000020000010        0x0 load address 0x000000000800728c
 .igot.plt      0x0000000020000010        0x0 c:/st/stm32cubeide_1.3.0/stm32cubeide/plugins/com.st.stm32cube.ide.mcu.externaltools.gnu-tools-for-stm32.7-2018-q2-update.win32_1.0.0.201904181610/tools/bin/../lib/gcc/arm-none-eabi/7.3.1/thumb/v7-m/crtbegin.o
                0x0000000020000010                . = ALIGN (0x4)

.bss            0x0000000020000010     0x29e4 load address 0x000000000800728c
                0x0000000020000010                _sbss = .
                0x0000000020000010                __bss_start__ = _sbss
 *(.bss)
 .bss           0x0000000020000010       0x1c c:/st/stm32cubeide_1.3.0/stm32cubeide/plugins/com.st.stm32cube.ide.mcu.externaltools.gnu-tools-for-stm32.7-2018-q2-update.win32_1.0.0.201904181610/tools/bin/../lib/gcc/arm-none-eabi/7.3.1/thumb/v7-m/crtbegin.o
 *(.bss*)
 .bss.i         0x000000002000002c        0x4 Core/Src/main.o
                0x000000002000002c                i
 .bss.j         0x0000000020000030        0x4 Core/Src/main.o
                0x0000000020000030                j
 .bss.k         0x0000000020000034        0x4 Core/Src/main.o
                0x0000000020000034                k
 .bss.valor2.6821
                0x0000000020000038        0x1 Core/Src/main.o
 .bss.valor3.6822
                0x0000000020000039        0x1 Core/Src/main.o
 *fill*         0x000000002000003a        0x2 
 .bss.canais.6823
                0x000000002000003c      0x190 Core/Src/main.o
 .bss.ucRxData.6840
                0x00000000200001cc      0x190 Core/Src/main.o
 .bss.KernelState
                0x000000002000035c        0x4 Middlewares/Third_Party/FreeRTOS/Source/CMSIS_RTOS_V2/cmsis_os2.o
 .bss.Idle_TCB  0x0000000020000360       0x60 Middlewares/Third_Party/FreeRTOS/Source/CMSIS_RTOS_V2/cmsis_os2.o
 .bss.Idle_Stack
                0x00000000200003c0      0x200 Middlewares/Third_Party/FreeRTOS/Source/CMSIS_RTOS_V2/cmsis_os2.o
 .bss.Timer_TCB
                0x00000000200005c0       0x60 Middlewares/Third_Party/FreeRTOS/Source/CMSIS_RTOS_V2/cmsis_os2.o
 .bss.Timer_Stack
                0x0000000020000620      0x400 Middlewares/Third_Party/FreeRTOS/Source/CMSIS_RTOS_V2/cmsis_os2.o
 .bss.pxCurrentTCB
                0x0000000020000a20        0x4 Middlewares/Third_Party/FreeRTOS/Source/tasks.o
                0x0000000020000a20                pxCurrentTCB
 .bss.pxReadyTasksLists
                0x0000000020000a24      0x460 Middlewares/Third_Party/FreeRTOS/Source/tasks.o
 .bss.xDelayedTaskList1
                0x0000000020000e84       0x14 Middlewares/Third_Party/FreeRTOS/Source/tasks.o
 .bss.xDelayedTaskList2
                0x0000000020000e98       0x14 Middlewares/Third_Party/FreeRTOS/Source/tasks.o
 .bss.pxDelayedTaskList
                0x0000000020000eac        0x4 Middlewares/Third_Party/FreeRTOS/Source/tasks.o
 .bss.pxOverflowDelayedTaskList
                0x0000000020000eb0        0x4 Middlewares/Third_Party/FreeRTOS/Source/tasks.o
 .bss.xPendingReadyList
                0x0000000020000eb4       0x14 Middlewares/Third_Party/FreeRTOS/Source/tasks.o
 .bss.xTasksWaitingTermination
                0x0000000020000ec8       0x14 Middlewares/Third_Party/FreeRTOS/Source/tasks.o
 .bss.uxDeletedTasksWaitingCleanUp
                0x0000000020000edc        0x4 Middlewares/Third_Party/FreeRTOS/Source/tasks.o
 .bss.xSuspendedTaskList
                0x0000000020000ee0       0x14 Middlewares/Third_Party/FreeRTOS/Source/tasks.o
 .bss.uxCurrentNumberOfTasks
                0x0000000020000ef4        0x4 Middlewares/Third_Party/FreeRTOS/Source/tasks.o
 .bss.xTickCount
                0x0000000020000ef8        0x4 Middlewares/Third_Party/FreeRTOS/Source/tasks.o
 .bss.uxTopReadyPriority
                0x0000000020000efc        0x4 Middlewares/Third_Party/FreeRTOS/Source/tasks.o
 .bss.xSchedulerRunning
                0x0000000020000f00        0x4 Middlewares/Third_Party/FreeRTOS/Source/tasks.o
 .bss.uxPendedTicks
                0x0000000020000f04        0x4 Middlewares/Third_Party/FreeRTOS/Source/tasks.o
 .bss.xYieldPending
                0x0000000020000f08        0x4 Middlewares/Third_Party/FreeRTOS/Source/tasks.o
 .bss.xNumOfOverflows
                0x0000000020000f0c        0x4 Middlewares/Third_Party/FreeRTOS/Source/tasks.o
 .bss.uxTaskNumber
                0x0000000020000f10        0x4 Middlewares/Third_Party/FreeRTOS/Source/tasks.o
 .bss.xNextTaskUnblockTime
                0x0000000020000f14        0x4 Middlewares/Third_Party/FreeRTOS/Source/tasks.o
 .bss.xIdleTaskHandle
                0x0000000020000f18        0x4 Middlewares/Third_Party/FreeRTOS/Source/tasks.o
 .bss.uxSchedulerSuspended
                0x0000000020000f1c        0x4 Middlewares/Third_Party/FreeRTOS/Source/tasks.o
 .bss.ulTaskSwitchedInTime
                0x0000000020000f20        0x4 Middlewares/Third_Party/FreeRTOS/Source/tasks.o
 .bss.ulTotalRunTime
                0x0000000020000f24        0x4 Middlewares/Third_Party/FreeRTOS/Source/tasks.o
 .bss.xActiveTimerList1
                0x0000000020000f28       0x14 Middlewares/Third_Party/FreeRTOS/Source/timers.o
 .bss.xActiveTimerList2
                0x0000000020000f3c       0x14 Middlewares/Third_Party/FreeRTOS/Source/timers.o
 .bss.pxCurrentTimerList
                0x0000000020000f50        0x4 Middlewares/Third_Party/FreeRTOS/Source/timers.o
 .bss.pxOverflowTimerList
                0x0000000020000f54        0x4 Middlewares/Third_Party/FreeRTOS/Source/timers.o
 .bss.xTimerQueue
                0x0000000020000f58        0x4 Middlewares/Third_Party/FreeRTOS/Source/timers.o
 .bss.xTimerTaskHandle
                0x0000000020000f5c        0x4 Middlewares/Third_Party/FreeRTOS/Source/timers.o
 .bss.xLastTime.5457
                0x0000000020000f60        0x4 Middlewares/Third_Party/FreeRTOS/Source/timers.o
 .bss.ucStaticTimerQueueStorage.5508
                0x0000000020000f64       0xa0 Middlewares/Third_Party/FreeRTOS/Source/timers.o
 .bss.xStaticTimerQueue.5507
                0x0000000020001004       0x50 Middlewares/Third_Party/FreeRTOS/Source/timers.o
 .bss.ucMaxSysCallPriority
                0x0000000020001054        0x1 Middlewares/Third_Party/FreeRTOS/Source/portable/GCC/ARM_CM3/port.o
 *fill*         0x0000000020001055        0x3 
 .bss.ulMaxPRIGROUPValue
                0x0000000020001058        0x4 Middlewares/Third_Party/FreeRTOS/Source/portable/GCC/ARM_CM3/port.o
 .bss.ucHeap    0x000000002000105c     0x17b8 Middlewares/Third_Party/FreeRTOS/Source/portable/MemMang/heap_4.o
 .bss.xStart    0x0000000020002814        0x8 Middlewares/Third_Party/FreeRTOS/Source/portable/MemMang/heap_4.o
 .bss.pxEnd     0x000000002000281c        0x4 Middlewares/Third_Party/FreeRTOS/Source/portable/MemMang/heap_4.o
 .bss.xFreeBytesRemaining
                0x0000000020002820        0x4 Middlewares/Third_Party/FreeRTOS/Source/portable/MemMang/heap_4.o
 .bss.xMinimumEverFreeBytesRemaining
                0x0000000020002824        0x4 Middlewares/Third_Party/FreeRTOS/Source/portable/MemMang/heap_4.o
 .bss.xBlockAllocatedBit
                0x0000000020002828        0x4 Middlewares/Third_Party/FreeRTOS/Source/portable/MemMang/heap_4.o
 *(COMMON)
 COMMON         0x000000002000282c      0x144 Core/Src/main.o
                0x000000002000282c                xStreamBuffer
                0x0000000020002830                enviaTaskHandle
                0x0000000020002834                habENVHandle
                0x0000000020002838                hrtc
                0x000000002000284c                zStreamBuffer
                0x0000000020002850                htim1
                0x0000000020002890                hspi1
                0x00000000200028e8                hdma_spi1_rx
                0x000000002000292c                hdma_spi1_tx
 COMMON         0x0000000020002970       0x40 Core/Src/stm32f1xx_hal_timebase_tim.o
                0x0000000020002970                htim2
 COMMON         0x00000000200029b0        0x4 Drivers/STM32F1xx_HAL_Driver/Src/stm32f1xx_hal.o
                0x00000000200029b0                uwTick
 COMMON         0x00000000200029b4       0x40 Middlewares/Third_Party/FreeRTOS/Source/queue.o
                0x00000000200029b4                xQueueRegistry
                0x00000000200029f4                . = ALIGN (0x4)
                0x00000000200029f4                _ebss = .
                0x00000000200029f4                __bss_end__ = _ebss

._user_heap_stack
                0x00000000200029f4      0x604 load address 0x000000000800728c
                0x00000000200029f8                . = ALIGN (0x8)
 *fill*         0x00000000200029f4        0x4 
                0x00000000200029f8                PROVIDE (end = .)
                [!provide]                        PROVIDE (_end = .)
                0x0000000020002bf8                . = (. + _Min_Heap_Size)
 *fill*         0x00000000200029f8      0x200 
                0x0000000020002ff8                . = (. + _Min_Stack_Size)
 *fill*         0x0000000020002bf8      0x400 
                0x0000000020002ff8                . = ALIGN (0x8)

/DISCARD/
 libc.a(*)
 libm.a(*)
 libgcc.a(*)

.ARM.attributes
                0x0000000000000000       0x29
 *(.ARM.attributes)
 .ARM.attributes
                0x0000000000000000       0x1d c:/st/stm32cubeide_1.3.0/stm32cubeide/plugins/com.st.stm32cube.ide.mcu.externaltools.gnu-tools-for-stm32.7-2018-q2-update.win32_1.0.0.201904181610/tools/bin/../lib/gcc/arm-none-eabi/7.3.1/thumb/v7-m/crti.o
 .ARM.attributes
                0x000000000000001d       0x2d c:/st/stm32cubeide_1.3.0/stm32cubeide/plugins/com.st.stm32cube.ide.mcu.externaltools.gnu-tools-for-stm32.7-2018-q2-update.win32_1.0.0.201904181610/tools/bin/../lib/gcc/arm-none-eabi/7.3.1/thumb/v7-m/crtbegin.o
 .ARM.attributes
                0x000000000000004a       0x33 Core/Src/freertos.o
 .ARM.attributes
                0x000000000000007d       0x33 Core/Src/main.o
 .ARM.attributes
                0x00000000000000b0       0x33 Core/Src/stm32f1xx_hal_msp.o
 .ARM.attributes
                0x00000000000000e3       0x33 Core/Src/stm32f1xx_hal_timebase_tim.o
 .ARM.attributes
                0x0000000000000116       0x33 Core/Src/stm32f1xx_it.o
 .ARM.attributes
                0x0000000000000149       0x33 Core/Src/system_stm32f1xx.o
 .ARM.attributes
                0x000000000000017c       0x21 Core/Startup/startup_stm32f103c8tx.o
 .ARM.attributes
                0x000000000000019d       0x33 Drivers/STM32F1xx_HAL_Driver/Src/stm32f1xx_hal.o
 .ARM.attributes
                0x00000000000001d0       0x33 Drivers/STM32F1xx_HAL_Driver/Src/stm32f1xx_hal_cortex.o
 .ARM.attributes
                0x0000000000000203       0x33 Drivers/STM32F1xx_HAL_Driver/Src/stm32f1xx_hal_dma.o
 .ARM.attributes
                0x0000000000000236       0x33 Drivers/STM32F1xx_HAL_Driver/Src/stm32f1xx_hal_gpio.o
 .ARM.attributes
                0x0000000000000269       0x33 Drivers/STM32F1xx_HAL_Driver/Src/stm32f1xx_hal_pwr.o
 .ARM.attributes
                0x000000000000029c       0x33 Drivers/STM32F1xx_HAL_Driver/Src/stm32f1xx_hal_rcc.o
 .ARM.attributes
                0x00000000000002cf       0x33 Drivers/STM32F1xx_HAL_Driver/Src/stm32f1xx_hal_rcc_ex.o
 .ARM.attributes
                0x0000000000000302       0x33 Drivers/STM32F1xx_HAL_Driver/Src/stm32f1xx_hal_rtc.o
 .ARM.attributes
                0x0000000000000335       0x33 Drivers/STM32F1xx_HAL_Driver/Src/stm32f1xx_hal_spi.o
 .ARM.attributes
                0x0000000000000368       0x33 Drivers/STM32F1xx_HAL_Driver/Src/stm32f1xx_hal_tim.o
 .ARM.attributes
                0x000000000000039b       0x33 Drivers/STM32F1xx_HAL_Driver/Src/stm32f1xx_hal_tim_ex.o
 .ARM.attributes
                0x00000000000003ce       0x33 Middlewares/Third_Party/FreeRTOS/Source/CMSIS_RTOS_V2/cmsis_os2.o
 .ARM.attributes
                0x0000000000000401       0x33 Middlewares/Third_Party/FreeRTOS/Source/list.o
 .ARM.attributes
                0x0000000000000434       0x33 Middlewares/Third_Party/FreeRTOS/Source/queue.o
 .ARM.attributes
                0x0000000000000467       0x33 Middlewares/Third_Party/FreeRTOS/Source/stream_buffer.o
 .ARM.attributes
                0x000000000000049a       0x33 Middlewares/Third_Party/FreeRTOS/Source/tasks.o
 .ARM.attributes
                0x00000000000004cd       0x33 Middlewares/Third_Party/FreeRTOS/Source/timers.o
 .ARM.attributes
                0x0000000000000500       0x33 Middlewares/Third_Party/FreeRTOS/Source/portable/GCC/ARM_CM3/port.o
 .ARM.attributes
                0x0000000000000533       0x33 Middlewares/Third_Party/FreeRTOS/Source/portable/MemMang/heap_4.o
 .ARM.attributes
                0x0000000000000566       0x2d c:/st/stm32cubeide_1.3.0/stm32cubeide/plugins/com.st.stm32cube.ide.mcu.externaltools.gnu-tools-for-stm32.7-2018-q2-update.win32_1.0.0.201904181610/tools/bin/../lib/gcc/arm-none-eabi/7.3.1/../../../../arm-none-eabi/lib/thumb/v7-m\libc_nano.a(lib_a-init.o)
 .ARM.attributes
                0x0000000000000593       0x2d c:/st/stm32cubeide_1.3.0/stm32cubeide/plugins/com.st.stm32cube.ide.mcu.externaltools.gnu-tools-for-stm32.7-2018-q2-update.win32_1.0.0.201904181610/tools/bin/../lib/gcc/arm-none-eabi/7.3.1/../../../../arm-none-eabi/lib/thumb/v7-m\libc_nano.a(lib_a-memcpy-stub.o)
 .ARM.attributes
                0x00000000000005c0       0x2d c:/st/stm32cubeide_1.3.0/stm32cubeide/plugins/com.st.stm32cube.ide.mcu.externaltools.gnu-tools-for-stm32.7-2018-q2-update.win32_1.0.0.201904181610/tools/bin/../lib/gcc/arm-none-eabi/7.3.1/../../../../arm-none-eabi/lib/thumb/v7-m\libc_nano.a(lib_a-memset.o)
 .ARM.attributes
                0x00000000000005ed       0x1d c:/st/stm32cubeide_1.3.0/stm32cubeide/plugins/com.st.stm32cube.ide.mcu.externaltools.gnu-tools-for-stm32.7-2018-q2-update.win32_1.0.0.201904181610/tools/bin/../lib/gcc/arm-none-eabi/7.3.1/thumb/v7-m/crtn.o
OUTPUT(ad7606_ADCT_3buf_allAD_spi.elf elf32-littlearm)

.debug_info     0x0000000000000000    0x1a4f5
 .debug_info    0x0000000000000000      0x18e Core/Src/freertos.o
 .debug_info    0x000000000000018e     0x157b Core/Src/main.o
 .debug_info    0x0000000000001709      0xf00 Core/Src/stm32f1xx_hal_msp.o
 .debug_info    0x0000000000002609      0x8e8 Core/Src/stm32f1xx_hal_timebase_tim.o
 .debug_info    0x0000000000002ef1      0x96a Core/Src/stm32f1xx_it.o
 .debug_info    0x000000000000385b      0x433 Core/Src/system_stm32f1xx.o
 .debug_info    0x0000000000003c8e       0x22 Core/Startup/startup_stm32f103c8tx.o
 .debug_info    0x0000000000003cb0      0x6fe Drivers/STM32F1xx_HAL_Driver/Src/stm32f1xx_hal.o
 .debug_info    0x00000000000043ae      0xb46 Drivers/STM32F1xx_HAL_Driver/Src/stm32f1xx_hal_cortex.o
 .debug_info    0x0000000000004ef4      0x7a6 Drivers/STM32F1xx_HAL_Driver/Src/stm32f1xx_hal_dma.o
 .debug_info    0x000000000000569a      0x681 Drivers/STM32F1xx_HAL_Driver/Src/stm32f1xx_hal_gpio.o
 .debug_info    0x0000000000005d1b      0x6d7 Drivers/STM32F1xx_HAL_Driver/Src/stm32f1xx_hal_pwr.o
 .debug_info    0x00000000000063f2      0x804 Drivers/STM32F1xx_HAL_Driver/Src/stm32f1xx_hal_rcc.o
 .debug_info    0x0000000000006bf6      0x439 Drivers/STM32F1xx_HAL_Driver/Src/stm32f1xx_hal_rcc_ex.o
 .debug_info    0x000000000000702f      0xd24 Drivers/STM32F1xx_HAL_Driver/Src/stm32f1xx_hal_rtc.o
 .debug_info    0x0000000000007d53     0x153a Drivers/STM32F1xx_HAL_Driver/Src/stm32f1xx_hal_spi.o
 .debug_info    0x000000000000928d     0x2456 Drivers/STM32F1xx_HAL_Driver/Src/stm32f1xx_hal_tim.o
 .debug_info    0x000000000000b6e3     0x1104 Drivers/STM32F1xx_HAL_Driver/Src/stm32f1xx_hal_tim_ex.o
 .debug_info    0x000000000000c7e7     0x4047 Middlewares/Third_Party/FreeRTOS/Source/CMSIS_RTOS_V2/cmsis_os2.o
 .debug_info    0x000000000001082e      0xac5 Middlewares/Third_Party/FreeRTOS/Source/list.o
 .debug_info    0x00000000000112f3     0x22e8 Middlewares/Third_Party/FreeRTOS/Source/queue.o
 .debug_info    0x00000000000135db     0x1aa3 Middlewares/Third_Party/FreeRTOS/Source/stream_buffer.o
 .debug_info    0x000000000001507e     0x298d Middlewares/Third_Party/FreeRTOS/Source/tasks.o
 .debug_info    0x0000000000017a0b     0x1a2e Middlewares/Third_Party/FreeRTOS/Source/timers.o
 .debug_info    0x0000000000019439      0x4d2 Middlewares/Third_Party/FreeRTOS/Source/portable/GCC/ARM_CM3/port.o
 .debug_info    0x000000000001990b      0xbea Middlewares/Third_Party/FreeRTOS/Source/portable/MemMang/heap_4.o

.debug_abbrev   0x0000000000000000     0x36ee
 .debug_abbrev  0x0000000000000000       0xc8 Core/Src/freertos.o
 .debug_abbrev  0x00000000000000c8      0x263 Core/Src/main.o
 .debug_abbrev  0x000000000000032b      0x1f8 Core/Src/stm32f1xx_hal_msp.o
 .debug_abbrev  0x0000000000000523      0x19d Core/Src/stm32f1xx_hal_timebase_tim.o
 .debug_abbrev  0x00000000000006c0      0x169 Core/Src/stm32f1xx_it.o
 .debug_abbrev  0x0000000000000829      0x134 Core/Src/system_stm32f1xx.o
 .debug_abbrev  0x000000000000095d       0x12 Core/Startup/startup_stm32f103c8tx.o
 .debug_abbrev  0x000000000000096f      0x1d8 Drivers/STM32F1xx_HAL_Driver/Src/stm32f1xx_hal.o
 .debug_abbrev  0x0000000000000b47      0x2d5 Drivers/STM32F1xx_HAL_Driver/Src/stm32f1xx_hal_cortex.o
 .debug_abbrev  0x0000000000000e1c      0x1fe Drivers/STM32F1xx_HAL_Driver/Src/stm32f1xx_hal_dma.o
 .debug_abbrev  0x000000000000101a      0x1c0 Drivers/STM32F1xx_HAL_Driver/Src/stm32f1xx_hal_gpio.o
 .debug_abbrev  0x00000000000011da      0x1f2 Drivers/STM32F1xx_HAL_Driver/Src/stm32f1xx_hal_pwr.o
 .debug_abbrev  0x00000000000013cc      0x243 Drivers/STM32F1xx_HAL_Driver/Src/stm32f1xx_hal_rcc.o
 .debug_abbrev  0x000000000000160f      0x175 Drivers/STM32F1xx_HAL_Driver/Src/stm32f1xx_hal_rcc_ex.o
 .debug_abbrev  0x0000000000001784      0x20a Drivers/STM32F1xx_HAL_Driver/Src/stm32f1xx_hal_rtc.o
 .debug_abbrev  0x000000000000198e      0x240 Drivers/STM32F1xx_HAL_Driver/Src/stm32f1xx_hal_spi.o
 .debug_abbrev  0x0000000000001bce      0x230 Drivers/STM32F1xx_HAL_Driver/Src/stm32f1xx_hal_tim.o
 .debug_abbrev  0x0000000000001dfe      0x21e Drivers/STM32F1xx_HAL_Driver/Src/stm32f1xx_hal_tim_ex.o
 .debug_abbrev  0x000000000000201c      0x3a0 Middlewares/Third_Party/FreeRTOS/Source/CMSIS_RTOS_V2/cmsis_os2.o
 .debug_abbrev  0x00000000000023bc      0x1cf Middlewares/Third_Party/FreeRTOS/Source/list.o
 .debug_abbrev  0x000000000000258b      0x354 Middlewares/Third_Party/FreeRTOS/Source/queue.o
 .debug_abbrev  0x00000000000028df      0x345 Middlewares/Third_Party/FreeRTOS/Source/stream_buffer.o
 .debug_abbrev  0x0000000000002c24      0x350 Middlewares/Third_Party/FreeRTOS/Source/tasks.o
 .debug_abbrev  0x0000000000002f74      0x2d7 Middlewares/Third_Party/FreeRTOS/Source/timers.o
 .debug_abbrev  0x000000000000324b      0x205 Middlewares/Third_Party/FreeRTOS/Source/portable/GCC/ARM_CM3/port.o
 .debug_abbrev  0x0000000000003450      0x29e Middlewares/Third_Party/FreeRTOS/Source/portable/MemMang/heap_4.o

.debug_aranges  0x0000000000000000     0x1620
 .debug_aranges
                0x0000000000000000       0x28 Core/Src/freertos.o
 .debug_aranges
                0x0000000000000028       0x90 Core/Src/main.o
 .debug_aranges
                0x00000000000000b8       0x50 Core/Src/stm32f1xx_hal_msp.o
 .debug_aranges
                0x0000000000000108       0x30 Core/Src/stm32f1xx_hal_timebase_tim.o
 .debug_aranges
                0x0000000000000138       0x80 Core/Src/stm32f1xx_it.o
 .debug_aranges
                0x00000000000001b8       0x28 Core/Src/system_stm32f1xx.o
 .debug_aranges
                0x00000000000001e0       0x28 Core/Startup/startup_stm32f103c8tx.o
 .debug_aranges
                0x0000000000000208       0xe0 Drivers/STM32F1xx_HAL_Driver/Src/stm32f1xx_hal.o
 .debug_aranges
                0x00000000000002e8      0x100 Drivers/STM32F1xx_HAL_Driver/Src/stm32f1xx_hal_cortex.o
 .debug_aranges
                0x00000000000003e8       0x80 Drivers/STM32F1xx_HAL_Driver/Src/stm32f1xx_hal_dma.o
 .debug_aranges
                0x0000000000000468       0x58 Drivers/STM32F1xx_HAL_Driver/Src/stm32f1xx_hal_gpio.o
 .debug_aranges
                0x00000000000004c0       0xa8 Drivers/STM32F1xx_HAL_Driver/Src/stm32f1xx_hal_pwr.o
 .debug_aranges
                0x0000000000000568       0x90 Drivers/STM32F1xx_HAL_Driver/Src/stm32f1xx_hal_rcc.o
 .debug_aranges
                0x00000000000005f8       0x30 Drivers/STM32F1xx_HAL_Driver/Src/stm32f1xx_hal_rcc_ex.o
 .debug_aranges
                0x0000000000000628       0xf8 Drivers/STM32F1xx_HAL_Driver/Src/stm32f1xx_hal_rtc.o
 .debug_aranges
                0x0000000000000720      0x1d0 Drivers/STM32F1xx_HAL_Driver/Src/stm32f1xx_hal_spi.o
 .debug_aranges
                0x00000000000008f0      0x3a8 Drivers/STM32F1xx_HAL_Driver/Src/stm32f1xx_hal_tim.o
 .debug_aranges
                0x0000000000000c98      0x150 Drivers/STM32F1xx_HAL_Driver/Src/stm32f1xx_hal_tim_ex.o
 .debug_aranges
                0x0000000000000de8      0x228 Middlewares/Third_Party/FreeRTOS/Source/CMSIS_RTOS_V2/cmsis_os2.o
 .debug_aranges
                0x0000000000001010       0x40 Middlewares/Third_Party/FreeRTOS/Source/list.o
 .debug_aranges
                0x0000000000001050      0x158 Middlewares/Third_Party/FreeRTOS/Source/queue.o
 .debug_aranges
                0x00000000000011a8       0xd8 Middlewares/Third_Party/FreeRTOS/Source/stream_buffer.o
 .debug_aranges
                0x0000000000001280      0x1f8 Middlewares/Third_Party/FreeRTOS/Source/tasks.o
 .debug_aranges
                0x0000000000001478       0xe0 Middlewares/Third_Party/FreeRTOS/Source/timers.o
 .debug_aranges
                0x0000000000001558       0x78 Middlewares/Third_Party/FreeRTOS/Source/portable/GCC/ARM_CM3/port.o
 .debug_aranges
                0x00000000000015d0       0x50 Middlewares/Third_Party/FreeRTOS/Source/portable/MemMang/heap_4.o

.debug_ranges   0x0000000000000000     0x1488
 .debug_ranges  0x0000000000000000       0x18 Core/Src/freertos.o
 .debug_ranges  0x0000000000000018       0x80 Core/Src/main.o
 .debug_ranges  0x0000000000000098       0x40 Core/Src/stm32f1xx_hal_msp.o
 .debug_ranges  0x00000000000000d8       0x20 Core/Src/stm32f1xx_hal_timebase_tim.o
 .debug_ranges  0x00000000000000f8       0x70 Core/Src/stm32f1xx_it.o
 .debug_ranges  0x0000000000000168       0x18 Core/Src/system_stm32f1xx.o
 .debug_ranges  0x0000000000000180       0x20 Core/Startup/startup_stm32f103c8tx.o
 .debug_ranges  0x00000000000001a0       0xd0 Drivers/STM32F1xx_HAL_Driver/Src/stm32f1xx_hal.o
 .debug_ranges  0x0000000000000270       0xf0 Drivers/STM32F1xx_HAL_Driver/Src/stm32f1xx_hal_cortex.o
 .debug_ranges  0x0000000000000360       0x70 Drivers/STM32F1xx_HAL_Driver/Src/stm32f1xx_hal_dma.o
 .debug_ranges  0x00000000000003d0       0x48 Drivers/STM32F1xx_HAL_Driver/Src/stm32f1xx_hal_gpio.o
 .debug_ranges  0x0000000000000418       0x98 Drivers/STM32F1xx_HAL_Driver/Src/stm32f1xx_hal_pwr.o
 .debug_ranges  0x00000000000004b0       0x80 Drivers/STM32F1xx_HAL_Driver/Src/stm32f1xx_hal_rcc.o
 .debug_ranges  0x0000000000000530       0x20 Drivers/STM32F1xx_HAL_Driver/Src/stm32f1xx_hal_rcc_ex.o
 .debug_ranges  0x0000000000000550       0xe8 Drivers/STM32F1xx_HAL_Driver/Src/stm32f1xx_hal_rtc.o
 .debug_ranges  0x0000000000000638      0x1c0 Drivers/STM32F1xx_HAL_Driver/Src/stm32f1xx_hal_spi.o
 .debug_ranges  0x00000000000007f8      0x398 Drivers/STM32F1xx_HAL_Driver/Src/stm32f1xx_hal_tim.o
 .debug_ranges  0x0000000000000b90      0x140 Drivers/STM32F1xx_HAL_Driver/Src/stm32f1xx_hal_tim_ex.o
 .debug_ranges  0x0000000000000cd0      0x218 Middlewares/Third_Party/FreeRTOS/Source/CMSIS_RTOS_V2/cmsis_os2.o
 .debug_ranges  0x0000000000000ee8       0x30 Middlewares/Third_Party/FreeRTOS/Source/list.o
 .debug_ranges  0x0000000000000f18      0x148 Middlewares/Third_Party/FreeRTOS/Source/queue.o
 .debug_ranges  0x0000000000001060       0xc8 Middlewares/Third_Party/FreeRTOS/Source/stream_buffer.o
 .debug_ranges  0x0000000000001128      0x1e8 Middlewares/Third_Party/FreeRTOS/Source/tasks.o
 .debug_ranges  0x0000000000001310       0xd0 Middlewares/Third_Party/FreeRTOS/Source/timers.o
 .debug_ranges  0x00000000000013e0       0x68 Middlewares/Third_Party/FreeRTOS/Source/portable/GCC/ARM_CM3/port.o
 .debug_ranges  0x0000000000001448       0x40 Middlewares/Third_Party/FreeRTOS/Source/portable/MemMang/heap_4.o

.debug_macro    0x0000000000000000    0x1634c
 .debug_macro   0x0000000000000000      0x225 Core/Src/freertos.o
 .debug_macro   0x0000000000000225      0xa5a Core/Src/freertos.o
 .debug_macro   0x0000000000000c7f      0x174 Core/Src/freertos.o
 .debug_macro   0x0000000000000df3       0x22 Core/Src/freertos.o
 .debug_macro   0x0000000000000e15       0x8e Core/Src/freertos.o
 .debug_macro   0x0000000000000ea3       0x51 Core/Src/freertos.o
 .debug_macro   0x0000000000000ef4       0xef Core/Src/freertos.o
 .debug_macro   0x0000000000000fe3       0x6a Core/Src/freertos.o
 .debug_macro   0x000000000000104d      0x1df Core/Src/freertos.o
 .debug_macro   0x000000000000122c      0x138 Core/Src/freertos.o
 .debug_macro   0x0000000000001364      0x15a Core/Src/freertos.o
 .debug_macro   0x00000000000014be       0xc2 Core/Src/freertos.o
 .debug_macro   0x0000000000001580       0x10 Core/Src/freertos.o
 .debug_macro   0x0000000000001590       0x1f Core/Src/freertos.o
 .debug_macro   0x00000000000015af      0x471 Core/Src/freertos.o
 .debug_macro   0x0000000000001a20       0xb5 Core/Src/freertos.o
 .debug_macro   0x0000000000001ad5       0x8c Core/Src/freertos.o
 .debug_macro   0x0000000000001b61      0x227 Core/Src/freertos.o
 .debug_macro   0x0000000000001d88       0x2e Core/Src/freertos.o
 .debug_macro   0x0000000000001db6       0x22 Core/Src/freertos.o
 .debug_macro   0x0000000000001dd8       0x1c Core/Src/freertos.o
 .debug_macro   0x0000000000001df4       0x22 Core/Src/freertos.o
 .debug_macro   0x0000000000001e16       0xc3 Core/Src/freertos.o
 .debug_macro   0x0000000000001ed9      0xd23 Core/Src/freertos.o
 .debug_macro   0x0000000000002bfc     0xe09e Core/Src/freertos.o
 .debug_macro   0x0000000000010c9a       0x43 Core/Src/freertos.o
 .debug_macro   0x0000000000010cdd       0x5a Core/Src/freertos.o
 .debug_macro   0x0000000000010d37      0x5be Core/Src/freertos.o
 .debug_macro   0x00000000000112f5      0x289 Core/Src/freertos.o
 .debug_macro   0x000000000001157e      0x1cb Core/Src/freertos.o
 .debug_macro   0x0000000000011749      0x114 Core/Src/freertos.o
 .debug_macro   0x000000000001185d      0x1b2 Core/Src/freertos.o
 .debug_macro   0x0000000000011a0f       0x27 Core/Src/freertos.o
 .debug_macro   0x0000000000011a36      0x136 Core/Src/freertos.o
 .debug_macro   0x0000000000011b6c      0x1bc Core/Src/freertos.o
 .debug_macro   0x0000000000011d28       0x34 Core/Src/freertos.o
 .debug_macro   0x0000000000011d5c       0x3c Core/Src/freertos.o
 .debug_macro   0x0000000000011d98       0x57 Core/Src/freertos.o
 .debug_macro   0x0000000000011def       0x88 Core/Src/freertos.o
 .debug_macro   0x0000000000011e77      0x241 Core/Src/freertos.o
 .debug_macro   0x00000000000120b8      0x141 Core/Src/freertos.o
 .debug_macro   0x00000000000121f9      0x1ef Core/Src/freertos.o
 .debug_macro   0x00000000000123e8       0xec Core/Src/freertos.o
 .debug_macro   0x00000000000124d4      0x217 Core/Src/freertos.o
 .debug_macro   0x00000000000126eb      0x88b Core/Src/freertos.o
 .debug_macro   0x0000000000012f76       0x83 Core/Src/freertos.o
 .debug_macro   0x0000000000012ff9      0x148 Core/Src/freertos.o
 .debug_macro   0x0000000000013141      0x23d Core/Src/main.o
 .debug_macro   0x000000000001337e       0x5b Core/Src/main.o
 .debug_macro   0x00000000000133d9       0x74 Core/Src/main.o
 .debug_macro   0x000000000001344d      0x138 Core/Src/main.o
 .debug_macro   0x0000000000013585       0xdd Core/Src/main.o
 .debug_macro   0x0000000000013662       0x18 Core/Src/main.o
 .debug_macro   0x000000000001367a      0x1bd Core/Src/stm32f1xx_hal_msp.o
 .debug_macro   0x0000000000013837      0x1ae Core/Src/stm32f1xx_hal_timebase_tim.o
 .debug_macro   0x00000000000139e5      0x22f Core/Src/stm32f1xx_it.o
 .debug_macro   0x0000000000013c14      0x1b4 Core/Src/system_stm32f1xx.o
 .debug_macro   0x0000000000013dc8      0x1d2 Drivers/STM32F1xx_HAL_Driver/Src/stm32f1xx_hal.o
 .debug_macro   0x0000000000013f9a      0x1ae Drivers/STM32F1xx_HAL_Driver/Src/stm32f1xx_hal_cortex.o
 .debug_macro   0x0000000000014148      0x1ae Drivers/STM32F1xx_HAL_Driver/Src/stm32f1xx_hal_dma.o
 .debug_macro   0x00000000000142f6      0x219 Drivers/STM32F1xx_HAL_Driver/Src/stm32f1xx_hal_gpio.o
 .debug_macro   0x000000000001450f      0x20e Drivers/STM32F1xx_HAL_Driver/Src/stm32f1xx_hal_pwr.o
 .debug_macro   0x000000000001471d      0x1c0 Drivers/STM32F1xx_HAL_Driver/Src/stm32f1xx_hal_rcc.o
 .debug_macro   0x00000000000148dd      0x1ae Drivers/STM32F1xx_HAL_Driver/Src/stm32f1xx_hal_rcc_ex.o
 .debug_macro   0x0000000000014a8b      0x1bd Drivers/STM32F1xx_HAL_Driver/Src/stm32f1xx_hal_rtc.o
 .debug_macro   0x0000000000014c48      0x1b6 Drivers/STM32F1xx_HAL_Driver/Src/stm32f1xx_hal_spi.o
 .debug_macro   0x0000000000014dfe      0x1af Drivers/STM32F1xx_HAL_Driver/Src/stm32f1xx_hal_tim.o
 .debug_macro   0x0000000000014fad      0x1ae Drivers/STM32F1xx_HAL_Driver/Src/stm32f1xx_hal_tim_ex.o
 .debug_macro   0x000000000001515b      0x23a Middlewares/Third_Party/FreeRTOS/Source/CMSIS_RTOS_V2/cmsis_os2.o
 .debug_macro   0x0000000000015395       0x10 Middlewares/Third_Party/FreeRTOS/Source/CMSIS_RTOS_V2/cmsis_os2.o
 .debug_macro   0x00000000000153a5       0x20 Middlewares/Third_Party/FreeRTOS/Source/CMSIS_RTOS_V2/cmsis_os2.o
 .debug_macro   0x00000000000153c5       0x10 Middlewares/Third_Party/FreeRTOS/Source/CMSIS_RTOS_V2/cmsis_os2.o
 .debug_macro   0x00000000000153d5       0xb7 Middlewares/Third_Party/FreeRTOS/Source/CMSIS_RTOS_V2/cmsis_os2.o
 .debug_macro   0x000000000001548c       0x91 Middlewares/Third_Party/FreeRTOS/Source/CMSIS_RTOS_V2/cmsis_os2.o
 .debug_macro   0x000000000001551d       0x8d Middlewares/Third_Party/FreeRTOS/Source/CMSIS_RTOS_V2/cmsis_os2.o
 .debug_macro   0x00000000000155aa       0x9a Middlewares/Third_Party/FreeRTOS/Source/CMSIS_RTOS_V2/cmsis_os2.o
 .debug_macro   0x0000000000015644      0x17a Middlewares/Third_Party/FreeRTOS/Source/list.o
 .debug_macro   0x00000000000157be      0x205 Middlewares/Third_Party/FreeRTOS/Source/queue.o
 .debug_macro   0x00000000000159c3       0x16 Middlewares/Third_Party/FreeRTOS/Source/queue.o
 .debug_macro   0x00000000000159d9      0x1d3 Middlewares/Third_Party/FreeRTOS/Source/stream_buffer.o
 .debug_macro   0x0000000000015bac       0x46 Middlewares/Third_Party/FreeRTOS/Source/stream_buffer.o
 .debug_macro   0x0000000000015bf2      0x27a Middlewares/Third_Party/FreeRTOS/Source/tasks.o
 .debug_macro   0x0000000000015e6c       0x10 Middlewares/Third_Party/FreeRTOS/Source/tasks.o
 .debug_macro   0x0000000000015e7c      0x1bd Middlewares/Third_Party/FreeRTOS/Source/timers.o
 .debug_macro   0x0000000000016039      0x172 Middlewares/Third_Party/FreeRTOS/Source/portable/GCC/ARM_CM3/port.o
 .debug_macro   0x00000000000161ab      0x1a1 Middlewares/Third_Party/FreeRTOS/Source/portable/MemMang/heap_4.o

.debug_line     0x0000000000000000    0x115ff
 .debug_line    0x0000000000000000      0x76e Core/Src/freertos.o
 .debug_line    0x000000000000076e      0x96f Core/Src/main.o
 .debug_line    0x00000000000010dd      0x705 Core/Src/stm32f1xx_hal_msp.o
 .debug_line    0x00000000000017e2      0x69a Core/Src/stm32f1xx_hal_timebase_tim.o
 .debug_line    0x0000000000001e7c      0x856 Core/Src/stm32f1xx_it.o
 .debug_line    0x00000000000026d2      0x697 Core/Src/system_stm32f1xx.o
 .debug_line    0x0000000000002d69       0x84 Core/Startup/startup_stm32f103c8tx.o
 .debug_line    0x0000000000002ded      0x83f Drivers/STM32F1xx_HAL_Driver/Src/stm32f1xx_hal.o
 .debug_line    0x000000000000362c      0x918 Drivers/STM32F1xx_HAL_Driver/Src/stm32f1xx_hal_cortex.o
 .debug_line    0x0000000000003f44      0xaa6 Drivers/STM32F1xx_HAL_Driver/Src/stm32f1xx_hal_dma.o
 .debug_line    0x00000000000049ea      0x83f Drivers/STM32F1xx_HAL_Driver/Src/stm32f1xx_hal_gpio.o
 .debug_line    0x0000000000005229      0x7e4 Drivers/STM32F1xx_HAL_Driver/Src/stm32f1xx_hal_pwr.o
 .debug_line    0x0000000000005a0d      0x901 Drivers/STM32F1xx_HAL_Driver/Src/stm32f1xx_hal_rcc.o
 .debug_line    0x000000000000630e      0x71f Drivers/STM32F1xx_HAL_Driver/Src/stm32f1xx_hal_rcc_ex.o
 .debug_line    0x0000000000006a2d      0xaec Drivers/STM32F1xx_HAL_Driver/Src/stm32f1xx_hal_rtc.o
 .debug_line    0x0000000000007519     0x100d Drivers/STM32F1xx_HAL_Driver/Src/stm32f1xx_hal_spi.o
 .debug_line    0x0000000000008526     0x1705 Drivers/STM32F1xx_HAL_Driver/Src/stm32f1xx_hal_tim.o
 .debug_line    0x0000000000009c2b      0xc52 Drivers/STM32F1xx_HAL_Driver/Src/stm32f1xx_hal_tim_ex.o
 .debug_line    0x000000000000a87d     0x1e26 Middlewares/Third_Party/FreeRTOS/Source/CMSIS_RTOS_V2/cmsis_os2.o
 .debug_line    0x000000000000c6a3      0x66b Middlewares/Third_Party/FreeRTOS/Source/list.o
 .debug_line    0x000000000000cd0e     0x10f6 Middlewares/Third_Party/FreeRTOS/Source/queue.o
 .debug_line    0x000000000000de04      0xbe1 Middlewares/Third_Party/FreeRTOS/Source/stream_buffer.o
 .debug_line    0x000000000000e9e5     0x144a Middlewares/Third_Party/FreeRTOS/Source/tasks.o
 .debug_line    0x000000000000fe2f      0xa22 Middlewares/Third_Party/FreeRTOS/Source/timers.o
 .debug_line    0x0000000000010851      0x65d Middlewares/Third_Party/FreeRTOS/Source/portable/GCC/ARM_CM3/port.o
 .debug_line    0x0000000000010eae      0x751 Middlewares/Third_Party/FreeRTOS/Source/portable/MemMang/heap_4.o

.debug_str      0x0000000000000000    0x7d6ff
 .debug_str     0x0000000000000000    0x6f681 Core/Src/freertos.o
                                      0x6f982 (size before relaxing)
 .debug_str     0x000000000006f681     0x1ebb Core/Src/main.o
                                      0x70c44 (size before relaxing)
 .debug_str     0x000000000007153c       0xd9 Core/Src/stm32f1xx_hal_msp.o
                                      0x6cb3a (size before relaxing)
 .debug_str     0x0000000000071615       0xaa Core/Src/stm32f1xx_hal_timebase_tim.o
                                      0x6c393 (size before relaxing)
 .debug_str     0x00000000000716bf      0x106 Core/Src/stm32f1xx_it.o
                                      0x70027 (size before relaxing)
 .debug_str     0x00000000000717c5       0xc2 Core/Src/system_stm32f1xx.o
                                      0x6bcb1 (size before relaxing)
 .debug_str     0x0000000000071887       0x36 Core/Startup/startup_stm32f103c8tx.o
                                         0x8a (size before relaxing)
 .debug_str     0x00000000000718bd      0x37a Drivers/STM32F1xx_HAL_Driver/Src/stm32f1xx_hal.o
                                      0x6c2c2 (size before relaxing)
 .debug_str     0x0000000000071c37      0x2bf Drivers/STM32F1xx_HAL_Driver/Src/stm32f1xx_hal_cortex.o
                                      0x6c2d0 (size before relaxing)
 .debug_str     0x0000000000071ef6      0x23f Drivers/STM32F1xx_HAL_Driver/Src/stm32f1xx_hal_dma.o
                                      0x6c012 (size before relaxing)
 .debug_str     0x0000000000072135      0x2ff Drivers/STM32F1xx_HAL_Driver/Src/stm32f1xx_hal_gpio.o
                                      0x6bffb (size before relaxing)
 .debug_str     0x0000000000072434      0x519 Drivers/STM32F1xx_HAL_Driver/Src/stm32f1xx_hal_pwr.o
                                      0x6c19a (size before relaxing)
 .debug_str     0x000000000007294d      0x24d Drivers/STM32F1xx_HAL_Driver/Src/stm32f1xx_hal_rcc.o
                                      0x6c034 (size before relaxing)
 .debug_str     0x0000000000072b9a       0xb9 Drivers/STM32F1xx_HAL_Driver/Src/stm32f1xx_hal_rcc_ex.o
                                      0x6bdc1 (size before relaxing)
 .debug_str     0x0000000000072c53      0x36b Drivers/STM32F1xx_HAL_Driver/Src/stm32f1xx_hal_rtc.o
                                      0x6c147 (size before relaxing)
 .debug_str     0x0000000000072fbe      0x52f Drivers/STM32F1xx_HAL_Driver/Src/stm32f1xx_hal_spi.o
                                      0x6c522 (size before relaxing)
 .debug_str     0x00000000000734ed      0xd59 Drivers/STM32F1xx_HAL_Driver/Src/stm32f1xx_hal_tim.o
                                      0x6cdff (size before relaxing)
 .debug_str     0x0000000000074246      0x52f Drivers/STM32F1xx_HAL_Driver/Src/stm32f1xx_hal_tim_ex.o
                                      0x6c5ff (size before relaxing)
 .debug_str     0x0000000000074775     0x5744 Middlewares/Third_Party/FreeRTOS/Source/CMSIS_RTOS_V2/cmsis_os2.o
                                       0xdde4 (size before relaxing)
 .debug_str     0x0000000000079eb9      0x225 Middlewares/Third_Party/FreeRTOS/Source/list.o
                                       0xa437 (size before relaxing)
 .debug_str     0x000000000007a0de      0x8fd Middlewares/Third_Party/FreeRTOS/Source/queue.o
                                       0xbc5d (size before relaxing)
 .debug_str     0x000000000007a9db      0xb57 Middlewares/Third_Party/FreeRTOS/Source/stream_buffer.o
                                       0xb71c (size before relaxing)
 .debug_str     0x000000000007b532     0x1308 Middlewares/Third_Party/FreeRTOS/Source/tasks.o
                                       0xc8a1 (size before relaxing)
 .debug_str     0x000000000007c83a      0x586 Middlewares/Third_Party/FreeRTOS/Source/timers.o
                                       0xc189 (size before relaxing)
 .debug_str     0x000000000007cdc0      0x6ee Middlewares/Third_Party/FreeRTOS/Source/portable/GCC/ARM_CM3/port.o
                                       0x801b (size before relaxing)
 .debug_str     0x000000000007d4ae      0x251 Middlewares/Third_Party/FreeRTOS/Source/portable/MemMang/heap_4.o
                                       0xab5a (size before relaxing)

.comment        0x0000000000000000       0x7b
 .comment       0x0000000000000000       0x7b Core/Src/freertos.o
                                         0x7c (size before relaxing)
 .comment       0x000000000000007b       0x7c Core/Src/main.o
 .comment       0x000000000000007b       0x7c Core/Src/stm32f1xx_hal_msp.o
 .comment       0x000000000000007b       0x7c Core/Src/stm32f1xx_hal_timebase_tim.o
 .comment       0x000000000000007b       0x7c Core/Src/stm32f1xx_it.o
 .comment       0x000000000000007b       0x7c Core/Src/system_stm32f1xx.o
 .comment       0x000000000000007b       0x7c Drivers/STM32F1xx_HAL_Driver/Src/stm32f1xx_hal.o
 .comment       0x000000000000007b       0x7c Drivers/STM32F1xx_HAL_Driver/Src/stm32f1xx_hal_cortex.o
 .comment       0x000000000000007b       0x7c Drivers/STM32F1xx_HAL_Driver/Src/stm32f1xx_hal_dma.o
 .comment       0x000000000000007b       0x7c Drivers/STM32F1xx_HAL_Driver/Src/stm32f1xx_hal_gpio.o
 .comment       0x000000000000007b       0x7c Drivers/STM32F1xx_HAL_Driver/Src/stm32f1xx_hal_pwr.o
 .comment       0x000000000000007b       0x7c Drivers/STM32F1xx_HAL_Driver/Src/stm32f1xx_hal_rcc.o
 .comment       0x000000000000007b       0x7c Drivers/STM32F1xx_HAL_Driver/Src/stm32f1xx_hal_rcc_ex.o
 .comment       0x000000000000007b       0x7c Drivers/STM32F1xx_HAL_Driver/Src/stm32f1xx_hal_rtc.o
 .comment       0x000000000000007b       0x7c Drivers/STM32F1xx_HAL_Driver/Src/stm32f1xx_hal_spi.o
 .comment       0x000000000000007b       0x7c Drivers/STM32F1xx_HAL_Driver/Src/stm32f1xx_hal_tim.o
 .comment       0x000000000000007b       0x7c Drivers/STM32F1xx_HAL_Driver/Src/stm32f1xx_hal_tim_ex.o
 .comment       0x000000000000007b       0x7c Middlewares/Third_Party/FreeRTOS/Source/CMSIS_RTOS_V2/cmsis_os2.o
 .comment       0x000000000000007b       0x7c Middlewares/Third_Party/FreeRTOS/Source/list.o
 .comment       0x000000000000007b       0x7c Middlewares/Third_Party/FreeRTOS/Source/queue.o
 .comment       0x000000000000007b       0x7c Middlewares/Third_Party/FreeRTOS/Source/stream_buffer.o
 .comment       0x000000000000007b       0x7c Middlewares/Third_Party/FreeRTOS/Source/tasks.o
 .comment       0x000000000000007b       0x7c Middlewares/Third_Party/FreeRTOS/Source/timers.o
 .comment       0x000000000000007b       0x7c Middlewares/Third_Party/FreeRTOS/Source/portable/GCC/ARM_CM3/port.o
 .comment       0x000000000000007b       0x7c Middlewares/Third_Party/FreeRTOS/Source/portable/MemMang/heap_4.o

.debug_frame    0x0000000000000000     0x5bac
 .debug_frame   0x0000000000000000       0x50 Core/Src/freertos.o
 .debug_frame   0x0000000000000050      0x1fc Core/Src/main.o
 .debug_frame   0x000000000000024c      0x110 Core/Src/stm32f1xx_hal_msp.o
 .debug_frame   0x000000000000035c       0x74 Core/Src/stm32f1xx_hal_timebase_tim.o
 .debug_frame   0x00000000000003d0      0x174 Core/Src/stm32f1xx_it.o
 .debug_frame   0x0000000000000544       0x58 Core/Src/system_stm32f1xx.o
 .debug_frame   0x000000000000059c      0x334 Drivers/STM32F1xx_HAL_Driver/Src/stm32f1xx_hal.o
 .debug_frame   0x00000000000008d0      0x428 Drivers/STM32F1xx_HAL_Driver/Src/stm32f1xx_hal_cortex.o
 .debug_frame   0x0000000000000cf8      0x208 Drivers/STM32F1xx_HAL_Driver/Src/stm32f1xx_hal_dma.o
 .debug_frame   0x0000000000000f00      0x14c Drivers/STM32F1xx_HAL_Driver/Src/stm32f1xx_hal_gpio.o
 .debug_frame   0x000000000000104c      0x270 Drivers/STM32F1xx_HAL_Driver/Src/stm32f1xx_hal_pwr.o
 .debug_frame   0x00000000000012bc      0x21c Drivers/STM32F1xx_HAL_Driver/Src/stm32f1xx_hal_rcc.o
 .debug_frame   0x00000000000014d8       0x84 Drivers/STM32F1xx_HAL_Driver/Src/stm32f1xx_hal_rcc_ex.o
 .debug_frame   0x000000000000155c      0x434 Drivers/STM32F1xx_HAL_Driver/Src/stm32f1xx_hal_rtc.o
 .debug_frame   0x0000000000001990      0x824 Drivers/STM32F1xx_HAL_Driver/Src/stm32f1xx_hal_spi.o
 .debug_frame   0x00000000000021b4     0x10e8 Drivers/STM32F1xx_HAL_Driver/Src/stm32f1xx_hal_tim.o