main.c:97:5:main	8	static
main.c:179:6:SystemClock_Config	88	static
main.c:225:13:MX_RTC_Init	8	static
main.c:255:13:MX_SPI1_Init	8	static
main.c:293:13:MX_TIM1_Init	32	static
main.c:337:13:MX_DMA_Init	16	static
main.c:358:13:MX_GPIO_Init	40	static
main.c:439:6:Reset	8	static
main.c:445:6:Converst	8	static
main.c:451:7:Read	32	static
main.c:527:7:HAL_GPIO_EXTI_Callback	16	static
main.c:540:6:vAFunction	24	static
main.c:572:6:StartEnviaTask	40	static
main.c:630:6:HAL_TIM_PeriodElapsedCallback	16	static
main.c:650:6:Error_Handler	4	static
